Archive member included       because of file (symbol)

./lib/mac.a(star_nic.o)       /cygdrive/C/ZOTDWP2020_SDK_0.01/prod/zotdwp2020/build/obj/zotmain.o (star_nic_lan_init)
./lib/usb_host.a(usb.o)       /cygdrive/C/ZOTDWP2020_SDK_0.01/prod/zotdwp2020/build/obj/zotmain.o (usb_init)
./lib/usb_host.a(hub.o)       ./lib/usb_host.a(usb.o) (usb_hub_init)
./lib/usb_host.a(printer.o)   /cygdrive/C/ZOTDWP2020_SDK_0.01/prod/zotdwp2020/build/obj/zotmain.o (usblp_init)
./lib/usb_host.a(ehcihcd.o)   /cygdrive/C/ZOTDWP2020_SDK_0.01/prod/zotdwp2020/build/obj/zotmain.o (ehci_hcd_init)
./lib/usb_host.a(ehcihub.o)   ./lib/usb_host.a(ehcihcd.o) (ehci_hub_status_data)
./lib/usb_host.a(ehcimem.o)   ./lib/usb_host.a(ehcihcd.o) (ehci_mem_init)
./lib/usb_host.a(ehciq.o)     ./lib/usb_host.a(ehcihcd.o) (qh_completions)
./lib/usb_host.a(ehcische.o)  ./lib/usb_host.a(ehcihcd.o) (intr_submit)
./lib/usb_host.a(u2hcd.o)     ./lib/usb_host.a(ehciq.o) (usb_hcd_giveback_urb)
./lib/usb_host.a(ohci.o)      /cygdrive/C/ZOTDWP2020_SDK_0.01/prod/zotdwp2020/build/obj/zotmain.o (ohci_hcd_init)
./lib/usb_host.a(usbnet.o)    /cygdrive/C/ZOTDWP2020_SDK_0.01/prod/zotdwp2020/build/obj/zotmain.o (usbnet_init)
./lib/usb_host.a(hp1020.o)    ./lib/usb_host.a(printer.o) (HP1020_BIN)
./lib/psglobal.a(psmain.o)    /cygdrive/C/ZOTDWP2020_SDK_0.01/prod/zotdwp2020/build/obj/zotmain.o (ps_init)
./lib/psglobal.a(eeprom.o)    ./lib/usb_host.a(usbnet.o) (EEPROM_Data)
./lib/psglobal.a(rwflash.o)   ./lib/psglobal.a(eeprom.o) (WriteToFlash)
./lib/psglobal.a(led.o)       ./lib/usb_host.a(printer.o) (USB11LightToggle)
./lib/psglobal.a(pkdriver.o)  ./lib/usb_host.a(usbnet.o) (SendPacket)
./lib/psglobal.a(io.o)        /cygdrive/C/ZOTDWP2020_SDK_0.01/prod/zotdwp2020/build/obj/zotmain.o (CacheEnable)
./lib/psglobal.a(spiflash.o)  /cygdrive/C/ZOTDWP2020_SDK_0.01/prod/zotdwp2020/build/obj/zotmain.o (AT91F_SpiInit)
./lib/psglobal.a(crc32.o)     ./lib/psglobal.a(rwflash.o) (crc32)
./lib/psglobal.a(pm.o)        /cygdrive/C/ZOTDWP2020_SDK_0.01/prod/zotdwp2020/build/obj/zotmain.o (zot_idle_task_init)
./lib/psglobal.a(bridge.o)    ./lib/psglobal.a(pkdriver.o) (bdginit)
./lib/http_zot.a(endmark.o)   ./lib/psglobal.a(eeprom.o) (MyDataSize)
./lib/http_zot.a(httpd.o)     ./lib/psglobal.a(eeprom.o) (WebLangVersion)
./lib/http_zot.a(http_constant.o)
                              ./lib/http_zot.a(httpd.o) (wHdrs)
./lib/http_zot.a(gmtime.o)    ./lib/http_zot.a(httpd.o) (gmt_ptime)
./lib/http_zot.a(pfs.o)       ./lib/http_zot.a(httpd.o) (pDirList)
./lib/ipxbeui.a(ipx.o)        ./lib/psglobal.a(pkdriver.o) (IPXInput)
./lib/ipxbeui.a(netbeui.o)    ./lib/psglobal.a(pkdriver.o) (NT_NETBEUItoIPXInput)
./lib/ntps.a(ntps.o)          ./lib/psglobal.a(psmain.o) (NT3main)
./lib/ntps.a(ntudp.o)         ./lib/ntps.a(ntps.o) (NTRequestUDP)
./lib/ntps.a(ntutil.o)        ./lib/http_zot.a(httpd.o) (ANYESS)
./lib/ntps.a(ntipxbeui.o)     ./lib/ntps.a(ntps.o) (NTRequestECB)
./lib/spooler.a(prnport.o)    ./lib/usb_host.a(printer.o) (PortIO)
./lib/spooler.a(prnqueue.o)   ./lib/http_zot.a(httpd.o) (PrnUsedMessage)
./lib/novell.a(nps3.o)        ./lib/psglobal.a(psmain.o) (NovellPrintServerInit)
./lib/novell.a(banner.o)      ./lib/novell.a(nps3.o) (BannerData)
./lib/nds.a(nwcrypt.o)        ./lib/novell.a(nps3.o) (shuffle)
./lib/nds.a(ndsqueue.o)       ./lib/http_zot.a(httpd.o) (NDSConnectFlag)
./lib/nds.a(ndsmain.o)        ./lib/psglobal.a(psmain.o) (NDSmain)
./lib/nds.a(ndslogin.o)       ./lib/nds.a(ndsqueue.o) (NDSResolveName)
./lib/nds.a(mpilib.o)         ./lib/nds.a(ndslogin.o) (global_precision)
./lib/nds.a(ndscrypt.o)       ./lib/nds.a(ndslogin.o) (nwencrypt)
./lib/lpd.a(lpd.o)            ./lib/psglobal.a(psmain.o) (lpdstart)
./lib/rawtcpd.a(rawtcpd.o)    ./lib/psglobal.a(psmain.o) (rawtcpd)
./lib/ippd.a(ippd.o)          ./lib/http_zot.a(httpd.o) (ippd)
./lib/ippd.a(ippd_constant.o)
                              ./lib/ippd.a(ippd.o) (AttribTAG)
./lib/telnet.a(telserv.o)     ./lib/psglobal.a(psmain.o) (telnetstart)
./lib/telnet.a(telutil.o)     ./lib/telnet.a(telserv.o) (QuitMenu)
./lib/telnet.a(menu.o)        ./lib/telnet.a(telserv.o) (mainmenu)
./lib/tftp_zot.a(tftpd.o)     ./lib/psglobal.a(psmain.o) (tftpd)
./lib/tcpip.a(etharp.o)       ./lib/psglobal.a(pkdriver.o) (etharp_tmr)
./lib/tcpip.a(tcpip.o)        ./lib/http_zot.a(httpd.o) (Network_TCPIP_ON)
./lib/tcpip.a(ip.o)           ./lib/tcpip.a(tcpip.o) (ip_input)
./lib/tcpip.a(icmp.o)         ./lib/tcpip.a(ip.o) (icmp_input)
./lib/tcpip.a(ip_addr.o)      ./lib/tcpip.a(ip.o) (ip_addr_broadcast)
./lib/tcpip.a(ip_frag.o)      ./lib/tcpip.a(ip.o) (ip_reass)
./lib/tcpip.a(sockets.o)      ./lib/http_zot.a(httpd.o) (lwip_accept)
./lib/tcpip.a(api_lib.o)      ./lib/tcpip.a(sockets.o) (netbuf_copy_partial)
./lib/tcpip.a(api_msg.o)      ./lib/tcpip.a(tcpip.o) (api_msg_input)
./lib/tcpip.a(mem.o)          ./lib/tcpip.a(tcpip.o) (mem_init)
[...]
Memory Configuration

Name             Origin             Length             Attributes
ram              0x00000000         0x00800000
*default*        0x00000000         0xffffffff

Linker script and memory map

LOAD /cygdrive/C/ZOTDWP2020_SDK_0.01/ecos/ecos_install/lib/vectors.o
LOAD /cygdrive/C/ZOTDWP2020_SDK_0.01/prod/zotdwp2020/build/obj/zotmain.o
LOAD ./lib/mac.a
LOAD ./lib/usb_host.a
LOAD ./lib/psglobal.a
LOAD ./lib/http_zot.a
LOAD ./lib/ipxbeui.a
LOAD ./lib/ntps.a
LOAD ./lib/spooler.a
LOAD ./lib/novell.a
LOAD ./lib/nds.a
LOAD ./lib/lpd.a
LOAD ./lib/rawtcpd.a
LOAD ./lib/ippd.a
LOAD ./lib/smbd.a
LOAD ./lib/telnet.a
LOAD ./lib/tftp_zot.a
LOAD ./lib/tcpip.a
LOAD ./lib/atalk.a
LOAD ./lib/snmp.a
LOAD ./lib/psutility.a
LOAD ./lib/uart.a
LOAD ./lib/rt3070.a
LOAD ./lib/rendezvous.a
LOAD /cygdrive/C/ZOTDWP2020_SDK_0.01/ecos/ecos_install/lib/extras.o
START GROUP
LOAD /cygdrive/C/ZOTDWP2020_SDK_0.01/ecos/ecos_install/lib/libtarget.a
LOAD /tools/H-i686-pc-cygwin/lib/gcc-lib/arm-elf/2.95.2/libgcc.a
END GROUP

.debug_aranges  0x00000000     0x1a50
 *(.debug_aranges)
 .debug_aranges
                0x00000000      0x178 /cygdrive/C/ZOTDWP2020_SDK_0.01/ecos/ecos_install/lib/extras.o
 .debug_aranges
                0x00000178       0x28 /cygdrive/C/ZOTDWP2020_SDK_0.01/ecos/ecos_install/lib/libtarget.a(infra_startup.o)
 .debug_aranges
                0x000001a0       0x28 /cygdrive/C/ZOTDWP2020_SDK_0.01/ecos/ecos_install/lib/libtarget.a(infra_prestart.o)
 .debug_aranges
                0x000001c8       0x28 /cygdrive/C/ZOTDWP2020_SDK_0.01/ecos/ecos_install/lib/libtarget.a(infra_pkgstart.o)
 .debug_aranges
                0x000001f0       0x88 /cygdrive/C/ZOTDWP2020_SDK_0.01/ecos/ecos_install/lib/libtarget.a(infra_diag.o)
 .debug_aranges
                0x00000278       0x28 /cygdrive/C/ZOTDWP2020_SDK_0.01/ecos/ecos_install/lib/libtarget.a(infra_memcpy.o)
 .debug_aranges
                0x000002a0       0x28 /cygdrive/C/ZOTDWP2020_SDK_0.01/ecos/ecos_install/lib/libtarget.a(infra_memset.o)
 .debug_aranges
                0x000002c8      0x3a0 /cygdrive/C/ZOTDWP2020_SDK_0.01/ecos/ecos_install/lib/libtarget.a(kernel_kapi.o)
 .debug_aranges
                0x00000668       0xf8 /cygdrive/C/ZOTDWP2020_SDK_0.01/ecos/ecos_install/lib/libtarget.a(kernel_thread.o)
 .debug_aranges
                0x00000760       0x60 /cygdrive/C/ZOTDWP2020_SDK_0.01/ecos/ecos_install/lib/libtarget.a(kernel_except.o)
 .debug_aranges
                0x000007c0       0xb0 /cygdrive/C/ZOTDWP2020_SDK_0.01/ecos/ecos_install/lib/libtarget.a(kernel_intr.o)
 .debug_aranges
                0x00000870       0xe0 /cygdrive/C/ZOTDWP2020_SDK_0.01/ecos/ecos_install/lib/libtarget.a(kernel_memfixed.o)
 .debug_aranges
                0x00000950       0xe8 /cygdrive/C/ZOTDWP2020_SDK_0.01/ecos/ecos_install/lib/libtarget.a(kernel_memvar.o)
 .debug_aranges
                0x00000a38       0xc8 /cygdrive/C/ZOTDWP2020_SDK_0.01/ecos/ecos_install/lib/libtarget.a(kernel_mlqueue.o)
 .debug_aranges
                0x00000b00       0x60 /cygdrive/C/ZOTDWP2020_SDK_0.01/ecos/ecos_install/lib/libtarget.a(kernel_sched.o)
 .debug_aranges
                0x00000b60       0x58 /cygdrive/C/ZOTDWP2020_SDK_0.01/ecos/ecos_install/lib/libtarget.a(kernel_cnt_sem.o)
 .debug_aranges
                0x00000bb8       0x58 /cygdrive/C/ZOTDWP2020_SDK_0.01/ecos/ecos_install/lib/libtarget.a(kernel_flag.o)
 .debug_aranges
                0x00000c10       0xb0 /cygdrive/C/ZOTDWP2020_SDK_0.01/ecos/ecos_install/lib/libtarget.a(kernel_mbox.o)
 .debug_aranges
                0x00000cc0       0x80 /cygdrive/C/ZOTDWP2020_SDK_0.01/ecos/ecos_install/lib/libtarget.a(kernel_mutex.o)
 .debug_aranges
                0x00000d40       0x28 /cygdrive/C/ZOTDWP2020_SDK_0.01/ecos/ecos_install/lib/libtarget.a(language_c_libc_isalnum.o)
 .debug_aranges
                0x00000d68       0x28 /cygdrive/C/ZOTDWP2020_SDK_0.01/ecos/ecos_install/lib/libtarget.a(language_c_libc_isalpha.o)
 .debug_aranges
                0x00000d90       0x28 /cygdrive/C/ZOTDWP2020_SDK_0.01/ecos/ecos_install/lib/libtarget.a(language_c_libc_isdigit.o)
 .debug_aranges
                0x00000db8       0x28 /cygdrive/C/ZOTDWP2020_SDK_0.01/ecos/ecos_install/lib/libtarget.a(language_c_libc_islower.o)
 .debug_aranges
                0x00000de0       0x28 /cygdrive/C/ZOTDWP2020_SDK_0.01/ecos/ecos_install/lib/libtarget.a(language_c_libc_isprint.o)
 .debug_aranges
                0x00000e08       0x28 /cygdrive/C/ZOTDWP2020_SDK_0.01/ecos/ecos_install/lib/libtarget.a(language_c_libc_isspace.o)
 .debug_aranges
                0x00000e30       0x28 /cygdrive/C/ZOTDWP2020_SDK_0.01/ecos/ecos_install/lib/libtarget.a(language_c_libc_isupper.o)
 .debug_aranges
                0x00000e58       0x28 /cygdrive/C/ZOTDWP2020_SDK_0.01/ecos/ecos_install/lib/libtarget.a(language_c_libc_isxdigit.o)
 .debug_aranges
                0x00000e80       0x28 /cygdrive/C/ZOTDWP2020_SDK_0.01/ecos/ecos_install/lib/libtarget.a(language_c_libc_toupper.o)
 .debug_aranges
                0x00000ea8       0x28 /cygdrive/C/ZOTDWP2020_SDK_0.01/ecos/ecos_install/lib/libtarget.a(language_c_libc_sprintf.o)
 .debug_aranges
                0x00000ed0       0x28 /cygdrive/C/ZOTDWP2020_SDK_0.01/ecos/ecos_install/lib/libtarget.a(language_c_libc_sscanf.o)
 .debug_aranges
                0x00000ef8       0x38 /cygdrive/C/ZOTDWP2020_SDK_0.01/ecos/ecos_install/lib/libtarget.a(language_c_libc_stderr.o)
 .debug_aranges
                0x00000f30       0x50 /cygdrive/C/ZOTDWP2020_SDK_0.01/ecos/ecos_install/lib/libtarget.a(language_c_libc_stdioinlines.o)
 .debug_aranges
                0x00000f80       0x28 /cygdrive/C/ZOTDWP2020_SDK_0.01/ecos/ecos_install/lib/libtarget.a(language_c_libc_stdiosupp.o)
 .debug_aranges
                0x00000fa8       0x38 /cygdrive/C/ZOTDWP2020_SDK_0.01/ecos/ecos_install/lib/libtarget.a(language_c_libc_stdout.o)
 .debug_aranges
                0x00000fe0       0x58 /cygdrive/C/ZOTDWP2020_SDK_0.01/ecos/ecos_install/lib/libtarget.a(language_c_libc_stream.o)
 .debug_aranges
                0x00001038       0x28 /cygdrive/C/ZOTDWP2020_SDK_0.01/ecos/ecos_install/lib/libtarget.a(language_c_libc_ungetc.o)
 .debug_aranges
                0x00001060       0x30 /cygdrive/C/ZOTDWP2020_SDK_0.01/ecos/ecos_install/lib/libtarget.a(language_c_libc_vsnprintf.o)
 .debug_aranges
                0x00001090       0x30 /cygdrive/C/ZOTDWP2020_SDK_0.01/ecos/ecos_install/lib/libtarget.a(language_c_libc_vsscanf.o)
 .debug_aranges
                0x000010c0       0x30 /cygdrive/C/ZOTDWP2020_SDK_0.01/ecos/ecos_install/lib/libtarget.a(language_c_libc_fgetc.o)
 .debug_aranges
                0x000010f0       0x28 /cygdrive/C/ZOTDWP2020_SDK_0.01/ecos/ecos_install/lib/libtarget.a(language_c_libc_fprintf.o)
 .debug_aranges
                0x00001118       0x30 /cygdrive/C/ZOTDWP2020_SDK_0.01/ecos/ecos_install/lib/libtarget.a(language_c_libc_fputc.o)
 .debug_aranges
                0x00001148       0x28 /cygdrive/C/ZOTDWP2020_SDK_0.01/ecos/ecos_install/lib/libtarget.a(language_c_libc_fputs.o)
 .debug_aranges
                0x00001170       0x28 /cygdrive/C/ZOTDWP2020_SDK_0.01/ecos/ecos_install/lib/libtarget.a(language_c_libc_printf.o)
 .debug_aranges
                0x00001198       0x30 /cygdrive/C/ZOTDWP2020_SDK_0.01/ecos/ecos_install/lib/libtarget.a(language_c_libc_vfnprintf.o)
 .debug_aranges
                0x000011c8       0x28 /cygdrive/C/ZOTDWP2020_SDK_0.01/ecos/ecos_install/lib/libtarget.a(language_c_libc_atoi.o)
 .debug_aranges
                0x000011f0       0x28 /cygdrive/C/ZOTDWP2020_SDK_0.01/ecos/ecos_install/lib/libtarget.a(language_c_libc_atol.o)
 .debug_aranges
                0x00001218       0x60 /cygdrive/C/ZOTDWP2020_SDK_0.01/ecos/ecos_install/lib/libtarget.a(language_c_libc_malloc.o)
 .debug_aranges
                0x00001278       0x38 /cygdrive/C/ZOTDWP2020_SDK_0.01/ecos/ecos_install/lib/libtarget.a(language_c_libc_rand.o)
 .debug_aranges
                0x000012b0       0x28 /cygdrive/C/ZOTDWP2020_SDK_0.01/ecos/ecos_install/lib/libtarget.a(language_c_libc_strtol.o)
 .debug_aranges
                0x000012d8       0x28 /cygdrive/C/ZOTDWP2020_SDK_0.01/ecos/ecos_install/lib/libtarget.a(language_c_libc_memchr.o)
 .debug_aranges
                0x00001300       0x28 /cygdrive/C/ZOTDWP2020_SDK_0.01/ecos/ecos_install/lib/libtarget.a(language_c_libc_memcmp.o)
 .debug_aranges
                0x00001328       0x28 /cygdrive/C/ZOTDWP2020_SDK_0.01/ecos/ecos_install/lib/libtarget.a(language_c_libc_memmove.o)
 .debug_aranges
                0x00001350       0x28 /cygdrive/C/ZOTDWP2020_SDK_0.01/ecos/ecos_install/lib/libtarget.a(language_c_libc_strcat.o)
 .debug_aranges
                0x00001378       0x28 /cygdrive/C/ZOTDWP2020_SDK_0.01/ecos/ecos_install/lib/libtarget.a(language_c_libc_strchr.o)
 .debug_aranges
                0x000013a0       0x28 /cygdrive/C/ZOTDWP2020_SDK_0.01/ecos/ecos_install/lib/libtarget.a(language_c_libc_strcmp.o)
 .debug_aranges
                0x000013c8       0x28 /cygdrive/C/ZOTDWP2020_SDK_0.01/ecos/ecos_install/lib/libtarget.a(language_c_libc_strcpy.o)
 .debug_aranges
                0x000013f0       0x28 /cygdrive/C/ZOTDWP2020_SDK_0.01/ecos/ecos_install/lib/libtarget.a(language_c_libc_strlen.o)
 .debug_aranges
                0x00001418       0x28 /cygdrive/C/ZOTDWP2020_SDK_0.01/ecos/ecos_install/lib/libtarget.a(language_c_libc_strncat.o)
 .debug_aranges
                0x00001440       0x28 /cygdrive/C/ZOTDWP2020_SDK_0.01/ecos/ecos_install/lib/libtarget.a(language_c_libc_strncmp.o)
 .debug_aranges
                0x00001468       0x28 /cygdrive/C/ZOTDWP2020_SDK_0.01/ecos/ecos_install/lib/libtarget.a(language_c_libc_strncpy.o)
 .debug_aranges
                0x00001490       0x28 /cygdrive/C/ZOTDWP2020_SDK_0.01/ecos/ecos_install/lib/libtarget.a(language_c_libc_strpbrk.o)
 .debug_aranges
                0x000014b8       0x28 /cygdrive/C/ZOTDWP2020_SDK_0.01/ecos/ecos_install/lib/libtarget.a(language_c_libc_strrchr.o)
 .debug_aranges
                0x000014e0       0x28 /cygdrive/C/ZOTDWP2020_SDK_0.01/ecos/ecos_install/lib/libtarget.a(language_c_libc_strspn.o)
 .debug_aranges
                0x00001508       0x28 /cygdrive/C/ZOTDWP2020_SDK_0.01/ecos/ecos_install/lib/libtarget.a(language_c_libc_strstr.o)
 .debug_aranges
                0x00001530       0x30 /cygdrive/C/ZOTDWP2020_SDK_0.01/ecos/ecos_install/lib/libtarget.a(language_c_libc_strtok.o)
 .debug_aranges
                0x00001560       0x28 /cygdrive/C/ZOTDWP2020_SDK_0.01/ecos/ecos_install/lib/libtarget.a(language_c_libc_ctime.o)
 .debug_aranges
                0x00001588       0x28 /cygdrive/C/ZOTDWP2020_SDK_0.01/ecos/ecos_install/lib/libtarget.a(language_c_libc_localtime.o)
 .debug_aranges
                0x000015b0       0x28 /cygdrive/C/ZOTDWP2020_SDK_0.01/ecos/ecos_install/lib/libtarget.a(language_c_libc_localtime_r.o)
 .debug_aranges
                0x000015d8       0x28 /cygdrive/C/ZOTDWP2020_SDK_0.01/ecos/ecos_install/lib/libtarget.a(language_c_libc_time.o)
 .debug_aranges
                0x00001600       0x40 /cygdrive/C/ZOTDWP2020_SDK_0.01/ecos/ecos_install/lib/libtarget.a(language_c_libc_timeutil.o)
 .debug_aranges
                0x00001640       0x48 /cygdrive/C/ZOTDWP2020_SDK_0.01/ecos/ecos_install/lib/libtarget.a(devs_wallclock_emulate.o)
 .debug_aranges
                0x00001688       0x28 /cygdrive/C/ZOTDWP2020_SDK_0.01/ecos/ecos_install/lib/libtarget.a(error_strerror.o)
 .debug_aranges
                0x000016b0       0x50 /cygdrive/C/ZOTDWP2020_SDK_0.01/ecos/ecos_install/lib/libtarget.a(hal_arm_arch_hal_misc.o)
 .debug_aranges
                0x00001700       0xa0 /cygdrive/C/ZOTDWP2020_SDK_0.01/ecos/ecos_install/lib/libtarget.a(hal_arm_zot716u2_zot716u2_misc.o)
 .debug_aranges
                0x000017a0       0x48 /cygdrive/C/ZOTDWP2020_SDK_0.01/ecos/ecos_install/lib/libtarget.a(hal_arm_zot716u2_hal_diag.o)
 .debug_aranges
                0x000017e8       0x30 /cygdrive/C/ZOTDWP2020_SDK_0.01/ecos/ecos_install/lib/libtarget.a(infra_delete.o)
 .debug_aranges
                0x00001818       0xd0 /cygdrive/C/ZOTDWP2020_SDK_0.01/ecos/ecos_install/lib/libtarget.a(kernel_clock.o)
 .debug_aranges
                0x000018e8       0x28 /cygdrive/C/ZOTDWP2020_SDK_0.01/ecos/ecos_install/lib/libtarget.a(language_c_libc_setvbuf.o)
 .debug_aranges
                0x00001910       0x38 /cygdrive/C/ZOTDWP2020_SDK_0.01/ecos/ecos_install/lib/libtarget.a(language_c_libc_stdin.o)
 .debug_aranges
                0x00001948       0x28 /cygdrive/C/ZOTDWP2020_SDK_0.01/ecos/ecos_install/lib/libtarget.a(language_c_libc_div.o)
 .debug_aranges
                0x00001970       0x28 /cygdrive/C/ZOTDWP2020_SDK_0.01/ecos/ecos_install/lib/libtarget.a(language_c_libc_asctime.o)
 .debug_aranges
                0x00001998       0x28 /cygdrive/C/ZOTDWP2020_SDK_0.01/ecos/ecos_install/lib/libtarget.a(language_c_libc_asctime_r.o)
 .debug_aranges
                0x000019c0       0x28 /cygdrive/C/ZOTDWP2020_SDK_0.01/ecos/ecos_install/lib/libtarget.a(language_c_libc_gmtime_r.o)
 .debug_aranges
                0x000019e8       0x28 /cygdrive/C/ZOTDWP2020_SDK_0.01/ecos/ecos_install/lib/libtarget.a(language_c_libc_itoa.o)
 .debug_aranges
                0x00001a10       0x20 /tools/H-i686-pc-cygwin/lib/gcc-lib/arm-elf/2.95.2/libgcc.a(_udivdi3.o)
 .debug_aranges
                0x00001a30       0x20 /tools/H-i686-pc-cygwin/lib/gcc-lib/arm-elf/2.95.2/libgcc.a(_umoddi3.o)

.debug_pubnames
                0x00000000     0x37d0
 *(.debug_pubnames)
 .debug_pubnames
                0x00000000      0x10b /cygdrive/C/ZOTDWP2020_SDK_0.01/ecos/ecos_install/lib/extras.o
 .debug_pubnames
                0x0000010b       0x20 /cygdrive/C/ZOTDWP2020_SDK_0.01/ecos/ecos_install/lib/libtarget.a(infra_startup.o)
 .debug_pubnames
                0x0000012b       0x23 /cygdrive/C/ZOTDWP2020_SDK_0.01/ecos/ecos_install/lib/libtarget.a(infra_prestart.o)
 .debug_pubnames
                0x0000014e       0x28 /cygdrive/C/ZOTDWP2020_SDK_0.01/ecos/ecos_install/lib/libtarget.a(infra_pkgstart.o)
 .debug_pubnames
                0x00000176       0xb6 /cygdrive/C/ZOTDWP2020_SDK_0.01/ecos/ecos_install/lib/libtarget.a(infra_diag.o)
 .debug_pubnames
                0x0000022c       0x1e /cygdrive/C/ZOTDWP2020_SDK_0.01/ecos/ecos_install/lib/libtarget.a(infra_memcpy.o)
 .debug_pubnames
                0x0000024a       0x1e /cygdrive/C/ZOTDWP2020_SDK_0.01/ecos/ecos_install/lib/libtarget.a(infra_memset.o)
 .debug_pubnames
                0x00000268      0xaa6 /cygdrive/C/ZOTDWP2020_SDK_0.01/ecos/ecos_install/lib/libtarget.a(kernel_kapi.o)
 .debug_pubnames
                0x00000d0e      0x2ce /cygdrive/C/ZOTDWP2020_SDK_0.01/ecos/ecos_install/lib/libtarget.a(kernel_thread.o)
 .debug_pubnames
                0x00000fdc      0x10b /cygdrive/C/ZOTDWP2020_SDK_0.01/ecos/ecos_install/lib/libtarget.a(kernel_except.o)
 .debug_pubnames
                0x000010e7      0x25d /cygdrive/C/ZOTDWP2020_SDK_0.01/ecos/ecos_install/lib/libtarget.a(kernel_intr.o)
 .debug_pubnames
                0x00001344      0x4b1 /cygdrive/C/ZOTDWP2020_SDK_0.01/ecos/ecos_install/lib/libtarget.a(kernel_memfixed.o)
 .debug_pubnames
                0x000017f5      0x550 /cygdrive/C/ZOTDWP2020_SDK_0.01/ecos/ecos_install/lib/libtarget.a(kernel_memvar.o)
 .debug_pubnames
                0x00001d45      0x400 /cygdrive/C/ZOTDWP2020_SDK_0.01/ecos/ecos_install/lib/libtarget.a(kernel_mlqueue.o)
 .debug_pubnames
                0x00002145       0xe3 /cygdrive/C/ZOTDWP2020_SDK_0.01/ecos/ecos_install/lib/libtarget.a(kernel_sched.o)
 .debug_pubnames
                0x00002228      0x121 /cygdrive/C/ZOTDWP2020_SDK_0.01/ecos/ecos_install/lib/libtarget.a(kernel_cnt_sem.o)
 .debug_pubnames
                0x00002349       0xa7 /cygdrive/C/ZOTDWP2020_SDK_0.01/ecos/ecos_install/lib/libtarget.a(kernel_flag.o)
 .debug_pubnames
                0x000023f0      0x1fd /cygdrive/C/ZOTDWP2020_SDK_0.01/ecos/ecos_install/lib/libtarget.a(kernel_mbox.o)
 .debug_pubnames
                0x000025ed      0x18f /cygdrive/C/ZOTDWP2020_SDK_0.01/ecos/ecos_install/lib/libtarget.a(kernel_mutex.o)
 .debug_pubnames
                0x0000277c       0x1f /cygdrive/C/ZOTDWP2020_SDK_0.01/ecos/ecos_install/lib/libtarget.a(language_c_libc_isalnum.o)
 .debug_pubnames
                0x0000279b       0x1f /cygdrive/C/ZOTDWP2020_SDK_0.01/ecos/ecos_install/lib/libtarget.a(language_c_libc_isalpha.o)
 .debug_pubnames
                0x000027ba       0x1f /cygdrive/C/ZOTDWP2020_SDK_0.01/ecos/ecos_install/lib/libtarget.a(language_c_libc_isdigit.o)
 .debug_pubnames
                0x000027d9       0x1f /cygdrive/C/ZOTDWP2020_SDK_0.01/ecos/ecos_install/lib/libtarget.a(language_c_libc_islower.o)
 .debug_pubnames
                0x000027f8       0x1f /cygdrive/C/ZOTDWP2020_SDK_0.01/ecos/ecos_install/lib/libtarget.a(language_c_libc_isprint.o)
 .debug_pubnames
                0x00002817       0x1f /cygdrive/C/ZOTDWP2020_SDK_0.01/ecos/ecos_install/lib/libtarget.a(language_c_libc_isspace.o)
 .debug_pubnames
                0x00002836       0x1f /cygdrive/C/ZOTDWP2020_SDK_0.01/ecos/ecos_install/lib/libtarget.a(language_c_libc_isupper.o)
 .debug_pubnames
                0x00002855       0x20 /cygdrive/C/ZOTDWP2020_SDK_0.01/ecos/ecos_install/lib/libtarget.a(language_c_libc_isxdigit.o)
 .debug_pubnames
                0x00002875       0x1f /cygdrive/C/ZOTDWP2020_SDK_0.01/ecos/ecos_install/lib/libtarget.a(language_c_libc_toupper.o)
 .debug_pubnames
                0x00002894       0x1c /cygdrive/C/ZOTDWP2020_SDK_0.01/ecos/ecos_install/lib/libtarget.a(language_c_libc_errno.o)
 .debug_pubnames
                0x000028b0       0x1f /cygdrive/C/ZOTDWP2020_SDK_0.01/ecos/ecos_install/lib/libtarget.a(language_c_libc_sprintf.o)
 .debug_pubnames
                0x000028cf       0x1e /cygdrive/C/ZOTDWP2020_SDK_0.01/ecos/ecos_install/lib/libtarget.a(language_c_libc_sscanf.o)
 .debug_pubnames
                0x000028ed       0x2c /cygdrive/C/ZOTDWP2020_SDK_0.01/ecos/ecos_install/lib/libtarget.a(language_c_libc_stderr.o)
 .debug_pubnames
                0x00002919       0x5d /cygdrive/C/ZOTDWP2020_SDK_0.01/ecos/ecos_install/lib/libtarget.a(language_c_libc_stdioinlines.o)
 .debug_pubnames
                0x00002976       0x33 /cygdrive/C/ZOTDWP2020_SDK_0.01/ecos/ecos_install/lib/libtarget.a(language_c_libc_stdiosupp.o)
 .debug_pubnames
                0x000029a9       0x2c /cygdrive/C/ZOTDWP2020_SDK_0.01/ecos/ecos_install/lib/libtarget.a(language_c_libc_stdout.o)
 .debug_pubnames
                0x000029d5       0xfd /cygdrive/C/ZOTDWP2020_SDK_0.01/ecos/ecos_install/lib/libtarget.a(language_c_libc_stream.o)
 .debug_pubnames
                0x00002ad2       0x1e /cygdrive/C/ZOTDWP2020_SDK_0.01/ecos/ecos_install/lib/libtarget.a(language_c_libc_ungetc.o)
 .debug_pubnames
                0x00002af0       0x21 /cygdrive/C/ZOTDWP2020_SDK_0.01/ecos/ecos_install/lib/libtarget.a(language_c_libc_vsnprintf.o)
 .debug_pubnames
                0x00002b11       0x1f /cygdrive/C/ZOTDWP2020_SDK_0.01/ecos/ecos_install/lib/libtarget.a(language_c_libc_vsscanf.o)
 .debug_pubnames
                0x00002b30       0x2c /cygdrive/C/ZOTDWP2020_SDK_0.01/ecos/ecos_install/lib/libtarget.a(language_c_libc_fgetc.o)
 .debug_pubnames
                0x00002b5c       0x1f /cygdrive/C/ZOTDWP2020_SDK_0.01/ecos/ecos_install/lib/libtarget.a(language_c_libc_fprintf.o)
 .debug_pubnames
                0x00002b7b       0x2c /cygdrive/C/ZOTDWP2020_SDK_0.01/ecos/ecos_install/lib/libtarget.a(language_c_libc_fputc.o)
 .debug_pubnames
                0x00002ba7       0x1d /cygdrive/C/ZOTDWP2020_SDK_0.01/ecos/ecos_install/lib/libtarget.a(language_c_libc_fputs.o)
 .debug_pubnames
                0x00002bc4       0x1e /cygdrive/C/ZOTDWP2020_SDK_0.01/ecos/ecos_install/lib/libtarget.a(language_c_libc_printf.o)
 .debug_pubnames
                0x00002be2       0x21 /cygdrive/C/ZOTDWP2020_SDK_0.01/ecos/ecos_install/lib/libtarget.a(language_c_libc_vfnprintf.o)
 .debug_pubnames
                0x00002c03       0x1c /cygdrive/C/ZOTDWP2020_SDK_0.01/ecos/ecos_install/lib/libtarget.a(language_c_libc_atoi.o)
 .debug_pubnames
                0x00002c1f       0x1c /cygdrive/C/ZOTDWP2020_SDK_0.01/ecos/ecos_install/lib/libtarget.a(language_c_libc_atol.o)
 .debug_pubnames
                0x00002c3b       0x7d /cygdrive/C/ZOTDWP2020_SDK_0.01/ecos/ecos_install/lib/libtarget.a(language_c_libc_malloc.o)
 .debug_pubnames
                0x00002cb8       0x33 /cygdrive/C/ZOTDWP2020_SDK_0.01/ecos/ecos_install/lib/libtarget.a(language_c_libc_rand.o)
 .debug_pubnames
                0x00002ceb       0x1e /cygdrive/C/ZOTDWP2020_SDK_0.01/ecos/ecos_install/lib/libtarget.a(language_c_libc_strtol.o)
 .debug_pubnames
                0x00002d09       0x1e /cygdrive/C/ZOTDWP2020_SDK_0.01/ecos/ecos_install/lib/libtarget.a(language_c_libc_memchr.o)
 .debug_pubnames
                0x00002d27       0x1e /cygdrive/C/ZOTDWP2020_SDK_0.01/ecos/ecos_install/lib/libtarget.a(language_c_libc_memcmp.o)
 .debug_pubnames
                0x00002d45       0x1f /cygdrive/C/ZOTDWP2020_SDK_0.01/ecos/ecos_install/lib/libtarget.a(language_c_libc_memmove.o)
 .debug_pubnames
                0x00002d64       0x1e /cygdrive/C/ZOTDWP2020_SDK_0.01/ecos/ecos_install/lib/libtarget.a(language_c_libc_strcat.o)
 .debug_pubnames
                0x00002d82       0x1e /cygdrive/C/ZOTDWP2020_SDK_0.01/ecos/ecos_install/lib/libtarget.a(language_c_libc_strchr.o)
 .debug_pubnames
                0x00002da0       0x1e /cygdrive/C/ZOTDWP2020_SDK_0.01/ecos/ecos_install/lib/libtarget.a(language_c_libc_strcmp.o)
 .debug_pubnames
                0x00002dbe       0x1e /cygdrive/C/ZOTDWP2020_SDK_0.01/ecos/ecos_install/lib/libtarget.a(language_c_libc_strcpy.o)
 .debug_pubnames
                0x00002ddc       0x1e /cygdrive/C/ZOTDWP2020_SDK_0.01/ecos/ecos_install/lib/libtarget.a(language_c_libc_strlen.o)
 .debug_pubnames
                0x00002dfa       0x1f /cygdrive/C/ZOTDWP2020_SDK_0.01/ecos/ecos_install/lib/libtarget.a(language_c_libc_strncat.o)
 .debug_pubnames
                0x00002e19       0x1f /cygdrive/C/ZOTDWP2020_SDK_0.01/ecos/ecos_install/lib/libtarget.a(language_c_libc_strncmp.o)
 .debug_pubnames
                0x00002e38       0x1f /cygdrive/C/ZOTDWP2020_SDK_0.01/ecos/ecos_install/lib/libtarget.a(language_c_libc_strncpy.o)
 .debug_pubnames
                0x00002e57       0x1f /cygdrive/C/ZOTDWP2020_SDK_0.01/ecos/ecos_install/lib/libtarget.a(language_c_libc_strpbrk.o)
 .debug_pubnames
                0x00002e76       0x1f /cygdrive/C/ZOTDWP2020_SDK_0.01/ecos/ecos_install/lib/libtarget.a(language_c_libc_strrchr.o)
 .debug_pubnames
                0x00002e95       0x1e /cygdrive/C/ZOTDWP2020_SDK_0.01/ecos/ecos_install/lib/libtarget.a(language_c_libc_strspn.o)
 .debug_pubnames
                0x00002eb3       0x1e /cygdrive/C/ZOTDWP2020_SDK_0.01/ecos/ecos_install/lib/libtarget.a(language_c_libc_strstr.o)
 .debug_pubnames
                0x00002ed1       0x4c /cygdrive/C/ZOTDWP2020_SDK_0.01/ecos/ecos_install/lib/libtarget.a(language_c_libc_strsuppt.o)
 .debug_pubnames
                0x00002f1d       0x2c /cygdrive/C/ZOTDWP2020_SDK_0.01/ecos/ecos_install/lib/libtarget.a(language_c_libc_strtok.o)
 .debug_pubnames
                0x00002f49       0x1e /cygdrive/C/ZOTDWP2020_SDK_0.01/ecos/ecos_install/lib/libtarget.a(language_c_libc_ctime.o)
 .debug_pubnames
                0x00002f67       0x42 /cygdrive/C/ZOTDWP2020_SDK_0.01/ecos/ecos_install/lib/libtarget.a(language_c_libc_localtime.o)
 .debug_pubnames
                0x00002fa9       0x24 /cygdrive/C/ZOTDWP2020_SDK_0.01/ecos/ecos_install/lib/libtarget.a(language_c_libc_localtime_r.o)
 .debug_pubnames
                0x00002fcd       0x1d /cygdrive/C/ZOTDWP2020_SDK_0.01/ecos/ecos_install/lib/libtarget.a(language_c_libc_time.o)
 .debug_pubnames
                0x00002fea      0x197 /cygdrive/C/ZOTDWP2020_SDK_0.01/ecos/ecos_install/lib/libtarget.a(language_c_libc_timeutil.o)
 .debug_pubnames
                0x00003181       0x7b /cygdrive/C/ZOTDWP2020_SDK_0.01/ecos/ecos_install/lib/libtarget.a(devs_wallclock_emulate.o)
 .debug_pubnames
                0x000031fc       0x20 /cygdrive/C/ZOTDWP2020_SDK_0.01/ecos/ecos_install/lib/libtarget.a(error_strerror.o)
 .debug_pubnames
                0x0000321c       0x99 /cygdrive/C/ZOTDWP2020_SDK_0.01/ecos/ecos_install/lib/libtarget.a(hal_arm_arch_hal_misc.o)
 .debug_pubnames
                0x000032b5      0x113 /cygdrive/C/ZOTDWP2020_SDK_0.01/ecos/ecos_install/lib/libtarget.a(hal_arm_zot716u2_zot716u2_misc.o)
 .debug_pubnames
                0x000033c8       0x53 /cygdrive/C/ZOTDWP2020_SDK_0.01/ecos/ecos_install/lib/libtarget.a(hal_arm_zot716u2_hal_diag.o)
 .debug_pubnames
                0x0000341b       0x3d /cygdrive/C/ZOTDWP2020_SDK_0.01/ecos/ecos_install/lib/libtarget.a(infra_delete.o)
 .debug_pubnames
                0x00003458      0x22d /cygdrive/C/ZOTDWP2020_SDK_0.01/ecos/ecos_install/lib/libtarget.a(kernel_clock.o)
 .debug_pubnames
                0x00003685       0x1f /cygdrive/C/ZOTDWP2020_SDK_0.01/ecos/ecos_install/lib/libtarget.a(language_c_libc_setvbuf.o)
 .debug_pubnames
                0x000036a4       0x2b /cygdrive/C/ZOTDWP2020_SDK_0.01/ecos/ecos_install/lib/libtarget.a(language_c_libc_stdin.o)
 .debug_pubnames
                0x000036cf       0x1c /cygdrive/C/ZOTDWP2020_SDK_0.01/ecos/ecos_install/lib/libtarget.a(language_c_libc_div.o)
 .debug_pubnames
                0x000036eb       0x3e /cygdrive/C/ZOTDWP2020_SDK_0.01/ecos/ecos_install/lib/libtarget.a(language_c_libc_asctime.o)
 .debug_pubnames
                0x00003729       0x22 /cygdrive/C/ZOTDWP2020_SDK_0.01/ecos/ecos_install/lib/libtarget.a(language_c_libc_asctime_r.o)
 .debug_pubnames
                0x0000374b       0x21 /cygdrive/C/ZOTDWP2020_SDK_0.01/ecos/ecos_install/lib/libtarget.a(language_c_libc_gmtime_r.o)
 .debug_pubnames
                0x0000376c       0x24 /cygdrive/C/ZOTDWP2020_SDK_0.01/ecos/ecos_install/lib/libtarget.a(language_c_libc_itoa.o)
 .debug_pubnames
                0x00003790       0x20 /tools/H-i686-pc-cygwin/lib/gcc-lib/arm-elf/2.95.2/libgcc.a(_udivdi3.o)
 .debug_pubnames
                0x000037b0       0x20 /tools/H-i686-pc-cygwin/lib/gcc-lib/arm-elf/2.95.2/libgcc.a(_umoddi3.o)

.debug_info     0x00000000    0xb9462
 *(.debug_info)
 .debug_info    0x00000000     0x9512 /cygdrive/C/ZOTDWP2020_SDK_0.01/ecos/ecos_install/lib/extras.o
 .debug_info    0x00009512     0x4d08 /cygdrive/C/ZOTDWP2020_SDK_0.01/ecos/ecos_install/lib/libtarget.a(infra_startup.o)
 .debug_info    0x0000e21a      0x3ee /cygdrive/C/ZOTDWP2020_SDK_0.01/ecos/ecos_install/lib/libtarget.a(infra_prestart.o)
 .debug_info    0x0000e608      0x3f3 /cygdrive/C/ZOTDWP2020_SDK_0.01/ecos/ecos_install/lib/libtarget.a(infra_pkgstart.o)
 .debug_info    0x0000e9fb      0xca1 /cygdrive/C/ZOTDWP2020_SDK_0.01/ecos/ecos_install/lib/libtarget.a(infra_diag.o)
 .debug_info    0x0000f69c      0x4b0 /cygdrive/C/ZOTDWP2020_SDK_0.01/ecos/ecos_install/lib/libtarget.a(infra_memcpy.o)
 .debug_info    0x0000fb4c      0x4b9 /cygdrive/C/ZOTDWP2020_SDK_0.01/ecos/ecos_install/lib/libtarget.a(infra_memset.o)
 .debug_info    0x00010005     0xd4a8 /cygdrive/C/ZOTDWP2020_SDK_0.01/ecos/ecos_install/lib/libtarget.a(kernel_kapi.o)
 .debug_info    0x0001d4ad     0x73e3 /cygdrive/C/ZOTDWP2020_SDK_0.01/ecos/ecos_install/lib/libtarget.a(kernel_thread.o)
 .debug_info    0x00024890     0x4ee3 /cygdrive/C/ZOTDWP2020_SDK_0.01/ecos/ecos_install/lib/libtarget.a(kernel_except.o)
 .debug_info    0x00029773     0x5d2b /cygdrive/C/ZOTDWP2020_SDK_0.01/ecos/ecos_install/lib/libtarget.a(kernel_intr.o)
 .debug_info    0x0002f49e     0x737d /cygdrive/C/ZOTDWP2020_SDK_0.01/ecos/ecos_install/lib/libtarget.a(kernel_memfixed.o)
 .debug_info    0x0003681b     0x78cf /cygdrive/C/ZOTDWP2020_SDK_0.01/ecos/ecos_install/lib/libtarget.a(kernel_memvar.o)
 .debug_info    0x0003e0ea     0x54d9 /cygdrive/C/ZOTDWP2020_SDK_0.01/ecos/ecos_install/lib/libtarget.a(kernel_mlqueue.o)
 .debug_info    0x000435c3     0x5693 /cygdrive/C/ZOTDWP2020_SDK_0.01/ecos/ecos_install/lib/libtarget.a(kernel_sched.o)
 .debug_info    0x00048c56     0x5e6f /cygdrive/C/ZOTDWP2020_SDK_0.01/ecos/ecos_install/lib/libtarget.a(kernel_cnt_sem.o)
 .debug_info    0x0004eac5     0x5e21 /cygdrive/C/ZOTDWP2020_SDK_0.01/ecos/ecos_install/lib/libtarget.a(kernel_flag.o)
 .debug_info    0x000548e6     0x7558 /cygdrive/C/ZOTDWP2020_SDK_0.01/ecos/ecos_install/lib/libtarget.a(kernel_mbox.o)
 .debug_info    0x0005be3e     0x6537 /cygdrive/C/ZOTDWP2020_SDK_0.01/ecos/ecos_install/lib/libtarget.a(kernel_mutex.o)
 .debug_info    0x00062375      0x3a1 /cygdrive/C/ZOTDWP2020_SDK_0.01/ecos/ecos_install/lib/libtarget.a(language_c_libc_isalnum.o)
 .debug_info    0x00062716      0x3a1 /cygdrive/C/ZOTDWP2020_SDK_0.01/ecos/ecos_install/lib/libtarget.a(language_c_libc_isalpha.o)
 .debug_info    0x00062ab7      0x3a1 /cygdrive/C/ZOTDWP2020_SDK_0.01/ecos/ecos_install/lib/libtarget.a(language_c_libc_isdigit.o)
 .debug_info    0x00062e58      0x3a1 /cygdrive/C/ZOTDWP2020_SDK_0.01/ecos/ecos_install/lib/libtarget.a(language_c_libc_islower.o)
 .debug_info    0x000631f9      0x3a1 /cygdrive/C/ZOTDWP2020_SDK_0.01/ecos/ecos_install/lib/libtarget.a(language_c_libc_isprint.o)
 .debug_info    0x0006359a      0x3a1 /cygdrive/C/ZOTDWP2020_SDK_0.01/ecos/ecos_install/lib/libtarget.a(language_c_libc_isspace.o)
 .debug_info    0x0006393b      0x3a1 /cygdrive/C/ZOTDWP2020_SDK_0.01/ecos/ecos_install/lib/libtarget.a(language_c_libc_isupper.o)
 .debug_info    0x00063cdc      0x3a3 /cygdrive/C/ZOTDWP2020_SDK_0.01/ecos/ecos_install/lib/libtarget.a(language_c_libc_isxdigit.o)
 .debug_info    0x0006407f      0x3a1 /cygdrive/C/ZOTDWP2020_SDK_0.01/ecos/ecos_install/lib/libtarget.a(language_c_libc_toupper.o)
 .debug_info    0x00064420      0x40b /cygdrive/C/ZOTDWP2020_SDK_0.01/ecos/ecos_install/lib/libtarget.a(language_c_libc_errno.o)
 .debug_info    0x0006482b     0x31ff /cygdrive/C/ZOTDWP2020_SDK_0.01/ecos/ecos_install/lib/libtarget.a(language_c_libc_sprintf.o)
 .debug_info    0x00067a2a     0x31fd /cygdrive/C/ZOTDWP2020_SDK_0.01/ecos/ecos_install/lib/libtarget.a(language_c_libc_sscanf.o)
 .debug_info    0x0006ac27     0x37f5 /cygdrive/C/ZOTDWP2020_SDK_0.01/ecos/ecos_install/lib/libtarget.a(language_c_libc_stderr.o)
 .debug_info    0x0006e41c     0x1384 /cygdrive/C/ZOTDWP2020_SDK_0.01/ecos/ecos_install/lib/libtarget.a(language_c_libc_stdiofiles.o)
 .debug_info    0x0006f7a0     0x3387 /cygdrive/C/ZOTDWP2020_SDK_0.01/ecos/ecos_install/lib/libtarget.a(language_c_libc_stdioinlines.o)
 .debug_info    0x00072b27     0x3202 /cygdrive/C/ZOTDWP2020_SDK_0.01/ecos/ecos_install/lib/libtarget.a(language_c_libc_stdiosupp.o)
 .debug_info    0x00075d29     0x37f5 /cygdrive/C/ZOTDWP2020_SDK_0.01/ecos/ecos_install/lib/libtarget.a(language_c_libc_stdout.o)
 .debug_info    0x0007951e     0x35e1 /cygdrive/C/ZOTDWP2020_SDK_0.01/ecos/ecos_install/lib/libtarget.a(language_c_libc_stream.o)
 .debug_info    0x0007caff     0x3235 /cygdrive/C/ZOTDWP2020_SDK_0.01/ecos/ecos_install/lib/libtarget.a(language_c_libc_ungetc.o)
 .debug_info    0x0007fd34     0x3348 /cygdrive/C/ZOTDWP2020_SDK_0.01/ecos/ecos_install/lib/libtarget.a(language_c_libc_vsnprintf.o)
 .debug_info    0x0008307c     0x3315 /cygdrive/C/ZOTDWP2020_SDK_0.01/ecos/ecos_install/lib/libtarget.a(language_c_libc_vsscanf.o)
 .debug_info    0x00086391     0x1189 /cygdrive/C/ZOTDWP2020_SDK_0.01/ecos/ecos_install/lib/libtarget.a(language_c_libc_fgetc.o)
 .debug_info    0x0008751a     0x320a /cygdrive/C/ZOTDWP2020_SDK_0.01/ecos/ecos_install/lib/libtarget.a(language_c_libc_fprintf.o)
 .debug_info    0x0008a724     0x11c2 /cygdrive/C/ZOTDWP2020_SDK_0.01/ecos/ecos_install/lib/libtarget.a(language_c_libc_fputc.o)
 .debug_info    0x0008b8e6     0x327d /cygdrive/C/ZOTDWP2020_SDK_0.01/ecos/ecos_install/lib/libtarget.a(language_c_libc_fputs.o)
 .debug_info    0x0008eb63     0x3211 /cygdrive/C/ZOTDWP2020_SDK_0.01/ecos/ecos_install/lib/libtarget.a(language_c_libc_printf.o)
 .debug_info    0x00091d74     0x1619 /cygdrive/C/ZOTDWP2020_SDK_0.01/ecos/ecos_install/lib/libtarget.a(language_c_libc_vfnprintf.o)
 .debug_info    0x0009338d      0x649 /cygdrive/C/ZOTDWP2020_SDK_0.01/ecos/ecos_install/lib/libtarget.a(language_c_libc_atoi.o)
 .debug_info    0x000939d6      0x649 /cygdrive/C/ZOTDWP2020_SDK_0.01/ecos/ecos_install/lib/libtarget.a(language_c_libc_atol.o)
 .debug_info    0x0009401f     0x5d9a /cygdrive/C/ZOTDWP2020_SDK_0.01/ecos/ecos_install/lib/libtarget.a(language_c_libc_malloc.o)
 .debug_info    0x00099db9      0x6d8 /cygdrive/C/ZOTDWP2020_SDK_0.01/ecos/ecos_install/lib/libtarget.a(language_c_libc_rand.o)
 .debug_info    0x0009a491      0x6e9 /cygdrive/C/ZOTDWP2020_SDK_0.01/ecos/ecos_install/lib/libtarget.a(language_c_libc_strtol.o)
 .debug_info    0x0009ab7a      0x54d /cygdrive/C/ZOTDWP2020_SDK_0.01/ecos/ecos_install/lib/libtarget.a(language_c_libc_memchr.o)
 .debug_info    0x0009b0c7      0x4fd /cygdrive/C/ZOTDWP2020_SDK_0.01/ecos/ecos_install/lib/libtarget.a(language_c_libc_memcmp.o)
 .debug_info    0x0009b5c4      0x4b1 /cygdrive/C/ZOTDWP2020_SDK_0.01/ecos/ecos_install/lib/libtarget.a(language_c_libc_memmove.o)
 .debug_info    0x0009ba75      0x4ff /cygdrive/C/ZOTDWP2020_SDK_0.01/ecos/ecos_install/lib/libtarget.a(language_c_libc_strcat.o)
 .debug_info    0x0009bf74      0x50e /cygdrive/C/ZOTDWP2020_SDK_0.01/ecos/ecos_install/lib/libtarget.a(language_c_libc_strchr.o)
 .debug_info    0x0009c482      0x531 /cygdrive/C/ZOTDWP2020_SDK_0.01/ecos/ecos_install/lib/libtarget.a(language_c_libc_strcmp.o)
 .debug_info    0x0009c9b3      0x521 /cygdrive/C/ZOTDWP2020_SDK_0.01/ecos/ecos_install/lib/libtarget.a(language_c_libc_strcpy.o)
 .debug_info    0x0009ced4      0x4fc /cygdrive/C/ZOTDWP2020_SDK_0.01/ecos/ecos_install/lib/libtarget.a(language_c_libc_strlen.o)
 .debug_info    0x0009d3d0      0x516 /cygdrive/C/ZOTDWP2020_SDK_0.01/ecos/ecos_install/lib/libtarget.a(language_c_libc_strncat.o)
 .debug_info    0x0009d8e6      0x51e /cygdrive/C/ZOTDWP2020_SDK_0.01/ecos/ecos_install/lib/libtarget.a(language_c_libc_strncmp.o)
 .debug_info    0x0009de04      0x538 /cygdrive/C/ZOTDWP2020_SDK_0.01/ecos/ecos_install/lib/libtarget.a(language_c_libc_strncpy.o)
 .debug_info    0x0009e33c      0x484 /cygdrive/C/ZOTDWP2020_SDK_0.01/ecos/ecos_install/lib/libtarget.a(language_c_libc_strpbrk.o)
 .debug_info    0x0009e7c0      0x492 /cygdrive/C/ZOTDWP2020_SDK_0.01/ecos/ecos_install/lib/libtarget.a(language_c_libc_strrchr.o)
 .debug_info    0x0009ec52      0x49f /cygdrive/C/ZOTDWP2020_SDK_0.01/ecos/ecos_install/lib/libtarget.a(language_c_libc_strspn.o)
 .debug_info    0x0009f0f1      0x4a0 /cygdrive/C/ZOTDWP2020_SDK_0.01/ecos/ecos_install/lib/libtarget.a(language_c_libc_strstr.o)
 .debug_info    0x0009f591      0x3c7 /cygdrive/C/ZOTDWP2020_SDK_0.01/ecos/ecos_install/lib/libtarget.a(language_c_libc_strsuppt.o)
 .debug_info    0x0009f958      0x541 /cygdrive/C/ZOTDWP2020_SDK_0.01/ecos/ecos_install/lib/libtarget.a(language_c_libc_strtok.o)
 .debug_info    0x0009fe99      0x7bc /cygdrive/C/ZOTDWP2020_SDK_0.01/ecos/ecos_install/lib/libtarget.a(language_c_libc_ctime.o)
 .debug_info    0x000a0655      0x7d3 /cygdrive/C/ZOTDWP2020_SDK_0.01/ecos/ecos_install/lib/libtarget.a(language_c_libc_localtime.o)
 .debug_info    0x000a0e28      0x80a /cygdrive/C/ZOTDWP2020_SDK_0.01/ecos/ecos_install/lib/libtarget.a(language_c_libc_localtime_r.o)
 .debug_info    0x000a1632      0x955 /cygdrive/C/ZOTDWP2020_SDK_0.01/ecos/ecos_install/lib/libtarget.a(language_c_libc_time.o)
 .debug_info    0x000a1f87      0xb89 /cygdrive/C/ZOTDWP2020_SDK_0.01/ecos/ecos_install/lib/libtarget.a(language_c_libc_timeutil.o)
 .debug_info    0x000a2b10     0x51b9 /cygdrive/C/ZOTDWP2020_SDK_0.01/ecos/ecos_install/lib/libtarget.a(devs_wallclock_emulate.o)
 .debug_info    0x000a7cc9      0x42e /cygdrive/C/ZOTDWP2020_SDK_0.01/ecos/ecos_install/lib/libtarget.a(error_strerror.o)
 .debug_info    0x000a80f7      0x6ca /cygdrive/C/ZOTDWP2020_SDK_0.01/ecos/ecos_install/lib/libtarget.a(hal_arm_arch_hal_misc.o)
 .debug_info    0x000a87c1      0xa45 /cygdrive/C/ZOTDWP2020_SDK_0.01/ecos/ecos_install/lib/libtarget.a(hal_arm_zot716u2_zot716u2_misc.o)
 .debug_info    0x000a9206      0x601 /cygdrive/C/ZOTDWP2020_SDK_0.01/ecos/ecos_install/lib/libtarget.a(hal_arm_zot716u2_hal_diag.o)
 .debug_info    0x000a9807      0x3e2 /cygdrive/C/ZOTDWP2020_SDK_0.01/ecos/ecos_install/lib/libtarget.a(infra_delete.o)
 .debug_info    0x000a9be9     0x63f3 /cygdrive/C/ZOTDWP2020_SDK_0.01/ecos/ecos_install/lib/libtarget.a(kernel_clock.o)
 .debug_info    0x000affdc     0x3215 /cygdrive/C/ZOTDWP2020_SDK_0.01/ecos/ecos_install/lib/libtarget.a(language_c_libc_setvbuf.o)
 .debug_info    0x000b31f1     0x37e8 /cygdrive/C/ZOTDWP2020_SDK_0.01/ecos/ecos_install/lib/libtarget.a(language_c_libc_stdin.o)
 .debug_info    0x000b69d9      0x64b /cygdrive/C/ZOTDWP2020_SDK_0.01/ecos/ecos_install/lib/libtarget.a(language_c_libc_div.o)
 .debug_info    0x000b7024      0x7e4 /cygdrive/C/ZOTDWP2020_SDK_0.01/ecos/ecos_install/lib/libtarget.a(language_c_libc_asctime.o)
 .debug_info    0x000b7808      0xadf /cygdrive/C/ZOTDWP2020_SDK_0.01/ecos/ecos_install/lib/libtarget.a(language_c_libc_asctime_r.o)
 .debug_info    0x000b82e7      0x88a /cygdrive/C/ZOTDWP2020_SDK_0.01/ecos/ecos_install/lib/libtarget.a(language_c_libc_gmtime_r.o)
 .debug_info    0x000b8b71      0x74f /cygdrive/C/ZOTDWP2020_SDK_0.01/ecos/ecos_install/lib/libtarget.a(language_c_libc_itoa.o)
 .debug_info    0x000b92c0       0x62 /tools/H-i686-pc-cygwin/lib/gcc-lib/arm-elf/2.95.2/libgcc.a(_ctors.o)
 .debug_info    0x000b9322       0xa0 /tools/H-i686-pc-cygwin/lib/gcc-lib/arm-elf/2.95.2/libgcc.a(_udivdi3.o)
 .debug_info    0x000b93c2       0xa0 /tools/H-i686-pc-cygwin/lib/gcc-lib/arm-elf/2.95.2/libgcc.a(_umoddi3.o)

.debug_abbrev   0x00000000     0xb870
 *(.debug_abbrev)
 .debug_abbrev  0x00000000      0x838 /cygdrive/C/ZOTDWP2020_SDK_0.01/ecos/ecos_install/lib/extras.o
 .debug_abbrev  0x00000838      0x404 /cygdrive/C/ZOTDWP2020_SDK_0.01/ecos/ecos_install/lib/libtarget.a(infra_startup.o)
 .debug_abbrev  0x00000c3c       0x70 /cygdrive/C/ZOTDWP2020_SDK_0.01/ecos/ecos_install/lib/libtarget.a(infra_prestart.o)
 .debug_abbrev  0x00000cac       0x70 /cygdrive/C/ZOTDWP2020_SDK_0.01/ecos/ecos_install/lib/libtarget.a(infra_pkgstart.o)
 .debug_abbrev  0x00000d1c      0x1fa /cygdrive/C/ZOTDWP2020_SDK_0.01/ecos/ecos_install/lib/libtarget.a(infra_diag.o)
 .debug_abbrev  0x00000f16       0xb0 /cygdrive/C/ZOTDWP2020_SDK_0.01/ecos/ecos_install/lib/libtarget.a(infra_memcpy.o)
 .debug_abbrev  0x00000fc6       0xb1 /cygdrive/C/ZOTDWP2020_SDK_0.01/ecos/ecos_install/lib/libtarget.a(infra_memset.o)
 .debug_abbrev  0x00001077      0x580 /cygdrive/C/ZOTDWP2020_SDK_0.01/ecos/ecos_install/lib/libtarget.a(kernel_kapi.o)
 .debug_abbrev  0x000015f7      0x57a /cygdrive/C/ZOTDWP2020_SDK_0.01/ecos/ecos_install/lib/libtarget.a(kernel_thread.o)
 .debug_abbrev  0x00001b71      0x49e /cygdrive/C/ZOTDWP2020_SDK_0.01/ecos/ecos_install/lib/libtarget.a(kernel_except.o)
 .debug_abbrev  0x0000200f      0x555 /cygdrive/C/ZOTDWP2020_SDK_0.01/ecos/ecos_install/lib/libtarget.a(kernel_intr.o)
 .debug_abbrev  0x00002564      0x4f4 /cygdrive/C/ZOTDWP2020_SDK_0.01/ecos/ecos_install/lib/libtarget.a(kernel_memfixed.o)
 .debug_abbrev  0x00002a58      0x518 /cygdrive/C/ZOTDWP2020_SDK_0.01/ecos/ecos_install/lib/libtarget.a(kernel_memvar.o)
 .debug_abbrev  0x00002f70      0x4be /cygdrive/C/ZOTDWP2020_SDK_0.01/ecos/ecos_install/lib/libtarget.a(kernel_mlqueue.o)
 .debug_abbrev  0x0000342e      0x502 /cygdrive/C/ZOTDWP2020_SDK_0.01/ecos/ecos_install/lib/libtarget.a(kernel_sched.o)
 .debug_abbrev  0x00003930      0x4c1 /cygdrive/C/ZOTDWP2020_SDK_0.01/ecos/ecos_install/lib/libtarget.a(kernel_cnt_sem.o)
 .debug_abbrev  0x00003df1      0x4df /cygdrive/C/ZOTDWP2020_SDK_0.01/ecos/ecos_install/lib/libtarget.a(kernel_flag.o)
 .debug_abbrev  0x000042d0      0x4bc /cygdrive/C/ZOTDWP2020_SDK_0.01/ecos/ecos_install/lib/libtarget.a(kernel_mbox.o)
 .debug_abbrev  0x0000478c      0x4df /cygdrive/C/ZOTDWP2020_SDK_0.01/ecos/ecos_install/lib/libtarget.a(kernel_mutex.o)
 .debug_abbrev  0x00004c6b       0x62 /cygdrive/C/ZOTDWP2020_SDK_0.01/ecos/ecos_install/lib/libtarget.a(language_c_libc_isalnum.o)
 .debug_abbrev  0x00004ccd       0x62 /cygdrive/C/ZOTDWP2020_SDK_0.01/ecos/ecos_install/lib/libtarget.a(language_c_libc_isalpha.o)
 .debug_abbrev  0x00004d2f       0x62 /cygdrive/C/ZOTDWP2020_SDK_0.01/ecos/ecos_install/lib/libtarget.a(language_c_libc_isdigit.o)
 .debug_abbrev  0x00004d91       0x62 /cygdrive/C/ZOTDWP2020_SDK_0.01/ecos/ecos_install/lib/libtarget.a(language_c_libc_islower.o)
 .debug_abbrev  0x00004df3       0x62 /cygdrive/C/ZOTDWP2020_SDK_0.01/ecos/ecos_install/lib/libtarget.a(language_c_libc_isprint.o)
 .debug_abbrev  0x00004e55       0x62 /cygdrive/C/ZOTDWP2020_SDK_0.01/ecos/ecos_install/lib/libtarget.a(language_c_libc_isspace.o)
 .debug_abbrev  0x00004eb7       0x62 /cygdrive/C/ZOTDWP2020_SDK_0.01/ecos/ecos_install/lib/libtarget.a(language_c_libc_isupper.o)
 .debug_abbrev  0x00004f19       0x62 /cygdrive/C/ZOTDWP2020_SDK_0.01/ecos/ecos_install/lib/libtarget.a(language_c_libc_isxdigit.o)
 .debug_abbrev  0x00004f7b       0x62 /cygdrive/C/ZOTDWP2020_SDK_0.01/ecos/ecos_install/lib/libtarget.a(language_c_libc_toupper.o)
 .debug_abbrev  0x00004fdd       0x6c /cygdrive/C/ZOTDWP2020_SDK_0.01/ecos/ecos_install/lib/libtarget.a(language_c_libc_errno.o)
 .debug_abbrev  0x00005049      0x2ae /cygdrive/C/ZOTDWP2020_SDK_0.01/ecos/ecos_install/lib/libtarget.a(language_c_libc_sprintf.o)
 .debug_abbrev  0x000052f7      0x2ae /cygdrive/C/ZOTDWP2020_SDK_0.01/ecos/ecos_install/lib/libtarget.a(language_c_libc_sscanf.o)
 .debug_abbrev  0x000055a5      0x340 /cygdrive/C/ZOTDWP2020_SDK_0.01/ecos/ecos_install/lib/libtarget.a(language_c_libc_stderr.o)
 .debug_abbrev  0x000058e5      0x27c /cygdrive/C/ZOTDWP2020_SDK_0.01/ecos/ecos_install/lib/libtarget.a(language_c_libc_stdiofiles.o)
 .debug_abbrev  0x00005b61      0x2e0 /cygdrive/C/ZOTDWP2020_SDK_0.01/ecos/ecos_install/lib/libtarget.a(language_c_libc_stdioinlines.o)
 .debug_abbrev  0x00005e41      0x2b8 /cygdrive/C/ZOTDWP2020_SDK_0.01/ecos/ecos_install/lib/libtarget.a(language_c_libc_stdiosupp.o)
 .debug_abbrev  0x000060f9      0x340 /cygdrive/C/ZOTDWP2020_SDK_0.01/ecos/ecos_install/lib/libtarget.a(language_c_libc_stdout.o)
 .debug_abbrev  0x00006439      0x31d /cygdrive/C/ZOTDWP2020_SDK_0.01/ecos/ecos_install/lib/libtarget.a(language_c_libc_stream.o)
 .debug_abbrev  0x00006756      0x2cc /cygdrive/C/ZOTDWP2020_SDK_0.01/ecos/ecos_install/lib/libtarget.a(language_c_libc_ungetc.o)
 .debug_abbrev  0x00006a22      0x2ed /cygdrive/C/ZOTDWP2020_SDK_0.01/ecos/ecos_install/lib/libtarget.a(language_c_libc_vsnprintf.o)
 .debug_abbrev  0x00006d0f      0x2ed /cygdrive/C/ZOTDWP2020_SDK_0.01/ecos/ecos_install/lib/libtarget.a(language_c_libc_vsscanf.o)
 .debug_abbrev  0x00006ffc      0x26e /cygdrive/C/ZOTDWP2020_SDK_0.01/ecos/ecos_install/lib/libtarget.a(language_c_libc_fgetc.o)
 .debug_abbrev  0x0000726a      0x2ae /cygdrive/C/ZOTDWP2020_SDK_0.01/ecos/ecos_install/lib/libtarget.a(language_c_libc_fprintf.o)
 .debug_abbrev  0x00007518      0x262 /cygdrive/C/ZOTDWP2020_SDK_0.01/ecos/ecos_install/lib/libtarget.a(language_c_libc_fputc.o)
 .debug_abbrev  0x0000777a      0x2ce /cygdrive/C/ZOTDWP2020_SDK_0.01/ecos/ecos_install/lib/libtarget.a(language_c_libc_fputs.o)
 .debug_abbrev  0x00007a48      0x2ae /cygdrive/C/ZOTDWP2020_SDK_0.01/ecos/ecos_install/lib/libtarget.a(language_c_libc_printf.o)
 .debug_abbrev  0x00007cf6      0x2ae /cygdrive/C/ZOTDWP2020_SDK_0.01/ecos/ecos_install/lib/libtarget.a(language_c_libc_vfnprintf.o)
 .debug_abbrev  0x00007fa4      0x100 /cygdrive/C/ZOTDWP2020_SDK_0.01/ecos/ecos_install/lib/libtarget.a(language_c_libc_atoi.o)
 .debug_abbrev  0x000080a4      0x100 /cygdrive/C/ZOTDWP2020_SDK_0.01/ecos/ecos_install/lib/libtarget.a(language_c_libc_atol.o)
 .debug_abbrev  0x000081a4      0x46a /cygdrive/C/ZOTDWP2020_SDK_0.01/ecos/ecos_install/lib/libtarget.a(language_c_libc_malloc.o)
 .debug_abbrev  0x0000860e      0x124 /cygdrive/C/ZOTDWP2020_SDK_0.01/ecos/ecos_install/lib/libtarget.a(language_c_libc_rand.o)
 .debug_abbrev  0x00008732      0x113 /cygdrive/C/ZOTDWP2020_SDK_0.01/ecos/ecos_install/lib/libtarget.a(language_c_libc_strtol.o)
 .debug_abbrev  0x00008845       0xdf /cygdrive/C/ZOTDWP2020_SDK_0.01/ecos/ecos_install/lib/libtarget.a(language_c_libc_memchr.o)
 .debug_abbrev  0x00008924       0xd4 /cygdrive/C/ZOTDWP2020_SDK_0.01/ecos/ecos_install/lib/libtarget.a(language_c_libc_memcmp.o)
 .debug_abbrev  0x000089f8       0xce /cygdrive/C/ZOTDWP2020_SDK_0.01/ecos/ecos_install/lib/libtarget.a(language_c_libc_memmove.o)
 .debug_abbrev  0x00008ac6       0xde /cygdrive/C/ZOTDWP2020_SDK_0.01/ecos/ecos_install/lib/libtarget.a(language_c_libc_strcat.o)
 .debug_abbrev  0x00008ba4       0xd3 /cygdrive/C/ZOTDWP2020_SDK_0.01/ecos/ecos_install/lib/libtarget.a(language_c_libc_strchr.o)
 .debug_abbrev  0x00008c77       0xeb /cygdrive/C/ZOTDWP2020_SDK_0.01/ecos/ecos_install/lib/libtarget.a(language_c_libc_strcmp.o)
 .debug_abbrev  0x00008d62       0xd3 /cygdrive/C/ZOTDWP2020_SDK_0.01/ecos/ecos_install/lib/libtarget.a(language_c_libc_strcpy.o)
 .debug_abbrev  0x00008e35       0xe0 /cygdrive/C/ZOTDWP2020_SDK_0.01/ecos/ecos_install/lib/libtarget.a(language_c_libc_strlen.o)
 .debug_abbrev  0x00008f15       0xde /cygdrive/C/ZOTDWP2020_SDK_0.01/ecos/ecos_install/lib/libtarget.a(language_c_libc_strncat.o)
 .debug_abbrev  0x00008ff3       0xe0 /cygdrive/C/ZOTDWP2020_SDK_0.01/ecos/ecos_install/lib/libtarget.a(language_c_libc_strncmp.o)
 .debug_abbrev  0x000090d3       0xd3 /cygdrive/C/ZOTDWP2020_SDK_0.01/ecos/ecos_install/lib/libtarget.a(language_c_libc_strncpy.o)
 .debug_abbrev  0x000091a6       0xc2 /cygdrive/C/ZOTDWP2020_SDK_0.01/ecos/ecos_install/lib/libtarget.a(language_c_libc_strpbrk.o)
 .debug_abbrev  0x00009268       0xcf /cygdrive/C/ZOTDWP2020_SDK_0.01/ecos/ecos_install/lib/libtarget.a(language_c_libc_strrchr.o)
 .debug_abbrev  0x00009337       0xcf /cygdrive/C/ZOTDWP2020_SDK_0.01/ecos/ecos_install/lib/libtarget.a(language_c_libc_strspn.o)
 .debug_abbrev  0x00009406       0xcd /cygdrive/C/ZOTDWP2020_SDK_0.01/ecos/ecos_install/lib/libtarget.a(language_c_libc_strstr.o)
 .debug_abbrev  0x000094d3       0x52 /cygdrive/C/ZOTDWP2020_SDK_0.01/ecos/ecos_install/lib/libtarget.a(language_c_libc_strsuppt.o)
 .debug_abbrev  0x00009525       0xdc /cygdrive/C/ZOTDWP2020_SDK_0.01/ecos/ecos_install/lib/libtarget.a(language_c_libc_strtok.o)
 .debug_abbrev  0x00009601      0x14f /cygdrive/C/ZOTDWP2020_SDK_0.01/ecos/ecos_install/lib/libtarget.a(language_c_libc_ctime.o)
 .debug_abbrev  0x00009750      0x153 /cygdrive/C/ZOTDWP2020_SDK_0.01/ecos/ecos_install/lib/libtarget.a(language_c_libc_localtime.o)
 .debug_abbrev  0x000098a3      0x165 /cygdrive/C/ZOTDWP2020_SDK_0.01/ecos/ecos_install/lib/libtarget.a(language_c_libc_localtime_r.o)
 .debug_abbrev  0x00009a08      0x18f /cygdrive/C/ZOTDWP2020_SDK_0.01/ecos/ecos_install/lib/libtarget.a(language_c_libc_time.o)
 .debug_abbrev  0x00009b97      0x1a1 /cygdrive/C/ZOTDWP2020_SDK_0.01/ecos/ecos_install/lib/libtarget.a(language_c_libc_timeutil.o)
 .debug_abbrev  0x00009d38      0x499 /cygdrive/C/ZOTDWP2020_SDK_0.01/ecos/ecos_install/lib/libtarget.a(devs_wallclock_emulate.o)
 .debug_abbrev  0x0000a1d1       0x9b /cygdrive/C/ZOTDWP2020_SDK_0.01/ecos/ecos_install/lib/libtarget.a(error_strerror.o)
 .debug_abbrev  0x0000a26c       0xf8 /cygdrive/C/ZOTDWP2020_SDK_0.01/ecos/ecos_install/lib/libtarget.a(hal_arm_arch_hal_misc.o)
 .debug_abbrev  0x0000a364      0x104 /cygdrive/C/ZOTDWP2020_SDK_0.01/ecos/ecos_install/lib/libtarget.a(hal_arm_zot716u2_zot716u2_misc.o)
 .debug_abbrev  0x0000a468       0xf9 /cygdrive/C/ZOTDWP2020_SDK_0.01/ecos/ecos_install/lib/libtarget.a(hal_arm_zot716u2_hal_diag.o)
 .debug_abbrev  0x0000a561       0x6a /cygdrive/C/ZOTDWP2020_SDK_0.01/ecos/ecos_install/lib/libtarget.a(infra_delete.o)
 .debug_abbrev  0x0000a5cb      0x595 /cygdrive/C/ZOTDWP2020_SDK_0.01/ecos/ecos_install/lib/libtarget.a(kernel_clock.o)
 .debug_abbrev  0x0000ab60      0x2a9 /cygdrive/C/ZOTDWP2020_SDK_0.01/ecos/ecos_install/lib/libtarget.a(language_c_libc_setvbuf.o)
 .debug_abbrev  0x0000ae09      0x340 /cygdrive/C/ZOTDWP2020_SDK_0.01/ecos/ecos_install/lib/libtarget.a(language_c_libc_stdin.o)
 .debug_abbrev  0x0000b149      0x102 /cygdrive/C/ZOTDWP2020_SDK_0.01/ecos/ecos_install/lib/libtarget.a(language_c_libc_div.o)
 .debug_abbrev  0x0000b24b      0x163 /cygdrive/C/ZOTDWP2020_SDK_0.01/ecos/ecos_install/lib/libtarget.a(language_c_libc_asctime.o)
 .debug_abbrev  0x0000b3ae      0x191 /cygdrive/C/ZOTDWP2020_SDK_0.01/ecos/ecos_install/lib/libtarget.a(language_c_libc_asctime_r.o)
 .debug_abbrev  0x0000b53f      0x180 /cygdrive/C/ZOTDWP2020_SDK_0.01/ecos/ecos_install/lib/libtarget.a(language_c_libc_gmtime_r.o)
 .debug_abbrev  0x0000b6bf      0x12d /cygdrive/C/ZOTDWP2020_SDK_0.01/ecos/ecos_install/lib/libtarget.a(language_c_libc_itoa.o)
 .debug_abbrev  0x0000b7ec        0xe /tools/H-i686-pc-cygwin/lib/gcc-lib/arm-elf/2.95.2/libgcc.a(_ctors.o)
 .debug_abbrev  0x0000b7fa       0x3b /tools/H-i686-pc-cygwin/lib/gcc-lib/arm-elf/2.95.2/libgcc.a(_udivdi3.o)
 .debug_abbrev  0x0000b835       0x3b /tools/H-i686-pc-cygwin/lib/gcc-lib/arm-elf/2.95.2/libgcc.a(_umoddi3.o)

.debug_line     0x00000000    0x1e62a
 *(.debug_line)
 .debug_line    0x00000000     0x1fc1 /cygdrive/C/ZOTDWP2020_SDK_0.01/ecos/ecos_install/lib/extras.o
 .debug_line    0x00001fc1      0x4d8 /cygdrive/C/ZOTDWP2020_SDK_0.01/ecos/ecos_install/lib/libtarget.a(infra_startup.o)
 .debug_line    0x00002499      0x165 /cygdrive/C/ZOTDWP2020_SDK_0.01/ecos/ecos_install/lib/libtarget.a(infra_prestart.o)
 .debug_line    0x000025fe      0x165 /cygdrive/C/ZOTDWP2020_SDK_0.01/ecos/ecos_install/lib/libtarget.a(infra_pkgstart.o)
 .debug_line    0x00002763      0x80f /cygdrive/C/ZOTDWP2020_SDK_0.01/ecos/ecos_install/lib/libtarget.a(infra_diag.o)
 .debug_line    0x00002f72      0x219 /cygdrive/C/ZOTDWP2020_SDK_0.01/ecos/ecos_install/lib/libtarget.a(infra_memcpy.o)
 .debug_line    0x0000318b      0x249 /cygdrive/C/ZOTDWP2020_SDK_0.01/ecos/ecos_install/lib/libtarget.a(infra_memset.o)
 .debug_line    0x000033d4     0x1d06 /cygdrive/C/ZOTDWP2020_SDK_0.01/ecos/ecos_install/lib/libtarget.a(kernel_kapi.o)
 .debug_line    0x000050da     0x1b3b /cygdrive/C/ZOTDWP2020_SDK_0.01/ecos/ecos_install/lib/libtarget.a(kernel_thread.o)
 .debug_line    0x00006c15      0x5ac /cygdrive/C/ZOTDWP2020_SDK_0.01/ecos/ecos_install/lib/libtarget.a(kernel_except.o)
 .debug_line    0x000071c1      0x8df /cygdrive/C/ZOTDWP2020_SDK_0.01/ecos/ecos_install/lib/libtarget.a(kernel_intr.o)
 .debug_line    0x00007aa0     0x1367 /cygdrive/C/ZOTDWP2020_SDK_0.01/ecos/ecos_install/lib/libtarget.a(kernel_memfixed.o)
 .debug_line    0x00008e07     0x169e /cygdrive/C/ZOTDWP2020_SDK_0.01/ecos/ecos_install/lib/libtarget.a(kernel_memvar.o)
 .debug_line    0x0000a4a5      0xc20 /cygdrive/C/ZOTDWP2020_SDK_0.01/ecos/ecos_install/lib/libtarget.a(kernel_mlqueue.o)
 .debug_line    0x0000b0c5      0x7a3 /cygdrive/C/ZOTDWP2020_SDK_0.01/ecos/ecos_install/lib/libtarget.a(kernel_sched.o)
 .debug_line    0x0000b868      0xaf1 /cygdrive/C/ZOTDWP2020_SDK_0.01/ecos/ecos_install/lib/libtarget.a(kernel_cnt_sem.o)
 .debug_line    0x0000c359      0xe9c /cygdrive/C/ZOTDWP2020_SDK_0.01/ecos/ecos_install/lib/libtarget.a(kernel_flag.o)
 .debug_line    0x0000d1f5     0x16b6 /cygdrive/C/ZOTDWP2020_SDK_0.01/ecos/ecos_install/lib/libtarget.a(kernel_mbox.o)
 .debug_line    0x0000e8ab      0xfeb /cygdrive/C/ZOTDWP2020_SDK_0.01/ecos/ecos_install/lib/libtarget.a(kernel_mutex.o)
 .debug_line    0x0000f896      0x11f /cygdrive/C/ZOTDWP2020_SDK_0.01/ecos/ecos_install/lib/libtarget.a(language_c_libc_isalnum.o)
 .debug_line    0x0000f9b5      0x11f /cygdrive/C/ZOTDWP2020_SDK_0.01/ecos/ecos_install/lib/libtarget.a(language_c_libc_isalpha.o)
 .debug_line    0x0000fad4      0x11f /cygdrive/C/ZOTDWP2020_SDK_0.01/ecos/ecos_install/lib/libtarget.a(language_c_libc_isdigit.o)
 .debug_line    0x0000fbf3      0x11f /cygdrive/C/ZOTDWP2020_SDK_0.01/ecos/ecos_install/lib/libtarget.a(language_c_libc_islower.o)
 .debug_line    0x0000fd12      0x11f /cygdrive/C/ZOTDWP2020_SDK_0.01/ecos/ecos_install/lib/libtarget.a(language_c_libc_isprint.o)
 .debug_line    0x0000fe31      0x11f /cygdrive/C/ZOTDWP2020_SDK_0.01/ecos/ecos_install/lib/libtarget.a(language_c_libc_isspace.o)
 .debug_line    0x0000ff50      0x11f /cygdrive/C/ZOTDWP2020_SDK_0.01/ecos/ecos_install/lib/libtarget.a(language_c_libc_isupper.o)
 .debug_line    0x0001006f      0x120 /cygdrive/C/ZOTDWP2020_SDK_0.01/ecos/ecos_install/lib/libtarget.a(language_c_libc_isxdigit.o)
 .debug_line    0x0001018f      0x11f /cygdrive/C/ZOTDWP2020_SDK_0.01/ecos/ecos_install/lib/libtarget.a(language_c_libc_toupper.o)
 .debug_line    0x000102ae      0x4a1 /cygdrive/C/ZOTDWP2020_SDK_0.01/ecos/ecos_install/lib/libtarget.a(language_c_libc_sprintf.o)
 .debug_line    0x0001074f      0x4a0 /cygdrive/C/ZOTDWP2020_SDK_0.01/ecos/ecos_install/lib/libtarget.a(language_c_libc_sscanf.o)
 .debug_line    0x00010bef      0x5f5 /cygdrive/C/ZOTDWP2020_SDK_0.01/ecos/ecos_install/lib/libtarget.a(language_c_libc_stderr.o)
 .debug_line    0x000111e4      0x5a6 /cygdrive/C/ZOTDWP2020_SDK_0.01/ecos/ecos_install/lib/libtarget.a(language_c_libc_stdioinlines.o)
 .debug_line    0x0001178a      0x4c3 /cygdrive/C/ZOTDWP2020_SDK_0.01/ecos/ecos_install/lib/libtarget.a(language_c_libc_stdiosupp.o)
 .debug_line    0x00011c4d      0x5f5 /cygdrive/C/ZOTDWP2020_SDK_0.01/ecos/ecos_install/lib/libtarget.a(language_c_libc_stdout.o)
 .debug_line    0x00012242      0x7df /cygdrive/C/ZOTDWP2020_SDK_0.01/ecos/ecos_install/lib/libtarget.a(language_c_libc_stream.o)
 .debug_line    0x00012a21      0x4d7 /cygdrive/C/ZOTDWP2020_SDK_0.01/ecos/ecos_install/lib/libtarget.a(language_c_libc_ungetc.o)
 .debug_line    0x00012ef8      0x543 /cygdrive/C/ZOTDWP2020_SDK_0.01/ecos/ecos_install/lib/libtarget.a(language_c_libc_vsnprintf.o)
 .debug_line    0x0001343b      0x5a9 /cygdrive/C/ZOTDWP2020_SDK_0.01/ecos/ecos_install/lib/libtarget.a(language_c_libc_vsscanf.o)
 .debug_line    0x000139e4      0x40d /cygdrive/C/ZOTDWP2020_SDK_0.01/ecos/ecos_install/lib/libtarget.a(language_c_libc_fgetc.o)
 .debug_line    0x00013df1      0x4a1 /cygdrive/C/ZOTDWP2020_SDK_0.01/ecos/ecos_install/lib/libtarget.a(language_c_libc_fprintf.o)
 .debug_line    0x00014292      0x415 /cygdrive/C/ZOTDWP2020_SDK_0.01/ecos/ecos_install/lib/libtarget.a(language_c_libc_fputc.o)
 .debug_line    0x000146a7      0x509 /cygdrive/C/ZOTDWP2020_SDK_0.01/ecos/ecos_install/lib/libtarget.a(language_c_libc_fputs.o)
 .debug_line    0x00014bb0      0x4a0 /cygdrive/C/ZOTDWP2020_SDK_0.01/ecos/ecos_install/lib/libtarget.a(language_c_libc_printf.o)
 .debug_line    0x00015050      0xba2 /cygdrive/C/ZOTDWP2020_SDK_0.01/ecos/ecos_install/lib/libtarget.a(language_c_libc_vfnprintf.o)
 .debug_line    0x00015bf2      0x1b4 /cygdrive/C/ZOTDWP2020_SDK_0.01/ecos/ecos_install/lib/libtarget.a(language_c_libc_atoi.o)
 .debug_line    0x00015da6      0x1b4 /cygdrive/C/ZOTDWP2020_SDK_0.01/ecos/ecos_install/lib/libtarget.a(language_c_libc_atol.o)
 .debug_line    0x00015f5a      0x6fe /cygdrive/C/ZOTDWP2020_SDK_0.01/ecos/ecos_install/lib/libtarget.a(language_c_libc_malloc.o)
 .debug_line    0x00016658      0x230 /cygdrive/C/ZOTDWP2020_SDK_0.01/ecos/ecos_install/lib/libtarget.a(language_c_libc_rand.o)
 .debug_line    0x00016888      0x37c /cygdrive/C/ZOTDWP2020_SDK_0.01/ecos/ecos_install/lib/libtarget.a(language_c_libc_strtol.o)
 .debug_line    0x00016c04      0x317 /cygdrive/C/ZOTDWP2020_SDK_0.01/ecos/ecos_install/lib/libtarget.a(language_c_libc_memchr.o)
 .debug_line    0x00016f1b      0x2d5 /cygdrive/C/ZOTDWP2020_SDK_0.01/ecos/ecos_install/lib/libtarget.a(language_c_libc_memcmp.o)
 .debug_line    0x000171f0      0x23e /cygdrive/C/ZOTDWP2020_SDK_0.01/ecos/ecos_install/lib/libtarget.a(language_c_libc_memmove.o)
 .debug_line    0x0001742e      0x297 /cygdrive/C/ZOTDWP2020_SDK_0.01/ecos/ecos_install/lib/libtarget.a(language_c_libc_strcat.o)
 .debug_line    0x000176c5      0x2df /cygdrive/C/ZOTDWP2020_SDK_0.01/ecos/ecos_install/lib/libtarget.a(language_c_libc_strchr.o)
 .debug_line    0x000179a4      0x2b7 /cygdrive/C/ZOTDWP2020_SDK_0.01/ecos/ecos_install/lib/libtarget.a(language_c_libc_strcmp.o)
 .debug_line    0x00017c5b      0x2b7 /cygdrive/C/ZOTDWP2020_SDK_0.01/ecos/ecos_install/lib/libtarget.a(language_c_libc_strcpy.o)
 .debug_line    0x00017f12      0x297 /cygdrive/C/ZOTDWP2020_SDK_0.01/ecos/ecos_install/lib/libtarget.a(language_c_libc_strlen.o)
 .debug_line    0x000181a9      0x2a8 /cygdrive/C/ZOTDWP2020_SDK_0.01/ecos/ecos_install/lib/libtarget.a(language_c_libc_strncat.o)
 .debug_line    0x00018451      0x2f8 /cygdrive/C/ZOTDWP2020_SDK_0.01/ecos/ecos_install/lib/libtarget.a(language_c_libc_strncmp.o)
 .debug_line    0x00018749      0x2c8 /cygdrive/C/ZOTDWP2020_SDK_0.01/ecos/ecos_install/lib/libtarget.a(language_c_libc_strncpy.o)
 .debug_line    0x00018a11      0x246 /cygdrive/C/ZOTDWP2020_SDK_0.01/ecos/ecos_install/lib/libtarget.a(language_c_libc_strpbrk.o)
 .debug_line    0x00018c57      0x246 /cygdrive/C/ZOTDWP2020_SDK_0.01/ecos/ecos_install/lib/libtarget.a(language_c_libc_strrchr.o)
 .debug_line    0x00018e9d      0x255 /cygdrive/C/ZOTDWP2020_SDK_0.01/ecos/ecos_install/lib/libtarget.a(language_c_libc_strspn.o)
 .debug_line    0x000190f2      0x24d /cygdrive/C/ZOTDWP2020_SDK_0.01/ecos/ecos_install/lib/libtarget.a(language_c_libc_strstr.o)
 .debug_line    0x0001933f      0x2d9 /cygdrive/C/ZOTDWP2020_SDK_0.01/ecos/ecos_install/lib/libtarget.a(language_c_libc_strtok.o)
 .debug_line    0x00019618      0x1ad /cygdrive/C/ZOTDWP2020_SDK_0.01/ecos/ecos_install/lib/libtarget.a(language_c_libc_ctime.o)
 .debug_line    0x000197c5      0x1fa /cygdrive/C/ZOTDWP2020_SDK_0.01/ecos/ecos_install/lib/libtarget.a(language_c_libc_localtime.o)
 .debug_line    0x000199bf      0x23b /cygdrive/C/ZOTDWP2020_SDK_0.01/ecos/ecos_install/lib/libtarget.a(language_c_libc_localtime_r.o)
 .debug_line    0x00019bfa      0x254 /cygdrive/C/ZOTDWP2020_SDK_0.01/ecos/ecos_install/lib/libtarget.a(language_c_libc_time.o)
 .debug_line    0x00019e4e      0x55e /cygdrive/C/ZOTDWP2020_SDK_0.01/ecos/ecos_install/lib/libtarget.a(language_c_libc_timeutil.o)
 .debug_line    0x0001a3ac      0x6c9 /cygdrive/C/ZOTDWP2020_SDK_0.01/ecos/ecos_install/lib/libtarget.a(devs_wallclock_emulate.o)
 .debug_line    0x0001aa75      0x2e8 /cygdrive/C/ZOTDWP2020_SDK_0.01/ecos/ecos_install/lib/libtarget.a(error_strerror.o)
 .debug_line    0x0001ad5d      0x2fc /cygdrive/C/ZOTDWP2020_SDK_0.01/ecos/ecos_install/lib/libtarget.a(hal_arm_arch_hal_misc.o)
 .debug_line    0x0001b059      0x877 /cygdrive/C/ZOTDWP2020_SDK_0.01/ecos/ecos_install/lib/libtarget.a(hal_arm_zot716u2_zot716u2_misc.o)
 .debug_line    0x0001b8d0      0x2b0 /cygdrive/C/ZOTDWP2020_SDK_0.01/ecos/ecos_install/lib/libtarget.a(hal_arm_zot716u2_hal_diag.o)
 .debug_line    0x0001bb80      0x138 /cygdrive/C/ZOTDWP2020_SDK_0.01/ecos/ecos_install/lib/libtarget.a(infra_delete.o)
 .debug_line    0x0001bcb8      0xef0 /cygdrive/C/ZOTDWP2020_SDK_0.01/ecos/ecos_install/lib/libtarget.a(kernel_clock.o)
 .debug_line    0x0001cba8      0x4a1 /cygdrive/C/ZOTDWP2020_SDK_0.01/ecos/ecos_install/lib/libtarget.a(language_c_libc_setvbuf.o)
 .debug_line    0x0001d049      0x5ec /cygdrive/C/ZOTDWP2020_SDK_0.01/ecos/ecos_install/lib/libtarget.a(language_c_libc_stdin.o)
 .debug_line    0x0001d635      0x20d /cygdrive/C/ZOTDWP2020_SDK_0.01/ecos/ecos_install/lib/libtarget.a(language_c_libc_div.o)
 .debug_line    0x0001d842      0x1f8 /cygdrive/C/ZOTDWP2020_SDK_0.01/ecos/ecos_install/lib/libtarget.a(language_c_libc_asctime.o)
 .debug_line    0x0001da3a      0x3fe /cygdrive/C/ZOTDWP2020_SDK_0.01/ecos/ecos_install/lib/libtarget.a(language_c_libc_asctime_r.o)
 .debug_line    0x0001de38      0x4d5 /cygdrive/C/ZOTDWP2020_SDK_0.01/ecos/ecos_install/lib/libtarget.a(language_c_libc_gmtime_r.o)
 .debug_line    0x0001e30d      0x31d /cygdrive/C/ZOTDWP2020_SDK_0.01/ecos/ecos_install/lib/libtarget.a(language_c_libc_itoa.o)

.debug_frame
 *(.debug_frame)

.debug_str
 *(.debug_str)

.debug_loc
 *(.debug_loc)

.debug_macinfo
 *(.debug_macinfo)
                0x00000000                __reserved=0x0
                0x00008000                .=(__reserved+0x8000)

.rom_vectors    0x00008000       0x60
                0x00008000                .=.
 *(.vectors)
 .vectors       0x00008000       0x60 /cygdrive/C/ZOTDWP2020_SDK_0.01/ecos/ecos_install/lib/vectors.o
                0x00008000                __exception_handlers
                0x00008020                vectors

.text           0x00008060    0xe5588
                0x00008060                stext=L(.)
                0x00008060                PROVIDE (__stext, L(.))
 *(.text*)
 .text          0x00008060      0x660 /cygdrive/C/ZOTDWP2020_SDK_0.01/ecos/ecos_install/lib/vectors.o
                0x00008580                hal_interrupt_stack_call_pending_DSRs
                0x000085e0                __gccmain
                0x00008288                reset_platform
                0x00008060                reset_vector
                0x000085ec                _sp
                0x000085e4                _psr
                0x000081b0                start
 .text.USB_init
                0x000086c0       0x6c /cygdrive/C/ZOTDWP2020_SDK_0.01/prod/zotdwp2020/build/obj/zotmain.o
                0x000086c0                USB_init
 .text.cyg_user_start
                0x0000872c      0x104 /cygdrive/C/ZOTDWP2020_SDK_0.01/prod/zotdwp2020/build/obj/zotmain.o
                0x0000872c                cyg_user_start
 .text.perror   0x00008830       0x10 /cygdrive/C/ZOTDWP2020_SDK_0.01/prod/zotdwp2020/build/obj/zotmain.o
                0x00008830                perror
 .text.star_nic_phy_config
                0x00008840      0x170 ./lib/mac.a(star_nic.o)
 .text.star_nic_phy_powerdown
                0x000089b0      0x12c ./lib/mac.a(star_nic.o)
 .text.star_nic_install_isr
                0x00008adc      0x12c ./lib/mac.a(star_nic.o)
 .text.star_nic_buffer_alloc
                0x00008c08      0x27c ./lib/mac.a(star_nic.o)
 .text.star_nic_receive_packet
                0x00008e84      0x170 ./lib/mac.a(star_nic.o)
                0x00008e84                star_nic_receive_packet
 .text.send_frame
                0x00008ff4      0x1b4 ./lib/mac.a(star_nic.o)
                0x00008ff4                send_frame
 .text.star_nic_init
                0x000091a8      0x368 ./lib/mac.a(star_nic.o)
 .text.rxrc_isr
                0x00009510       0x24 ./lib/mac.a(star_nic.o)
                0x00009510                rxrc_isr
 .text.rxqf_isr
                0x00009534       0x24 ./lib/mac.a(star_nic.o)
                0x00009534                rxqf_isr
 .text.status_isr
                0x00009558       0x24 ./lib/mac.a(star_nic.o)
                0x00009558                status_isr
 .text.star_nic_receive_isr
                0x0000957c       0x50 ./lib/mac.a(star_nic.o)
                0x0000957c                star_nic_receive_isr
 .text.star_nic_rxqf_isr
                0x000095cc       0x50 ./lib/mac.a(star_nic.o)
                0x000095cc                star_nic_rxqf_isr
 .text.star_nic_status_isr
                0x0000961c       0x5c ./lib/mac.a(star_nic.o)
                0x0000961c                star_nic_status_isr
 .text.star_nic_lan_init
                0x00009678       0x88 ./lib/mac.a(star_nic.o)
                0x00009678                star_nic_lan_init
 .text.usb_calc_bus_time
                0x00009700      0x230 ./lib/usb_host.a(usb.o)
 .text.usb_register_bus
                0x00009930       0xf0 ./lib/usb_host.a(usb.o)
                0x00009930                usb_register_bus
 .text.usb_match_id
                0x00009a20      0x164 ./lib/usb_host.a(usb.o)
                0x00009a20                usb_match_id
 .text.usb_find_interface_driver
                0x00009b84      0x1e0 ./lib/usb_host.a(usb.o)
 .text.usb_start_wait_urb
                0x00009d64      0x1a0 ./lib/usb_host.a(usb.o)
 .text.usb_control_msg
                0x00009f04      0x138 ./lib/usb_host.a(usb.o)
                0x00009f04                usb_control_msg
 .text.usb_parse_endpoint
                0x0000a03c      0x1a0 ./lib/usb_host.a(usb.o)
 .text.usb_parse_interface
                0x0000a1dc      0x320 ./lib/usb_host.a(usb.o)
 .text.usb_parse_configuration
                0x0000a4fc      0x240 ./lib/usb_host.a(usb.o)
                0x0000a4fc                usb_parse_configuration
 .text.usb_destroy_configuration
                0x0000a73c      0x22c ./lib/usb_host.a(usb.o)
                0x0000a73c                usb_destroy_configuration
 .text.usb_disconnect
                0x0000a968      0x18c ./lib/usb_host.a(usb.o)
                0x0000a968                usb_disconnect
 .text.usb_connect
                0x0000aaf4      0x15c ./lib/usb_host.a(usb.o)
                0x0000aaf4                usb_connect
 .text.usb_set_maxpacket
                0x0000ac50      0x140 ./lib/usb_host.a(usb.o)
                0x0000ac50                usb_set_maxpacket
 .text.usb_set_interface
                0x0000ad90      0x11c ./lib/usb_host.a(usb.o)
                0x0000ad90                usb_set_interface
 .text.usb_get_configuration
                0x0000aeac      0x2c8 ./lib/usb_host.a(usb.o)
                0x0000aeac                usb_get_configuration
 .text.usb_new_device
                0x0000b174      0x360 ./lib/usb_host.a(usb.o)
                0x0000b174                usb_new_device
 .text.usb_alloc_urb
                0x0000b4d4       0x4c ./lib/usb_host.a(usb.o)
                0x0000b4d4                usb_alloc_urb
 .text.usb_free_urb
                0x0000b520       0x1c ./lib/usb_host.a(usb.o)
                0x0000b520                usb_free_urb
 .text.usb_submit_urb
                0x0000b53c       0x4c ./lib/usb_host.a(usb.o)
                0x0000b53c                usb_submit_urb
 .text.usb_unlink_urb
                0x0000b588       0x4c ./lib/usb_host.a(usb.o)
                0x0000b588                usb_unlink_urb
 .text.usb_register
                0x0000b5d4       0x80 ./lib/usb_host.a(usb.o)
                0x0000b5d4                usb_register
 .text.usb_scan_devices
                0x0000b654       0x40 ./lib/usb_host.a(usb.o)
                0x0000b654                usb_scan_devices
 .text.usb_alloc_bus
                0x0000b694       0x9c ./lib/usb_host.a(usb.o)
                0x0000b694                usb_alloc_bus
 .text.usb_free_bus
                0x0000b730       0x30 ./lib/usb_host.a(usb.o)
                0x0000b730                usb_free_bus
 .text.usb_deregister_bus
                0x0000b760       0x70 ./lib/usb_host.a(usb.o)
                0x0000b760                usb_deregister_bus
 .text.usb_alloc_dev
                0x0000b7d0       0xa8 ./lib/usb_host.a(usb.o)
                0x0000b7d0                usb_alloc_dev
 .text.usb_free_dev
                0x0000b878       0x64 ./lib/usb_host.a(usb.o)
                0x0000b878                usb_free_dev
 .text.usb_inc_dev_use
                0x0000b8dc       0x1c ./lib/usb_host.a(usb.o)
                0x0000b8dc                usb_inc_dev_use
 .text.usb_check_bandwidth
                0x0000b8f8       0x98 ./lib/usb_host.a(usb.o)
                0x0000b8f8                usb_check_bandwidth
 .text.usb_claim_bandwidth
                0x0000b990       0x58 ./lib/usb_host.a(usb.o)
                0x0000b990                usb_claim_bandwidth
 .text.usb_release_bandwidth
                0x0000b9e8       0x60 ./lib/usb_host.a(usb.o)
                0x0000b9e8                usb_release_bandwidth
 .text.usb_root_hub_string
                0x0000ba48       0xec ./lib/usb_host.a(usb.o)
                0x0000ba48                usb_root_hub_string
 .text.usb_set_address
                0x0000bb34       0x54 ./lib/usb_host.a(usb.o)
                0x0000bb34                usb_set_address
 .text.usb_get_descriptor
                0x0000bb88       0xbc ./lib/usb_host.a(usb.o)
                0x0000bb88                usb_get_descriptor
 .text.usb_get_device_descriptor
                0x0000bc44       0xa8 ./lib/usb_host.a(usb.o)
                0x0000bc44                usb_get_device_descriptor
 .text.usb_set_configuration
                0x0000bcec       0xf8 ./lib/usb_host.a(usb.o)
                0x0000bcec                usb_set_configuration
 .text.usb_check_support
                0x0000bde4       0x84 ./lib/usb_host.a(usb.o)
 .text.wait_ms  0x0000be68       0x20 ./lib/usb_host.a(usb.o)
                0x0000be68                wait_ms
 .text.clear_bit
                0x0000be88       0x34 ./lib/usb_host.a(usb.o)
                0x0000be88                clear_bit
 .text.usb_api_blocking_completion
                0x0000bebc       0x18 ./lib/usb_host.a(usb.o)
 .text.usb_init
                0x0000bed4       0x18 ./lib/usb_host.a(usb.o)
                0x0000bed4                usb_init
 .text.usb_hub_configure
                0x0000beec      0x370 ./lib/usb_host.a(hub.o)
 .text.hub_probe
                0x0000c25c      0x1bc ./lib/usb_host.a(hub.o)
 .text.usb_hub_reset
                0x0000c418      0x140 ./lib/usb_host.a(hub.o)
 .text.usb_hub_port_wait_reset
                0x0000c558      0x144 ./lib/usb_host.a(hub.o)
 .text.usb_hub_port_debounce
                0x0000c69c      0x150 ./lib/usb_host.a(hub.o)
 .text.usb_hub_port_connect_change
                0x0000c7ec      0x4c0 ./lib/usb_host.a(hub.o)
 .text.usb_hub_events
                0x0000ccac      0x628 ./lib/usb_host.a(hub.o)
 .text.usb_reset_device
                0x0000d2d4      0x3f4 ./lib/usb_host.a(hub.o)
                0x0000d2d4                usb_reset_device
 .text.hub_irq  0x0000d6c8       0xbc ./lib/usb_host.a(hub.o)
 .text.usb_hub_thread
                0x0000d784       0x24 ./lib/usb_host.a(hub.o)
                0x0000d784                usb_hub_thread
 .text.usb_hub_init
                0x0000d7a8       0xe0 ./lib/usb_host.a(hub.o)
                0x0000d7a8                usb_hub_init
 .text.usb_hub_link_devices
                0x0000d888       0x28 ./lib/usb_host.a(hub.o)
                0x0000d888                usb_hub_link_devices
 .text.hub_disconnect
                0x0000d8b0       0xd8 ./lib/usb_host.a(hub.o)
 .text.hub_ioctl
                0x0000d988       0x14 ./lib/usb_host.a(hub.o)
 .text.usblp_check_status
                0x0000d99c       0xc0 ./lib/usb_host.a(printer.o)
 .text.usblp_open
                0x0000da5c      0x338 ./lib/usb_host.a(printer.o)
                0x0000da5c                usblp_open
 .text.usblp_release
                0x0000dd94      0x254 ./lib/usb_host.a(printer.o)
 .text.usblp_write
                0x0000dfe8      0x174 ./lib/usb_host.a(printer.o)
 .text.usblp_read
                0x0000e15c      0x128 ./lib/usb_host.a(printer.o)
 .text.usblp_probe
                0x0000e284      0x320 ./lib/usb_host.a(printer.o)
 .text.usblp_select_alts
                0x0000e5a4      0x250 ./lib/usb_host.a(printer.o)
 .text.usblp_set_protocol
                0x0000e7f4      0x174 ./lib/usb_host.a(printer.o)
 .text.usblp_cache_device_id_string
                0x0000e968       0xf4 ./lib/usb_host.a(printer.o)
 .text.usbprn_attach
                0x0000ea5c      0x134 ./lib/usb_host.a(printer.o)
                0x0000ea5c                usbprn_attach
 .text.usbprn_unattach
                0x0000eb90       0x90 ./lib/usb_host.a(printer.o)
                0x0000eb90                usbprn_unattach
 .text.usblp_bulk_read
                0x0000ec20       0x50 ./lib/usb_host.a(printer.o)
 .text.usblp_bulk_write
                0x0000ec70       0x50 ./lib/usb_host.a(printer.o)
 .text.usblp_init
                0x0000ecc0       0x58 ./lib/usb_host.a(printer.o)
                0x0000ecc0                usblp_init
 .text.usbprn_read_status
                0x0000ed18       0x4c ./lib/usb_host.a(printer.o)
                0x0000ed18                usbprn_read_status
 .text.usbprn_open
                0x0000ed64       0x4c ./lib/usb_host.a(printer.o)
                0x0000ed64                usbprn_open
 .text.usbprn_close
                0x0000edb0       0x50 ./lib/usb_host.a(printer.o)
                0x0000edb0                usbprn_close
 .text.usbprn_write
                0x0000ee00       0x58 ./lib/usb_host.a(printer.o)
                0x0000ee00                usbprn_write
 .text.usblp_disconnect
                0x0000ee58       0xcc ./lib/usb_host.a(printer.o)
 .text.ehci_start
                0x0000ef24      0x21c ./lib/usb_host.a(ehcihcd.o)
 .text.ehci_urb_dequeue
                0x0000f140      0x158 ./lib/usb_host.a(ehcihcd.o)
 .text.ehci_free_config
                0x0000f298      0x138 ./lib/usb_host.a(ehcihcd.o)
 .text.inw2     0x0000f3d0       0x14 ./lib/usb_host.a(ehcihcd.o)
                0x0000f3d0                inw2
 .text.inl2     0x0000f3e4       0x14 ./lib/usb_host.a(ehcihcd.o)
                0x0000f3e4                inl2
 .text.outl2    0x0000f3f8       0x14 ./lib/usb_host.a(ehcihcd.o)
                0x0000f3f8                outl2
 .text.ehci_ready
                0x0000f40c       0x54 ./lib/usb_host.a(ehcihcd.o)
                0x0000f40c                ehci_ready
 .text.ehci_tasklet
                0x0000f460       0x88 ./lib/usb_host.a(ehcihcd.o)
                0x0000f460                ehci_tasklet
 .text.ehci_stop
                0x0000f4e8       0xb8 ./lib/usb_host.a(ehcihcd.o)
 .text.ehci_get_frame
                0x0000f5a0       0x28 ./lib/usb_host.a(ehcihcd.o)
                0x0000f5a0                ehci_get_frame
 .text.ehci_irq
                0x0000f5c8       0x98 ./lib/usb_host.a(ehcihcd.o)
 .text.ehci_urb_enqueue
                0x0000f660       0xf8 ./lib/usb_host.a(ehcihcd.o)
 .text.ehci_hcd_init
                0x0000f758       0xd4 ./lib/usb_host.a(ehcihcd.o)
                0x0000f758                ehci_hcd_init
 .text.ehci_hub_status_data
                0x0000f82c      0x114 ./lib/usb_host.a(ehcihub.o)
                0x0000f82c                ehci_hub_status_data
 .text.ehci_hub_descriptor
                0x0000f940       0xa0 ./lib/usb_host.a(ehcihub.o)
 .text.ehci_hub_control
                0x0000f9e0      0x478 ./lib/usb_host.a(ehcihub.o)
                0x0000f9e0                ehci_hub_control
 .text.ehci_mem_init
                0x0000fe58      0x114 ./lib/usb_host.a(ehcimem.o)
                0x0000fe58                ehci_mem_init
 .text.ehci_kfree
                0x0000ff6c       0x14 ./lib/usb_host.a(ehcimem.o)
                0x0000ff6c                ehci_kfree
 .text.ehci_hcd_alloc
                0x0000ff80       0x3c ./lib/usb_host.a(ehcimem.o)
                0x0000ff80                ehci_hcd_alloc
 .text.ehci_hcd_free
                0x0000ffbc       0x18 ./lib/usb_host.a(ehcimem.o)
                0x0000ffbc                ehci_hcd_free
 .text.ehci_qtd_alloc
                0x0000ffd4       0x74 ./lib/usb_host.a(ehcimem.o)
                0x0000ffd4                ehci_qtd_alloc
 .text.ehci_qtd_free
                0x00010048       0x18 ./lib/usb_host.a(ehcimem.o)
                0x00010048                ehci_qtd_free
 .text.ehci_qh_alloc
                0x00010060       0x70 ./lib/usb_host.a(ehcimem.o)
                0x00010060                ehci_qh_alloc
 .text.qh_get   0x000100d0       0x1c ./lib/usb_host.a(ehcimem.o)
                0x000100d0                qh_get
 .text.qh_put   0x000100ec       0x2c ./lib/usb_host.a(ehcimem.o)
                0x000100ec                qh_put
 .text.ehci_mem_cleanup
                0x00010118       0x40 ./lib/usb_host.a(ehcimem.o)
                0x00010118                ehci_mem_cleanup
 .text.qh_completions
                0x00010158      0x580 ./lib/usb_host.a(ehciq.o)
                0x00010158                qh_completions
 .text.qh_urb_transaction
                0x000106d8      0x448 ./lib/usb_host.a(ehciq.o)
                0x000106d8                qh_urb_transaction
 .text.ehci_qh_make
                0x00010b20      0x1d4 ./lib/usb_host.a(ehciq.o)
                0x00010b20                ehci_qh_make
 .text.submit_async
                0x00010cf4      0x34c ./lib/usb_host.a(ehciq.o)
                0x00010cf4                submit_async
 .text.end_unlink_async
                0x00011040      0x124 ./lib/usb_host.a(ehciq.o)
                0x00011040                end_unlink_async
 .text.start_unlink_async
                0x00011164      0x16c ./lib/usb_host.a(ehciq.o)
                0x00011164                start_unlink_async
 .text.qh_update
                0x000112d0       0x34 ./lib/usb_host.a(ehciq.o)
                0x000112d0                qh_update
 .text.qtd_list_free
                0x00011304       0x84 ./lib/usb_host.a(ehciq.o)
                0x00011304                qtd_list_free
 .text.scan_async
                0x00011388       0xe0 ./lib/usb_host.a(ehciq.o)
                0x00011388                scan_async
 .text.periodic_unlink
                0x00011468      0x104 ./lib/usb_host.a(ehcische.o)
 .text.intr_submit
                0x0001156c      0x544 ./lib/usb_host.a(ehcische.o)
                0x0001156c                intr_submit
 .text.intr_complete
                0x00011ab0      0x250 ./lib/usb_host.a(ehcische.o)
 .text.itd_fill
                0x00011d00      0x18c ./lib/usb_host.a(ehcische.o)
 .text.itd_urb_transaction
                0x00011e8c      0x138 ./lib/usb_host.a(ehcische.o)
 .text.get_iso_range
                0x00011fc4      0x1b4 ./lib/usb_host.a(ehcische.o)
 .text.itd_schedule
                0x00012178      0x340 ./lib/usb_host.a(ehcische.o)
 .text.itd_complete
                0x000124b8      0x1c0 ./lib/usb_host.a(ehcische.o)
 .text.scan_periodic
                0x00012678      0x26c ./lib/usb_host.a(ehcische.o)
                0x00012678                scan_periodic
 .text.intr_deschedule
                0x000128e4      0x104 ./lib/usb_host.a(ehcische.o)
                0x000128e4                intr_deschedule
 .text.itd_submit
                0x000129e8       0xc4 ./lib/usb_host.a(ehcische.o)
                0x000129e8                itd_submit
 .text.rh_call_control
                0x00012aac      0x368 ./lib/usb_host.a(u2hcd.o)
 .text.rh_report_status
                0x00012e14      0x1a4 ./lib/usb_host.a(u2hcd.o)
                0x00012e14                rh_report_status
 .text.rh_urb_enqueue
                0x00012fb8       0xfc ./lib/usb_host.a(u2hcd.o)
 .text.usb_hcd_pci_probe
                0x000130b4      0x1a0 ./lib/usb_host.a(u2hcd.o)
                0x000130b4                usb_hcd_pci_probe
 .text.hcd_alloc_dev
                0x00013254       0xf4 ./lib/usb_host.a(u2hcd.o)
 .text.hcd_submit_urb
                0x00013348      0x3b8 ./lib/usb_host.a(u2hcd.o)
 .text.hcd_unlink_urb
                0x00013700      0x214 ./lib/usb_host.a(u2hcd.o)
 .text.hcd_irq  0x00013914      0x130 ./lib/usb_host.a(u2hcd.o)
                0x00013914                hcd_irq
 .text.usb_hcd_giveback_urb
                0x00013a44       0x98 ./lib/usb_host.a(u2hcd.o)
                0x00013a44                usb_hcd_giveback_urb
 .text.usb_hcd_pci_remove
                0x00013adc       0xac ./lib/usb_host.a(u2hcd.o)
                0x00013adc                usb_hcd_pci_remove
 .text.ehci_isr
                0x00013b88       0x24 ./lib/usb_host.a(u2hcd.o)
                0x00013b88                ehci_isr
 .text.ehci_dsr
                0x00013bac       0x30 ./lib/usb_host.a(u2hcd.o)
                0x00013bac                ehci_dsr
 .text.hcd_get_frame_number
                0x00013bdc       0x24 ./lib/usb_host.a(u2hcd.o)
 .text.unlink_complete
                0x00013c00       0x2c ./lib/usb_host.a(u2hcd.o)
 .text.hcd_free_dev
                0x00013c2c       0xbc ./lib/usb_host.a(u2hcd.o)
 .text.urb_rm_priv_locked
                0x00013ce8       0xd0 ./lib/usb_host.a(ohci.o)
 .text.sohci_return_urb
                0x00013db8      0x1ec ./lib/usb_host.a(ohci.o)
 .text.sohci_submit_urb
                0x00013fa4      0x518 ./lib/usb_host.a(ohci.o)
 .text.sohci_unlink_urb
                0x000144bc      0x1b0 ./lib/usb_host.a(ohci.o)
 .text.sohci_free_dev
                0x0001466c      0x104 ./lib/usb_host.a(ohci.o)
 .text.ep_link  0x00014770      0x3bc ./lib/usb_host.a(ohci.o)
 .text.ep_unlink
                0x00014b2c      0x234 ./lib/usb_host.a(ohci.o)
 .text.ep_add_ed
                0x00014d60      0x204 ./lib/usb_host.a(ohci.o)
 .text.td_submit_urb
                0x00014f64      0x8f0 ./lib/usb_host.a(ohci.o)
 .text.dl_transfer_length
                0x00015854      0x11c ./lib/usb_host.a(ohci.o)
 .text.dl_reverse_done_list
                0x00015970      0x100 ./lib/usb_host.a(ohci.o)
 .text.dl_del_list
                0x00015a70      0x2fc ./lib/usb_host.a(ohci.o)
 .text.dl_done_list
                0x00015d6c      0x1dc ./lib/usb_host.a(ohci.o)
 .text.rh_send_irq
                0x00015f48      0x17c ./lib/usb_host.a(ohci.o)
 .text.rh_submit_urb
                0x000160c4      0x830 ./lib/usb_host.a(ohci.o)
 .text.hc_start
                0x000168f4      0x1ec ./lib/usb_host.a(ohci.o)
 .text.hc_interrupt
                0x00016ae0      0x1c0 ./lib/usb_host.a(ohci.o)
                0x00016ae0                hc_interrupt
 .text.hc_alloc_ohci
                0x00016ca0      0x108 ./lib/usb_host.a(ohci.o)
 .text.hc_release_ohci
                0x00016da8      0x15c ./lib/usb_host.a(ohci.o)
 .text.hc_found_ohci
                0x00016f04      0x1cc ./lib/usb_host.a(ohci.o)
 .text.ep_rm_ed
                0x000170d0       0xcc ./lib/usb_host.a(ohci.o)
 .text.rh_unlink_urb
                0x0001719c       0x84 ./lib/usb_host.a(ohci.o)
 .text.ohci_isr
                0x00017220       0x24 ./lib/usb_host.a(ohci.o)
                0x00017220                ohci_isr
 .text.sohci_alloc_dev
                0x00017244       0x8c ./lib/usb_host.a(ohci.o)
 .text.sohci_get_current_frame_number
                0x000172d0       0x20 ./lib/usb_host.a(ohci.o)
 .text.rh_int_timer_do
                0x000172f0       0xb4 ./lib/usb_host.a(ohci.o)
                0x000172f0                rh_int_timer_do
 .text.ohci_dsr
                0x000173a4       0x30 ./lib/usb_host.a(ohci.o)
                0x000173a4                ohci_dsr
 .text.ohci_hcd_init
                0x000173d4       0x38 ./lib/usb_host.a(ohci.o)
                0x000173d4                ohci_hcd_init
 .text.rh_init_int_timer
                0x0001740c       0xd0 ./lib/usb_host.a(ohci.o)
 .text.usbnet_get_endpoints
                0x000174dc      0x1bc ./lib/usb_host.a(usbnet.o)
                0x000174dc                usbnet_get_endpoints
 .text.ax8817x_write_cmd_async
                0x00017698       0xf0 ./lib/usb_host.a(usbnet.o)
 .text.ax8817x_mdio_read
                0x00017788      0x114 ./lib/usb_host.a(usbnet.o)
 .text.ax8817x_mdio_write
                0x0001789c      0x110 ./lib/usb_host.a(usbnet.o)
 .text.ax8817x_bind
                0x000179ac      0x650 ./lib/usb_host.a(usbnet.o)
                0x000179ac                ax8817x_bind
 .text.ax88772a_bind
                0x00017ffc      0x628 ./lib/usb_host.a(usbnet.o)
 .text.ax88772_bind
                0x00018624      0x94c ./lib/usb_host.a(usbnet.o)
 .text.mediacheck
                0x00018f70      0x310 ./lib/usb_host.a(usbnet.o)
 .text.ax88178_bind
                0x00019280     0x3140 ./lib/usb_host.a(usbnet.o)
 .text.rx_complete
                0x0001c3c0      0x14c ./lib/usb_host.a(usbnet.o)
 .text.usbnet_start_xmit
                0x0001c50c      0x15c ./lib/usb_host.a(usbnet.o)
                0x0001c50c                usbnet_start_xmit
 .text.usbnet_probe
                0x0001c668      0x2ec ./lib/usb_host.a(usbnet.o)
 .text.usb_enqueue
                0x0001c954       0xcc ./lib/usb_host.a(usbnet.o)
 .text.usbnet_thread
                0x0001ca20      0x27c ./lib/usb_host.a(usbnet.o)
                0x0001ca20                usbnet_thread
 .text.UlanRecv
                0x0001cc9c      0x14c ./lib/usb_host.a(usbnet.o)
                0x0001cc9c                UlanRecv
 .text.USB_attach
                0x0001cde8       0x98 ./lib/usb_host.a(usbnet.o)
                0x0001cde8                USB_attach
 .text.usbnet_bh
                0x0001ce80       0x60 ./lib/usb_host.a(usbnet.o)
 .text.ax8817x_async_cmd_callback
                0x0001cee0       0x24 ./lib/usb_host.a(usbnet.o)
 .text.ax88772_rx_fixup
                0x0001cf04       0x94 ./lib/usb_host.a(usbnet.o)
 .text.ax88772_tx_fixup
                0x0001cf98       0x64 ./lib/usb_host.a(usbnet.o)
 .text.tx_complete
                0x0001cffc       0x1c ./lib/usb_host.a(usbnet.o)
 .text.usbnet_init
                0x0001d018       0xc4 ./lib/usb_host.a(usbnet.o)
                0x0001d018                usbnet_init
 .text.usbnet_disconnect
                0x0001d0dc       0x94 ./lib/usb_host.a(usbnet.o)
 .text.ps_init  0x0001d170      0x678 ./lib/psglobal.a(psmain.o)
                0x0001d170                ps_init
 .text.sti      0x0001d7e8       0x14 ./lib/psglobal.a(psmain.o)
                0x0001d7e8                sti
 .text.cli      0x0001d7fc       0x14 ./lib/psglobal.a(psmain.o)
                0x0001d7fc                cli
 .text.restore  0x0001d810       0x24 ./lib/psglobal.a(psmain.o)
                0x0001d810                restore
 .text.dirps    0x0001d834       0x20 ./lib/psglobal.a(psmain.o)
                0x0001d834                dirps
 .text.rdclock  0x0001d854       0x14 ./lib/psglobal.a(psmain.o)
                0x0001d854                rdclock
 .text.msclock  0x0001d868       0x1c ./lib/psglobal.a(psmain.o)
                0x0001d868                msclock
 .text.urandom  0x0001d884       0x20 ./lib/psglobal.a(psmain.o)
                0x0001d884                urandom
 .text.NGET16   0x0001d8a4       0x1c ./lib/psglobal.a(psmain.o)
                0x0001d8a4                NGET16
 .text.NSET16   0x0001d8c0       0x24 ./lib/psglobal.a(psmain.o)
                0x0001d8c0                NSET16
 .text.NGET32   0x0001d8e4       0x2c ./lib/psglobal.a(psmain.o)
                0x0001d8e4                NGET32
 .text.get32    0x0001d910       0x2c ./lib/psglobal.a(psmain.o)
                0x0001d910                get32
 .text.NSET32   0x0001d93c       0x2c ./lib/psglobal.a(psmain.o)
                0x0001d93c                NSET32
 .text.NCOPY32  0x0001d968       0x30 ./lib/psglobal.a(psmain.o)
                0x0001d968                NCOPY32
 .text.aton     0x0001d998       0x84 ./lib/psglobal.a(psmain.o)
                0x0001d998                aton
 .text.__spin_lock_init
                0x0001da1c       0x14 ./lib/psglobal.a(psmain.o)
                0x0001da1c                __spin_lock_init
 .text.spin_unlock_irqrestore
                0x0001da30       0x30 ./lib/psglobal.a(psmain.o)
                0x0001da30                spin_unlock_irqrestore
 .text.spin_lock_irqsave
                0x0001da60       0x28 ./lib/psglobal.a(psmain.o)
                0x0001da60                spin_lock_irqsave
 .text.spin_unlock
                0x0001da88       0x14 ./lib/psglobal.a(psmain.o)
                0x0001da88                spin_unlock
 .text.spin_lock
                0x0001da9c       0x14 ./lib/psglobal.a(psmain.o)
                0x0001da9c                spin_lock
 .text.memicmp  0x0001dab0       0x88 ./lib/psglobal.a(psmain.o)
                0x0001dab0                memicmp
 .text.strnicmp
                0x0001db38       0x84 ./lib/psglobal.a(psmain.o)
                0x0001db38                strnicmp
 .text.stricmp  0x0001dbbc       0x7c ./lib/psglobal.a(psmain.o)
                0x0001dbbc                stricmp
 .text.strupr   0x0001dc38       0x40 ./lib/psglobal.a(psmain.o)
                0x0001dc38                strupr
 .text.strdup   0x0001dc78       0x38 ./lib/psglobal.a(psmain.o)
                0x0001dc78                strdup
 .text.mallocw  0x0001dcb0       0x3c ./lib/psglobal.a(psmain.o)
                0x0001dcb0                mallocw
 .text.callocw  0x0001dcec       0x54 ./lib/psglobal.a(psmain.o)
                0x0001dcec                callocw
 .text.udelay   0x0001dd40       0x6c ./lib/psglobal.a(psmain.o)
                0x0001dd40                udelay
 .text.starSAPThread
                0x0001ddac       0x20 ./lib/psglobal.a(psmain.o)
                0x0001ddac                starSAPThread
 .text.sysreboot
                0x0001ddcc       0x38 ./lib/psglobal.a(psmain.o)
                0x0001ddcc                sysreboot
 .text.REBOOT   0x0001de04       0xa4 ./lib/psglobal.a(psmain.o)
                0x0001de04                REBOOT
 .text.get_randnodeid
                0x0001dea8      0x228 ./lib/psglobal.a(eeprom.o)
                0x0001dea8                get_randnodeid
 .text.ReadFromFactory
                0x0001e0d0      0x704 ./lib/psglobal.a(eeprom.o)
                0x0001e0d0                ReadFromFactory
 .text.EEPROMInit_DEFAULT_O_TPLINK
                0x0001e7d4       0xe8 ./lib/psglobal.a(eeprom.o)
                0x0001e7d4                EEPROMInit_DEFAULT_O_TPLINK
 .text.EEPROMInit
                0x0001e8bc      0x41c ./lib/psglobal.a(eeprom.o)
                0x0001e8bc                EEPROMInit
 .text.read_version
                0x0001ecd8      0x160 ./lib/psglobal.a(eeprom.o)
                0x0001ecd8                read_version
 .text.clock    0x0001ee38       0x20 ./lib/psglobal.a(eeprom.o)
                0x0001ee38                clock
 .text.WriteToFlash
                0x0001ee58      0x12c ./lib/psglobal.a(rwflash.o)
                0x0001ee58                WriteToFlash
 .text.ResetToDefalutFlash
                0x0001ef84      0x10c ./lib/psglobal.a(rwflash.o)
                0x0001ef84                ResetToDefalutFlash
 .text.WriteToDefault
                0x0001f090      0x134 ./lib/psglobal.a(rwflash.o)
                0x0001f090                WriteToDefault
 .text.WriteToQC0_Default
                0x0001f1c4      0x19c ./lib/psglobal.a(rwflash.o)
                0x0001f1c4                WriteToQC0_Default
 .text.vProgramCode1
                0x0001f360      0x1bc ./lib/psglobal.a(rwflash.o)
                0x0001f360                vProgramCode1
 .text.vProgramCode2
                0x0001f51c      0x1bc ./lib/psglobal.a(rwflash.o)
                0x0001f51c                vProgramCode2
 .text.vProgramWeb
                0x0001f6d8      0x17c ./lib/psglobal.a(rwflash.o)
                0x0001f6d8                vProgramWeb
 .text.ApUpgradeFirmware
                0x0001f854      0x350 ./lib/psglobal.a(rwflash.o)
                0x0001f854                ApUpgradeFirmware
 .text.vEraseDefault
                0x0001fba4       0x20 ./lib/psglobal.a(rwflash.o)
                0x0001fba4                vEraseDefault
 .text.vEraseEEP
                0x0001fbc4       0x20 ./lib/psglobal.a(rwflash.o)
                0x0001fbc4                vEraseEEP
 .text.vEraseCode2
                0x0001fbe4       0x20 ./lib/psglobal.a(rwflash.o)
                0x0001fbe4                vEraseCode2
 .text.vAllocCode2Memory
                0x0001fc04       0x6c ./lib/psglobal.a(rwflash.o)
                0x0001fc04                vAllocCode2Memory
 .text.vReleaseCode2Memory
                0x0001fc70       0x40 ./lib/psglobal.a(rwflash.o)
                0x0001fc70                vReleaseCode2Memory
 .text.ReadFromFlash
                0x0001fcb0       0x80 ./lib/psglobal.a(rwflash.o)
                0x0001fcb0                ReadFromFlash
 .text.ReadFromDefault
                0x0001fd30       0x80 ./lib/psglobal.a(rwflash.o)
                0x0001fd30                ReadFromDefault
 .text.ReadFromQC0_Default
                0x0001fdb0       0x80 ./lib/psglobal.a(rwflash.o)
                0x0001fdb0                ReadFromQC0_Default
 .text.Reset    0x0001fe30       0x38 ./lib/psglobal.a(rwflash.o)
                0x0001fe30                Reset
 .text.LightToggleProc
                0x0001fe68      0x2c4 ./lib/psglobal.a(led.o)
                0x0001fe68                LightToggleProc
 .text.LightOnForever
                0x0002012c       0xb8 ./lib/psglobal.a(led.o)
                0x0002012c                LightOnForever
 .text.Light_On
                0x000201e4       0x5c ./lib/psglobal.a(led.o)
                0x000201e4                Light_On
 .text.Light_Off
                0x00020240       0x5c ./lib/psglobal.a(led.o)
                0x00020240                Light_Off
 .text.LED_Init
                0x0002029c       0x74 ./lib/psglobal.a(led.o)
                0x0002029c                LED_Init
 .text.SendPacket
                0x00020310      0x2bc ./lib/psglobal.a(pkdriver.o)
                0x00020310                SendPacket
 .text.send_pkt
                0x000205cc      0x230 ./lib/psglobal.a(pkdriver.o)
                0x000205cc                send_pkt
 .text.LanPktInit
                0x000207fc      0x264 ./lib/psglobal.a(pkdriver.o)
                0x000207fc                LanPktInit
 .text.ProcessOtherPckt
                0x00020a60      0x228 ./lib/psglobal.a(pkdriver.o)
                0x00020a60                ProcessOtherPckt
 .text.LanRecv  0x00020c88      0x1d0 ./lib/psglobal.a(pkdriver.o)
                0x00020c88                LanRecv
 .text.OtherPckt_input
                0x00020e58       0x9c ./lib/psglobal.a(pkdriver.o)
                0x00020e58                OtherPckt_input
 .text.BridgeTask
                0x00020ef4       0x24 ./lib/psglobal.a(pkdriver.o)