Archive member included       because of file (symbol)

./lib/mac_code1.a(star_nic_code1.o)
                              /cygdrive/C/ZOT716U2W_SDK_0.01/prod/zot716u2w_code1/build/obj/zotmain_code1.o (star_nic_lan_init)
./lib/psglobal_code1.a(psmain_code1.o)
                              ./lib/mac_code1.a(star_nic_code1.o) (udelay)
./lib/psglobal_code1.a(eeprom_code1.o)
                              ./lib/psglobal_code1.a(psmain_code1.o) (PSUpgradeMode)
./lib/psglobal_code1.a(rwflash_code1.o)
                              ./lib/psglobal_code1.a(eeprom_code1.o) (ReadFromFlash)
./lib/psglobal_code1.a(led_code1.o)
                              ./lib/psglobal_code1.a(psmain_code1.o) (Light_On)
./lib/psglobal_code1.a(pkdriver_code1.o)
                              /cygdrive/C/ZOT716U2W_SDK_0.01/prod/zot716u2w_code1/build/obj/zotmain_code1.o (LanPktInit)
./lib/psglobal_code1.a(io_code1.o)
                              /cygdrive/C/ZOT716U2W_SDK_0.01/prod/zot716u2w_code1/build/obj/zotmain_code1.o (IOInit)
./lib/psglobal_code1.a(spiflash_code1.o)
                              /cygdrive/C/ZOT716U2W_SDK_0.01/prod/zot716u2w_code1/build/obj/zotmain_code1.o (AT91F_SpiInit)
./lib/psglobal_code1.a(crc32_code1.o)
                              ./lib/psglobal_code1.a(rwflash_code1.o) (crc32)
./lib/ipxbeui_code1.a(ipx_code1.o)
                              ./lib/mac_code1.a(star_nic_code1.o) (MyPhysNodeAddress)
./lib/ipxbeui_code1.a(netbeui_code1.o)
                              ./lib/psglobal_code1.a(pkdriver_code1.o) (NT_NETBEUItoIPXInput)
./lib/ntps_code1.a(ntudp_code1.o)
                              ./lib/psglobal_code1.a(psmain_code1.o) (NTUtilityUDP)
./lib/ntps_code1.a(ntutil_code1.o)
                              ./lib/ntps_code1.a(ntudp_code1.o) (UtilSetListViewData)
./lib/ntps_code1.a(ntipxbeui_code1.o)
                              ./lib/psglobal_code1.a(psmain_code1.o) (IPXUtilityInit)
./lib/tftp_zot_code1.a(tftpd_code1.o)
                              ./lib/psglobal_code1.a(psmain_code1.o) (tftpd)
./lib/tcpip_code1.a(etharp_code1.o)
                              ./lib/psglobal_code1.a(pkdriver_code1.o) (etharp_tmr)
./lib/tcpip_code1.a(tcpip_code1.o)
                              ./lib/psglobal_code1.a(pkdriver_code1.o) (Lanface)
./lib/tcpip_code1.a(ip_code1.o)
                              ./lib/tcpip_code1.a(tcpip_code1.o) (ip_input)
./lib/tcpip_code1.a(icmp_code1.o)
                              ./lib/tcpip_code1.a(ip_code1.o) (icmp_input)
./lib/tcpip_code1.a(ip_addr_code1.o)
                              ./lib/tcpip_code1.a(ip_code1.o) (ip_addr_broadcast)
./lib/tcpip_code1.a(ip_frag_code1.o)
                              ./lib/tcpip_code1.a(ip_code1.o) (ip_reass)
./lib/tcpip_code1.a(sockets_code1.o)
                              ./lib/ntps_code1.a(ntudp_code1.o) (lwip_recvfrom)
./lib/tcpip_code1.a(api_lib_code1.o)
                              ./lib/tcpip_code1.a(sockets_code1.o) (netbuf_copy_partial)
./lib/tcpip_code1.a(api_msg_code1.o)
                              ./lib/tcpip_code1.a(tcpip_code1.o) (api_msg_input)
./lib/tcpip_code1.a(mem_code1.o)
                              ./lib/tcpip_code1.a(tcpip_code1.o) (mem_init)
./lib/tcpip_code1.a(memp_code1.o)
                              ./lib/tcpip_code1.a(tcpip_code1.o) (memp_init)
./lib/tcpip_code1.a(sys_code1.o)
                              ./lib/tcpip_code1.a(sockets_code1.o) (sys_sem_wait_timeout)
./lib/tcpip_code1.a(pbuf_code1.o)
                              ./lib/psglobal_code1.a(pkdriver_code1.o) (pbuf_alloc)
./lib/tcpip_code1.a(stats_code1.o)
                              ./lib/tcpip_code1.a(etharp_code1.o) (lwip_stats)
./lib/tcpip_code1.a(raw_code1.o)
                              ./lib/tcpip_code1.a(api_msg_code1.o) (raw_send)
./lib/tcpip_code1.a(udp_code1.o)
                              ./lib/tcpip_code1.a(ip_code1.o) (udp_input)
./lib/tcpip_code1.a(tcp_code1.o)
                              ./lib/tcpip_code1.a(api_msg_code1.o) (tcp_close)
./lib/tcpip_code1.a(tcp_in_code1.o)
                              ./lib/tcpip_code1.a(ip_code1.o) (tcp_input)
./lib/tcpip_code1.a(tcp_out_code1.o)
                              ./lib/tcpip_code1.a(tcp_code1.o) (tcp_enqueue)
./lib/tcpip_code1.a(dhcp_code1.o)
                              ./lib/tcpip_code1.a(tcpip_code1.o) (dhcp_discover)
./lib/tcpip_code1.a(netif_code1.o)
                              ./lib/tcpip_code1.a(ip_code1.o) (netif_list)
./lib/tcpip_code1.a(inet_code1.o)
                              ./lib/ntps_code1.a(ntudp_code1.o) (inet_chksum_pseudo)
./lib/tcpip_code1.a(sys_arch_code1.o)
                              ./lib/tcpip_code1.a(tcpip_code1.o) (sys_init)
/cygdrive/C/ZOT716U2W_SDK_0.01/ecos/ecos_install/lib/libtarget.a(infra_startup.o)
                              /cygdrive/C/ZOT716U2W_SDK_0.01/ecos/ecos_install/lib/vectors.o (cyg_start)
[...]
Memory Configuration

Name             Origin             Length             Attributes
ram              0x00000000         0x00800000
*default*        0x00000000         0xffffffff

Linker script and memory map

LOAD /cygdrive/C/ZOT716U2W_SDK_0.01/ecos/ecos_install/lib/vectors.o
LOAD /cygdrive/C/ZOT716U2W_SDK_0.01/prod/zot716u2w_code1/build/obj/zotmain_code1.o
LOAD ./lib/mac_code1.a
LOAD ./lib/psglobal_code1.a
LOAD ./lib/ipxbeui_code1.a
LOAD ./lib/ntps_code1.a
LOAD ./lib/tftp_zot_code1.a
LOAD ./lib/tcpip_code1.a
LOAD ./lib/psutility_code1.a
LOAD /cygdrive/C/ZOT716U2W_SDK_0.01/ecos/ecos_install/lib/extras.o
START GROUP
LOAD /cygdrive/C/ZOT716U2W_SDK_0.01/ecos/ecos_install/lib/libtarget.a
LOAD /tools/H-i686-pc-cygwin/lib/gcc-lib/arm-elf/2.95.2/libgcc.a
END GROUP

.debug_aranges  0x00000000     0x1338
 *(.debug_aranges)
 .debug_aranges
                0x00000000      0x178 /cygdrive/C/ZOT716U2W_SDK_0.01/ecos/ecos_install/lib/extras.o
 .debug_aranges
                0x00000178       0x28 /cygdrive/C/ZOT716U2W_SDK_0.01/ecos/ecos_install/lib/libtarget.a(infra_startup.o)
 .debug_aranges
                0x000001a0       0x28 /cygdrive/C/ZOT716U2W_SDK_0.01/ecos/ecos_install/lib/libtarget.a(infra_prestart.o)
 .debug_aranges
                0x000001c8       0x28 /cygdrive/C/ZOT716U2W_SDK_0.01/ecos/ecos_install/lib/libtarget.a(infra_pkgstart.o)
 .debug_aranges
                0x000001f0       0x88 /cygdrive/C/ZOT716U2W_SDK_0.01/ecos/ecos_install/lib/libtarget.a(infra_diag.o)
 .debug_aranges
                0x00000278       0x28 /cygdrive/C/ZOT716U2W_SDK_0.01/ecos/ecos_install/lib/libtarget.a(infra_memcpy.o)
 .debug_aranges
                0x000002a0       0x28 /cygdrive/C/ZOT716U2W_SDK_0.01/ecos/ecos_install/lib/libtarget.a(infra_memset.o)
 .debug_aranges
                0x000002c8      0x3a0 /cygdrive/C/ZOT716U2W_SDK_0.01/ecos/ecos_install/lib/libtarget.a(kernel_kapi.o)
 .debug_aranges
                0x00000668       0xf8 /cygdrive/C/ZOT716U2W_SDK_0.01/ecos/ecos_install/lib/libtarget.a(kernel_thread.o)
 .debug_aranges
                0x00000760       0x60 /cygdrive/C/ZOT716U2W_SDK_0.01/ecos/ecos_install/lib/libtarget.a(kernel_except.o)
 .debug_aranges
                0x000007c0       0xb0 /cygdrive/C/ZOT716U2W_SDK_0.01/ecos/ecos_install/lib/libtarget.a(kernel_intr.o)
 .debug_aranges
                0x00000870       0xe0 /cygdrive/C/ZOT716U2W_SDK_0.01/ecos/ecos_install/lib/libtarget.a(kernel_memfixed.o)
 .debug_aranges
                0x00000950       0xe8 /cygdrive/C/ZOT716U2W_SDK_0.01/ecos/ecos_install/lib/libtarget.a(kernel_memvar.o)
 .debug_aranges
                0x00000a38       0xc8 /cygdrive/C/ZOT716U2W_SDK_0.01/ecos/ecos_install/lib/libtarget.a(kernel_mlqueue.o)
 .debug_aranges
                0x00000b00       0x60 /cygdrive/C/ZOT716U2W_SDK_0.01/ecos/ecos_install/lib/libtarget.a(kernel_sched.o)
 .debug_aranges
                0x00000b60       0x58 /cygdrive/C/ZOT716U2W_SDK_0.01/ecos/ecos_install/lib/libtarget.a(kernel_cnt_sem.o)
 .debug_aranges
                0x00000bb8       0x58 /cygdrive/C/ZOT716U2W_SDK_0.01/ecos/ecos_install/lib/libtarget.a(kernel_flag.o)
 .debug_aranges
                0x00000c10       0xb0 /cygdrive/C/ZOT716U2W_SDK_0.01/ecos/ecos_install/lib/libtarget.a(kernel_mbox.o)
 .debug_aranges
                0x00000cc0       0x80 /cygdrive/C/ZOT716U2W_SDK_0.01/ecos/ecos_install/lib/libtarget.a(kernel_mutex.o)
 .debug_aranges
                0x00000d40       0x28 /cygdrive/C/ZOT716U2W_SDK_0.01/ecos/ecos_install/lib/libtarget.a(language_c_libc_sprintf.o)
 .debug_aranges
                0x00000d68       0x30 /cygdrive/C/ZOT716U2W_SDK_0.01/ecos/ecos_install/lib/libtarget.a(language_c_libc_vsnprintf.o)
 .debug_aranges
                0x00000d98       0x30 /cygdrive/C/ZOT716U2W_SDK_0.01/ecos/ecos_install/lib/libtarget.a(language_c_libc_vfnprintf.o)
 .debug_aranges
                0x00000dc8       0x28 /cygdrive/C/ZOT716U2W_SDK_0.01/ecos/ecos_install/lib/libtarget.a(language_c_libc_atoi.o)
 .debug_aranges
                0x00000df0       0x60 /cygdrive/C/ZOT716U2W_SDK_0.01/ecos/ecos_install/lib/libtarget.a(language_c_libc_malloc.o)
 .debug_aranges
                0x00000e50       0x38 /cygdrive/C/ZOT716U2W_SDK_0.01/ecos/ecos_install/lib/libtarget.a(language_c_libc_rand.o)
 .debug_aranges
                0x00000e88       0x28 /cygdrive/C/ZOT716U2W_SDK_0.01/ecos/ecos_install/lib/libtarget.a(language_c_libc_strtol.o)
 .debug_aranges
                0x00000eb0       0x28 /cygdrive/C/ZOT716U2W_SDK_0.01/ecos/ecos_install/lib/libtarget.a(language_c_libc_memchr.o)
 .debug_aranges
                0x00000ed8       0x28 /cygdrive/C/ZOT716U2W_SDK_0.01/ecos/ecos_install/lib/libtarget.a(language_c_libc_memcmp.o)
 .debug_aranges
                0x00000f00       0x28 /cygdrive/C/ZOT716U2W_SDK_0.01/ecos/ecos_install/lib/libtarget.a(language_c_libc_strcmp.o)
 .debug_aranges
                0x00000f28       0x28 /cygdrive/C/ZOT716U2W_SDK_0.01/ecos/ecos_install/lib/libtarget.a(language_c_libc_strcpy.o)
 .debug_aranges
                0x00000f50       0x28 /cygdrive/C/ZOT716U2W_SDK_0.01/ecos/ecos_install/lib/libtarget.a(language_c_libc_strlen.o)
 .debug_aranges
                0x00000f78       0x28 /cygdrive/C/ZOT716U2W_SDK_0.01/ecos/ecos_install/lib/libtarget.a(language_c_libc_strncmp.o)
 .debug_aranges
                0x00000fa0       0x50 /cygdrive/C/ZOT716U2W_SDK_0.01/ecos/ecos_install/lib/libtarget.a(hal_arm_arch_hal_misc.o)
 .debug_aranges
                0x00000ff0       0xa0 /cygdrive/C/ZOT716U2W_SDK_0.01/ecos/ecos_install/lib/libtarget.a(hal_arm_zot716u2_zot716u2_misc.o)
 .debug_aranges
                0x00001090       0x48 /cygdrive/C/ZOT716U2W_SDK_0.01/ecos/ecos_install/lib/libtarget.a(hal_arm_zot716u2_hal_diag.o)
 .debug_aranges
                0x000010d8       0x30 /cygdrive/C/ZOT716U2W_SDK_0.01/ecos/ecos_install/lib/libtarget.a(infra_delete.o)
 .debug_aranges
                0x00001108       0xd0 /cygdrive/C/ZOT716U2W_SDK_0.01/ecos/ecos_install/lib/libtarget.a(kernel_clock.o)
 .debug_aranges
                0x000011d8       0x28 /cygdrive/C/ZOT716U2W_SDK_0.01/ecos/ecos_install/lib/libtarget.a(language_c_libc_isalpha.o)
 .debug_aranges
                0x00001200       0x28 /cygdrive/C/ZOT716U2W_SDK_0.01/ecos/ecos_install/lib/libtarget.a(language_c_libc_isdigit.o)
 .debug_aranges
                0x00001228       0x28 /cygdrive/C/ZOT716U2W_SDK_0.01/ecos/ecos_install/lib/libtarget.a(language_c_libc_islower.o)
 .debug_aranges
                0x00001250       0x28 /cygdrive/C/ZOT716U2W_SDK_0.01/ecos/ecos_install/lib/libtarget.a(language_c_libc_isspace.o)
 .debug_aranges
                0x00001278       0x28 /cygdrive/C/ZOT716U2W_SDK_0.01/ecos/ecos_install/lib/libtarget.a(language_c_libc_isupper.o)
 .debug_aranges
                0x000012a0       0x58 /cygdrive/C/ZOT716U2W_SDK_0.01/ecos/ecos_install/lib/libtarget.a(language_c_libc_stream.o)
 .debug_aranges
                0x000012f8       0x20 /tools/H-i686-pc-cygwin/lib/gcc-lib/arm-elf/2.95.2/libgcc.a(_udivdi3.o)
 .debug_aranges
                0x00001318       0x20 /tools/H-i686-pc-cygwin/lib/gcc-lib/arm-elf/2.95.2/libgcc.a(_umoddi3.o)

.debug_pubnames
                0x00000000     0x3025
 *(.debug_pubnames)
 .debug_pubnames
                0x00000000      0x10b /cygdrive/C/ZOT716U2W_SDK_0.01/ecos/ecos_install/lib/extras.o
 .debug_pubnames
                0x0000010b       0x20 /cygdrive/C/ZOT716U2W_SDK_0.01/ecos/ecos_install/lib/libtarget.a(infra_startup.o)
 .debug_pubnames
                0x0000012b       0x23 /cygdrive/C/ZOT716U2W_SDK_0.01/ecos/ecos_install/lib/libtarget.a(infra_prestart.o)
 .debug_pubnames
                0x0000014e       0x28 /cygdrive/C/ZOT716U2W_SDK_0.01/ecos/ecos_install/lib/libtarget.a(infra_pkgstart.o)
 .debug_pubnames
                0x00000176       0xb6 /cygdrive/C/ZOT716U2W_SDK_0.01/ecos/ecos_install/lib/libtarget.a(infra_diag.o)
 .debug_pubnames
                0x0000022c       0x1e /cygdrive/C/ZOT716U2W_SDK_0.01/ecos/ecos_install/lib/libtarget.a(infra_memcpy.o)
 .debug_pubnames
                0x0000024a       0x1e /cygdrive/C/ZOT716U2W_SDK_0.01/ecos/ecos_install/lib/libtarget.a(infra_memset.o)
 .debug_pubnames
                0x00000268      0xaa6 /cygdrive/C/ZOT716U2W_SDK_0.01/ecos/ecos_install/lib/libtarget.a(kernel_kapi.o)
 .debug_pubnames
                0x00000d0e      0x2ce /cygdrive/C/ZOT716U2W_SDK_0.01/ecos/ecos_install/lib/libtarget.a(kernel_thread.o)
 .debug_pubnames
                0x00000fdc      0x10b /cygdrive/C/ZOT716U2W_SDK_0.01/ecos/ecos_install/lib/libtarget.a(kernel_except.o)
 .debug_pubnames
                0x000010e7      0x25d /cygdrive/C/ZOT716U2W_SDK_0.01/ecos/ecos_install/lib/libtarget.a(kernel_intr.o)
 .debug_pubnames
                0x00001344      0x4b1 /cygdrive/C/ZOT716U2W_SDK_0.01/ecos/ecos_install/lib/libtarget.a(kernel_memfixed.o)
 .debug_pubnames
                0x000017f5      0x550 /cygdrive/C/ZOT716U2W_SDK_0.01/ecos/ecos_install/lib/libtarget.a(kernel_memvar.o)
 .debug_pubnames
                0x00001d45      0x400 /cygdrive/C/ZOT716U2W_SDK_0.01/ecos/ecos_install/lib/libtarget.a(kernel_mlqueue.o)
 .debug_pubnames
                0x00002145       0xe3 /cygdrive/C/ZOT716U2W_SDK_0.01/ecos/ecos_install/lib/libtarget.a(kernel_sched.o)
 .debug_pubnames
                0x00002228      0x121 /cygdrive/C/ZOT716U2W_SDK_0.01/ecos/ecos_install/lib/libtarget.a(kernel_cnt_sem.o)
 .debug_pubnames
                0x00002349       0xa7 /cygdrive/C/ZOT716U2W_SDK_0.01/ecos/ecos_install/lib/libtarget.a(kernel_flag.o)
 .debug_pubnames
                0x000023f0      0x1fd /cygdrive/C/ZOT716U2W_SDK_0.01/ecos/ecos_install/lib/libtarget.a(kernel_mbox.o)
 .debug_pubnames
                0x000025ed      0x18f /cygdrive/C/ZOT716U2W_SDK_0.01/ecos/ecos_install/lib/libtarget.a(kernel_mutex.o)
 .debug_pubnames
                0x0000277c       0x1f /cygdrive/C/ZOT716U2W_SDK_0.01/ecos/ecos_install/lib/libtarget.a(language_c_libc_sprintf.o)
 .debug_pubnames
                0x0000279b       0x21 /cygdrive/C/ZOT716U2W_SDK_0.01/ecos/ecos_install/lib/libtarget.a(language_c_libc_vsnprintf.o)
 .debug_pubnames
                0x000027bc       0x21 /cygdrive/C/ZOT716U2W_SDK_0.01/ecos/ecos_install/lib/libtarget.a(language_c_libc_vfnprintf.o)
 .debug_pubnames
                0x000027dd       0x1c /cygdrive/C/ZOT716U2W_SDK_0.01/ecos/ecos_install/lib/libtarget.a(language_c_libc_atoi.o)
 .debug_pubnames
                0x000027f9       0x7d /cygdrive/C/ZOT716U2W_SDK_0.01/ecos/ecos_install/lib/libtarget.a(language_c_libc_malloc.o)
 .debug_pubnames
                0x00002876       0x33 /cygdrive/C/ZOT716U2W_SDK_0.01/ecos/ecos_install/lib/libtarget.a(language_c_libc_rand.o)
 .debug_pubnames
                0x000028a9       0x1e /cygdrive/C/ZOT716U2W_SDK_0.01/ecos/ecos_install/lib/libtarget.a(language_c_libc_strtol.o)
 .debug_pubnames
                0x000028c7       0x1e /cygdrive/C/ZOT716U2W_SDK_0.01/ecos/ecos_install/lib/libtarget.a(language_c_libc_memchr.o)
 .debug_pubnames
                0x000028e5       0x1e /cygdrive/C/ZOT716U2W_SDK_0.01/ecos/ecos_install/lib/libtarget.a(language_c_libc_memcmp.o)
 .debug_pubnames
                0x00002903       0x1e /cygdrive/C/ZOT716U2W_SDK_0.01/ecos/ecos_install/lib/libtarget.a(language_c_libc_strcmp.o)
 .debug_pubnames
                0x00002921       0x1e /cygdrive/C/ZOT716U2W_SDK_0.01/ecos/ecos_install/lib/libtarget.a(language_c_libc_strcpy.o)
 .debug_pubnames
                0x0000293f       0x1e /cygdrive/C/ZOT716U2W_SDK_0.01/ecos/ecos_install/lib/libtarget.a(language_c_libc_strlen.o)
 .debug_pubnames
                0x0000295d       0x1f /cygdrive/C/ZOT716U2W_SDK_0.01/ecos/ecos_install/lib/libtarget.a(language_c_libc_strncmp.o)
 .debug_pubnames
                0x0000297c       0x4c /cygdrive/C/ZOT716U2W_SDK_0.01/ecos/ecos_install/lib/libtarget.a(language_c_libc_strsuppt.o)
 .debug_pubnames
                0x000029c8       0x99 /cygdrive/C/ZOT716U2W_SDK_0.01/ecos/ecos_install/lib/libtarget.a(hal_arm_arch_hal_misc.o)
 .debug_pubnames
                0x00002a61      0x113 /cygdrive/C/ZOT716U2W_SDK_0.01/ecos/ecos_install/lib/libtarget.a(hal_arm_zot716u2_zot716u2_misc.o)
 .debug_pubnames
                0x00002b74       0x53 /cygdrive/C/ZOT716U2W_SDK_0.01/ecos/ecos_install/lib/libtarget.a(hal_arm_zot716u2_hal_diag.o)
 .debug_pubnames
                0x00002bc7       0x3d /cygdrive/C/ZOT716U2W_SDK_0.01/ecos/ecos_install/lib/libtarget.a(infra_delete.o)
 .debug_pubnames
                0x00002c04      0x22d /cygdrive/C/ZOT716U2W_SDK_0.01/ecos/ecos_install/lib/libtarget.a(kernel_clock.o)
 .debug_pubnames
                0x00002e31       0x1f /cygdrive/C/ZOT716U2W_SDK_0.01/ecos/ecos_install/lib/libtarget.a(language_c_libc_isalpha.o)
 .debug_pubnames
                0x00002e50       0x1f /cygdrive/C/ZOT716U2W_SDK_0.01/ecos/ecos_install/lib/libtarget.a(language_c_libc_isdigit.o)
 .debug_pubnames
                0x00002e6f       0x1f /cygdrive/C/ZOT716U2W_SDK_0.01/ecos/ecos_install/lib/libtarget.a(language_c_libc_islower.o)
 .debug_pubnames
                0x00002e8e       0x1f /cygdrive/C/ZOT716U2W_SDK_0.01/ecos/ecos_install/lib/libtarget.a(language_c_libc_isspace.o)
 .debug_pubnames
                0x00002ead       0x1f /cygdrive/C/ZOT716U2W_SDK_0.01/ecos/ecos_install/lib/libtarget.a(language_c_libc_isupper.o)
 .debug_pubnames
                0x00002ecc       0x1c /cygdrive/C/ZOT716U2W_SDK_0.01/ecos/ecos_install/lib/libtarget.a(language_c_libc_errno.o)
 .debug_pubnames
                0x00002ee8       0xfd /cygdrive/C/ZOT716U2W_SDK_0.01/ecos/ecos_install/lib/libtarget.a(language_c_libc_stream.o)
 .debug_pubnames
                0x00002fe5       0x20 /tools/H-i686-pc-cygwin/lib/gcc-lib/arm-elf/2.95.2/libgcc.a(_udivdi3.o)
 .debug_pubnames
                0x00003005       0x20 /tools/H-i686-pc-cygwin/lib/gcc-lib/arm-elf/2.95.2/libgcc.a(_umoddi3.o)

.debug_info     0x00000000    0x7ff28
 *(.debug_info)
 .debug_info    0x00000000     0x9504 /cygdrive/C/ZOT716U2W_SDK_0.01/ecos/ecos_install/lib/extras.o
 .debug_info    0x00009504     0x4d06 /cygdrive/C/ZOT716U2W_SDK_0.01/ecos/ecos_install/lib/libtarget.a(infra_startup.o)
 .debug_info    0x0000e20a      0x3ec /cygdrive/C/ZOT716U2W_SDK_0.01/ecos/ecos_install/lib/libtarget.a(infra_prestart.o)
 .debug_info    0x0000e5f6      0x3f1 /cygdrive/C/ZOT716U2W_SDK_0.01/ecos/ecos_install/lib/libtarget.a(infra_pkgstart.o)
 .debug_info    0x0000e9e7      0xc9f /cygdrive/C/ZOT716U2W_SDK_0.01/ecos/ecos_install/lib/libtarget.a(infra_diag.o)
 .debug_info    0x0000f686      0x4ae /cygdrive/C/ZOT716U2W_SDK_0.01/ecos/ecos_install/lib/libtarget.a(infra_memcpy.o)
 .debug_info    0x0000fb34      0x4b7 /cygdrive/C/ZOT716U2W_SDK_0.01/ecos/ecos_install/lib/libtarget.a(infra_memset.o)
 .debug_info    0x0000ffeb     0xd4a6 /cygdrive/C/ZOT716U2W_SDK_0.01/ecos/ecos_install/lib/libtarget.a(kernel_kapi.o)
 .debug_info    0x0001d491     0x73e1 /cygdrive/C/ZOT716U2W_SDK_0.01/ecos/ecos_install/lib/libtarget.a(kernel_thread.o)
 .debug_info    0x00024872     0x4ee1 /cygdrive/C/ZOT716U2W_SDK_0.01/ecos/ecos_install/lib/libtarget.a(kernel_except.o)
 .debug_info    0x00029753     0x5d29 /cygdrive/C/ZOT716U2W_SDK_0.01/ecos/ecos_install/lib/libtarget.a(kernel_intr.o)
 .debug_info    0x0002f47c     0x737b /cygdrive/C/ZOT716U2W_SDK_0.01/ecos/ecos_install/lib/libtarget.a(kernel_memfixed.o)
 .debug_info    0x000367f7     0x78cd /cygdrive/C/ZOT716U2W_SDK_0.01/ecos/ecos_install/lib/libtarget.a(kernel_memvar.o)
 .debug_info    0x0003e0c4     0x54d7 /cygdrive/C/ZOT716U2W_SDK_0.01/ecos/ecos_install/lib/libtarget.a(kernel_mlqueue.o)
 .debug_info    0x0004359b     0x5691 /cygdrive/C/ZOT716U2W_SDK_0.01/ecos/ecos_install/lib/libtarget.a(kernel_sched.o)
 .debug_info    0x00048c2c     0x5e6d /cygdrive/C/ZOT716U2W_SDK_0.01/ecos/ecos_install/lib/libtarget.a(kernel_cnt_sem.o)
 .debug_info    0x0004ea99     0x5e1f /cygdrive/C/ZOT716U2W_SDK_0.01/ecos/ecos_install/lib/libtarget.a(kernel_flag.o)
 .debug_info    0x000548b8     0x7556 /cygdrive/C/ZOT716U2W_SDK_0.01/ecos/ecos_install/lib/libtarget.a(kernel_mbox.o)
 .debug_info    0x0005be0e     0x6535 /cygdrive/C/ZOT716U2W_SDK_0.01/ecos/ecos_install/lib/libtarget.a(kernel_mutex.o)
 .debug_info    0x00062343     0x31fd /cygdrive/C/ZOT716U2W_SDK_0.01/ecos/ecos_install/lib/libtarget.a(language_c_libc_sprintf.o)
 .debug_info    0x00065540     0x3346 /cygdrive/C/ZOT716U2W_SDK_0.01/ecos/ecos_install/lib/libtarget.a(language_c_libc_vsnprintf.o)
 .debug_info    0x00068886     0x1617 /cygdrive/C/ZOT716U2W_SDK_0.01/ecos/ecos_install/lib/libtarget.a(language_c_libc_vfnprintf.o)
 .debug_info    0x00069e9d      0x647 /cygdrive/C/ZOT716U2W_SDK_0.01/ecos/ecos_install/lib/libtarget.a(language_c_libc_atoi.o)
 .debug_info    0x0006a4e4     0x5d98 /cygdrive/C/ZOT716U2W_SDK_0.01/ecos/ecos_install/lib/libtarget.a(language_c_libc_malloc.o)
 .debug_info    0x0007027c      0x6d6 /cygdrive/C/ZOT716U2W_SDK_0.01/ecos/ecos_install/lib/libtarget.a(language_c_libc_rand.o)
 .debug_info    0x00070952      0x6e7 /cygdrive/C/ZOT716U2W_SDK_0.01/ecos/ecos_install/lib/libtarget.a(language_c_libc_strtol.o)
 .debug_info    0x00071039      0x54b /cygdrive/C/ZOT716U2W_SDK_0.01/ecos/ecos_install/lib/libtarget.a(language_c_libc_memchr.o)
 .debug_info    0x00071584      0x4fb /cygdrive/C/ZOT716U2W_SDK_0.01/ecos/ecos_install/lib/libtarget.a(language_c_libc_memcmp.o)
 .debug_info    0x00071a7f      0x52f /cygdrive/C/ZOT716U2W_SDK_0.01/ecos/ecos_install/lib/libtarget.a(language_c_libc_strcmp.o)
 .debug_info    0x00071fae      0x51f /cygdrive/C/ZOT716U2W_SDK_0.01/ecos/ecos_install/lib/libtarget.a(language_c_libc_strcpy.o)
 .debug_info    0x000724cd      0x4fa /cygdrive/C/ZOT716U2W_SDK_0.01/ecos/ecos_install/lib/libtarget.a(language_c_libc_strlen.o)
 .debug_info    0x000729c7      0x51c /cygdrive/C/ZOT716U2W_SDK_0.01/ecos/ecos_install/lib/libtarget.a(language_c_libc_strncmp.o)
 .debug_info    0x00072ee3      0x3c5 /cygdrive/C/ZOT716U2W_SDK_0.01/ecos/ecos_install/lib/libtarget.a(language_c_libc_strsuppt.o)
 .debug_info    0x000732a8      0x6c8 /cygdrive/C/ZOT716U2W_SDK_0.01/ecos/ecos_install/lib/libtarget.a(hal_arm_arch_hal_misc.o)
 .debug_info    0x00073970      0xa43 /cygdrive/C/ZOT716U2W_SDK_0.01/ecos/ecos_install/lib/libtarget.a(hal_arm_zot716u2_zot716u2_misc.o)
 .debug_info    0x000743b3      0x5ff /cygdrive/C/ZOT716U2W_SDK_0.01/ecos/ecos_install/lib/libtarget.a(hal_arm_zot716u2_hal_diag.o)
 .debug_info    0x000749b2      0x3e0 /cygdrive/C/ZOT716U2W_SDK_0.01/ecos/ecos_install/lib/libtarget.a(infra_delete.o)
 .debug_info    0x00074d92     0x63f1 /cygdrive/C/ZOT716U2W_SDK_0.01/ecos/ecos_install/lib/libtarget.a(kernel_clock.o)
 .debug_info    0x0007b183      0x39f /cygdrive/C/ZOT716U2W_SDK_0.01/ecos/ecos_install/lib/libtarget.a(language_c_libc_isalpha.o)
 .debug_info    0x0007b522      0x39f /cygdrive/C/ZOT716U2W_SDK_0.01/ecos/ecos_install/lib/libtarget.a(language_c_libc_isdigit.o)
 .debug_info    0x0007b8c1      0x39f /cygdrive/C/ZOT716U2W_SDK_0.01/ecos/ecos_install/lib/libtarget.a(language_c_libc_islower.o)
 .debug_info    0x0007bc60      0x39f /cygdrive/C/ZOT716U2W_SDK_0.01/ecos/ecos_install/lib/libtarget.a(language_c_libc_isspace.o)
 .debug_info    0x0007bfff      0x39f /cygdrive/C/ZOT716U2W_SDK_0.01/ecos/ecos_install/lib/libtarget.a(language_c_libc_isupper.o)
 .debug_info    0x0007c39e      0x409 /cygdrive/C/ZOT716U2W_SDK_0.01/ecos/ecos_install/lib/libtarget.a(language_c_libc_errno.o)
 .debug_info    0x0007c7a7     0x35df /cygdrive/C/ZOT716U2W_SDK_0.01/ecos/ecos_install/lib/libtarget.a(language_c_libc_stream.o)
 .debug_info    0x0007fd86       0x62 /tools/H-i686-pc-cygwin/lib/gcc-lib/arm-elf/2.95.2/libgcc.a(_ctors.o)
 .debug_info    0x0007fde8       0xa0 /tools/H-i686-pc-cygwin/lib/gcc-lib/arm-elf/2.95.2/libgcc.a(_udivdi3.o)
 .debug_info    0x0007fe88       0xa0 /tools/H-i686-pc-cygwin/lib/gcc-lib/arm-elf/2.95.2/libgcc.a(_umoddi3.o)

.debug_abbrev   0x00000000     0x70c3
 *(.debug_abbrev)
 .debug_abbrev  0x00000000      0x838 /cygdrive/C/ZOT716U2W_SDK_0.01/ecos/ecos_install/lib/extras.o
 .debug_abbrev  0x00000838      0x404 /cygdrive/C/ZOT716U2W_SDK_0.01/ecos/ecos_install/lib/libtarget.a(infra_startup.o)
 .debug_abbrev  0x00000c3c       0x70 /cygdrive/C/ZOT716U2W_SDK_0.01/ecos/ecos_install/lib/libtarget.a(infra_prestart.o)
 .debug_abbrev  0x00000cac       0x70 /cygdrive/C/ZOT716U2W_SDK_0.01/ecos/ecos_install/lib/libtarget.a(infra_pkgstart.o)
 .debug_abbrev  0x00000d1c      0x1fa /cygdrive/C/ZOT716U2W_SDK_0.01/ecos/ecos_install/lib/libtarget.a(infra_diag.o)
 .debug_abbrev  0x00000f16       0xb0 /cygdrive/C/ZOT716U2W_SDK_0.01/ecos/ecos_install/lib/libtarget.a(infra_memcpy.o)
 .debug_abbrev  0x00000fc6       0xb1 /cygdrive/C/ZOT716U2W_SDK_0.01/ecos/ecos_install/lib/libtarget.a(infra_memset.o)
 .debug_abbrev  0x00001077      0x580 /cygdrive/C/ZOT716U2W_SDK_0.01/ecos/ecos_install/lib/libtarget.a(kernel_kapi.o)
 .debug_abbrev  0x000015f7      0x57a /cygdrive/C/ZOT716U2W_SDK_0.01/ecos/ecos_install/lib/libtarget.a(kernel_thread.o)
 .debug_abbrev  0x00001b71      0x49e /cygdrive/C/ZOT716U2W_SDK_0.01/ecos/ecos_install/lib/libtarget.a(kernel_except.o)
 .debug_abbrev  0x0000200f      0x555 /cygdrive/C/ZOT716U2W_SDK_0.01/ecos/ecos_install/lib/libtarget.a(kernel_intr.o)
 .debug_abbrev  0x00002564      0x4f4 /cygdrive/C/ZOT716U2W_SDK_0.01/ecos/ecos_install/lib/libtarget.a(kernel_memfixed.o)
 .debug_abbrev  0x00002a58      0x518 /cygdrive/C/ZOT716U2W_SDK_0.01/ecos/ecos_install/lib/libtarget.a(kernel_memvar.o)
 .debug_abbrev  0x00002f70      0x4be /cygdrive/C/ZOT716U2W_SDK_0.01/ecos/ecos_install/lib/libtarget.a(kernel_mlqueue.o)
 .debug_abbrev  0x0000342e      0x502 /cygdrive/C/ZOT716U2W_SDK_0.01/ecos/ecos_install/lib/libtarget.a(kernel_sched.o)
 .debug_abbrev  0x00003930      0x4c1 /cygdrive/C/ZOT716U2W_SDK_0.01/ecos/ecos_install/lib/libtarget.a(kernel_cnt_sem.o)
 .debug_abbrev  0x00003df1      0x4df /cygdrive/C/ZOT716U2W_SDK_0.01/ecos/ecos_install/lib/libtarget.a(kernel_flag.o)
 .debug_abbrev  0x000042d0      0x4bc /cygdrive/C/ZOT716U2W_SDK_0.01/ecos/ecos_install/lib/libtarget.a(kernel_mbox.o)
 .debug_abbrev  0x0000478c      0x4df /cygdrive/C/ZOT716U2W_SDK_0.01/ecos/ecos_install/lib/libtarget.a(kernel_mutex.o)
 .debug_abbrev  0x00004c6b      0x2ae /cygdrive/C/ZOT716U2W_SDK_0.01/ecos/ecos_install/lib/libtarget.a(language_c_libc_sprintf.o)
 .debug_abbrev  0x00004f19      0x2ed /cygdrive/C/ZOT716U2W_SDK_0.01/ecos/ecos_install/lib/libtarget.a(language_c_libc_vsnprintf.o)
 .debug_abbrev  0x00005206      0x2ae /cygdrive/C/ZOT716U2W_SDK_0.01/ecos/ecos_install/lib/libtarget.a(language_c_libc_vfnprintf.o)
 .debug_abbrev  0x000054b4      0x100 /cygdrive/C/ZOT716U2W_SDK_0.01/ecos/ecos_install/lib/libtarget.a(language_c_libc_atoi.o)
 .debug_abbrev  0x000055b4      0x46a /cygdrive/C/ZOT716U2W_SDK_0.01/ecos/ecos_install/lib/libtarget.a(language_c_libc_malloc.o)
 .debug_abbrev  0x00005a1e      0x124 /cygdrive/C/ZOT716U2W_SDK_0.01/ecos/ecos_install/lib/libtarget.a(language_c_libc_rand.o)
 .debug_abbrev  0x00005b42      0x113 /cygdrive/C/ZOT716U2W_SDK_0.01/ecos/ecos_install/lib/libtarget.a(language_c_libc_strtol.o)
 .debug_abbrev  0x00005c55       0xdf /cygdrive/C/ZOT716U2W_SDK_0.01/ecos/ecos_install/lib/libtarget.a(language_c_libc_memchr.o)
 .debug_abbrev  0x00005d34       0xd4 /cygdrive/C/ZOT716U2W_SDK_0.01/ecos/ecos_install/lib/libtarget.a(language_c_libc_memcmp.o)
 .debug_abbrev  0x00005e08       0xeb /cygdrive/C/ZOT716U2W_SDK_0.01/ecos/ecos_install/lib/libtarget.a(language_c_libc_strcmp.o)
 .debug_abbrev  0x00005ef3       0xd3 /cygdrive/C/ZOT716U2W_SDK_0.01/ecos/ecos_install/lib/libtarget.a(language_c_libc_strcpy.o)
 .debug_abbrev  0x00005fc6       0xe0 /cygdrive/C/ZOT716U2W_SDK_0.01/ecos/ecos_install/lib/libtarget.a(language_c_libc_strlen.o)
 .debug_abbrev  0x000060a6       0xe0 /cygdrive/C/ZOT716U2W_SDK_0.01/ecos/ecos_install/lib/libtarget.a(language_c_libc_strncmp.o)
 .debug_abbrev  0x00006186       0x52 /cygdrive/C/ZOT716U2W_SDK_0.01/ecos/ecos_install/lib/libtarget.a(language_c_libc_strsuppt.o)
 .debug_abbrev  0x000061d8       0xf8 /cygdrive/C/ZOT716U2W_SDK_0.01/ecos/ecos_install/lib/libtarget.a(hal_arm_arch_hal_misc.o)
 .debug_abbrev  0x000062d0      0x104 /cygdrive/C/ZOT716U2W_SDK_0.01/ecos/ecos_install/lib/libtarget.a(hal_arm_zot716u2_zot716u2_misc.o)
 .debug_abbrev  0x000063d4       0xf9 /cygdrive/C/ZOT716U2W_SDK_0.01/ecos/ecos_install/lib/libtarget.a(hal_arm_zot716u2_hal_diag.o)
 .debug_abbrev  0x000064cd       0x6a /cygdrive/C/ZOT716U2W_SDK_0.01/ecos/ecos_install/lib/libtarget.a(infra_delete.o)
 .debug_abbrev  0x00006537      0x595 /cygdrive/C/ZOT716U2W_SDK_0.01/ecos/ecos_install/lib/libtarget.a(kernel_clock.o)
 .debug_abbrev  0x00006acc       0x62 /cygdrive/C/ZOT716U2W_SDK_0.01/ecos/ecos_install/lib/libtarget.a(language_c_libc_isalpha.o)
 .debug_abbrev  0x00006b2e       0x62 /cygdrive/C/ZOT716U2W_SDK_0.01/ecos/ecos_install/lib/libtarget.a(language_c_libc_isdigit.o)
 .debug_abbrev  0x00006b90       0x62 /cygdrive/C/ZOT716U2W_SDK_0.01/ecos/ecos_install/lib/libtarget.a(language_c_libc_islower.o)
 .debug_abbrev  0x00006bf2       0x62 /cygdrive/C/ZOT716U2W_SDK_0.01/ecos/ecos_install/lib/libtarget.a(language_c_libc_isspace.o)
 .debug_abbrev  0x00006c54       0x62 /cygdrive/C/ZOT716U2W_SDK_0.01/ecos/ecos_install/lib/libtarget.a(language_c_libc_isupper.o)
 .debug_abbrev  0x00006cb6       0x6c /cygdrive/C/ZOT716U2W_SDK_0.01/ecos/ecos_install/lib/libtarget.a(language_c_libc_errno.o)
 .debug_abbrev  0x00006d22      0x31d /cygdrive/C/ZOT716U2W_SDK_0.01/ecos/ecos_install/lib/libtarget.a(language_c_libc_stream.o)
 .debug_abbrev  0x0000703f        0xe /tools/H-i686-pc-cygwin/lib/gcc-lib/arm-elf/2.95.2/libgcc.a(_ctors.o)
 .debug_abbrev  0x0000704d       0x3b /tools/H-i686-pc-cygwin/lib/gcc-lib/arm-elf/2.95.2/libgcc.a(_udivdi3.o)
 .debug_abbrev  0x00007088       0x3b /tools/H-i686-pc-cygwin/lib/gcc-lib/arm-elf/2.95.2/libgcc.a(_umoddi3.o)

.debug_line     0x00000000    0x15640
 *(.debug_line)
 .debug_line    0x00000000     0x1f6f /cygdrive/C/ZOT716U2W_SDK_0.01/ecos/ecos_install/lib/extras.o
 .debug_line    0x00001f6f      0x4be /cygdrive/C/ZOT716U2W_SDK_0.01/ecos/ecos_install/lib/libtarget.a(infra_startup.o)
 .debug_line    0x0000242d      0x161 /cygdrive/C/ZOT716U2W_SDK_0.01/ecos/ecos_install/lib/libtarget.a(infra_prestart.o)
 .debug_line    0x0000258e      0x161 /cygdrive/C/ZOT716U2W_SDK_0.01/ecos/ecos_install/lib/libtarget.a(infra_pkgstart.o)
 .debug_line    0x000026ef      0x809 /cygdrive/C/ZOT716U2W_SDK_0.01/ecos/ecos_install/lib/libtarget.a(infra_diag.o)
 .debug_line    0x00002ef8      0x215 /cygdrive/C/ZOT716U2W_SDK_0.01/ecos/ecos_install/lib/libtarget.a(infra_memcpy.o)
 .debug_line    0x0000310d      0x245 /cygdrive/C/ZOT716U2W_SDK_0.01/ecos/ecos_install/lib/libtarget.a(infra_memset.o)
 .debug_line    0x00003352     0x1cd2 /cygdrive/C/ZOT716U2W_SDK_0.01/ecos/ecos_install/lib/libtarget.a(kernel_kapi.o)
 .debug_line    0x00005024     0x1b1f /cygdrive/C/ZOT716U2W_SDK_0.01/ecos/ecos_install/lib/libtarget.a(kernel_thread.o)
 .debug_line    0x00006b43      0x594 /cygdrive/C/ZOT716U2W_SDK_0.01/ecos/ecos_install/lib/libtarget.a(kernel_except.o)
 .debug_line    0x000070d7      0x8c3 /cygdrive/C/ZOT716U2W_SDK_0.01/ecos/ecos_install/lib/libtarget.a(kernel_intr.o)
 .debug_line    0x0000799a     0x1343 /cygdrive/C/ZOT716U2W_SDK_0.01/ecos/ecos_install/lib/libtarget.a(kernel_memfixed.o)
 .debug_line    0x00008cdd     0x167a /cygdrive/C/ZOT716U2W_SDK_0.01/ecos/ecos_install/lib/libtarget.a(kernel_memvar.o)
 .debug_line    0x0000a357      0xc06 /cygdrive/C/ZOT716U2W_SDK_0.01/ecos/ecos_install/lib/libtarget.a(kernel_mlqueue.o)
 .debug_line    0x0000af5d      0x789 /cygdrive/C/ZOT716U2W_SDK_0.01/ecos/ecos_install/lib/libtarget.a(kernel_sched.o)
 .debug_line    0x0000b6e6      0xad5 /cygdrive/C/ZOT716U2W_SDK_0.01/ecos/ecos_install/lib/libtarget.a(kernel_cnt_sem.o)
 .debug_line    0x0000c1bb      0xe80 /cygdrive/C/ZOT716U2W_SDK_0.01/ecos/ecos_install/lib/libtarget.a(kernel_flag.o)
 .debug_line    0x0000d03b     0x1696 /cygdrive/C/ZOT716U2W_SDK_0.01/ecos/ecos_install/lib/libtarget.a(kernel_mbox.o)
 .debug_line    0x0000e6d1      0xfcf /cygdrive/C/ZOT716U2W_SDK_0.01/ecos/ecos_install/lib/libtarget.a(kernel_mutex.o)
 .debug_line    0x0000f6a0      0x48d /cygdrive/C/ZOT716U2W_SDK_0.01/ecos/ecos_install/lib/libtarget.a(language_c_libc_sprintf.o)
 .debug_line    0x0000fb2d      0x52f /cygdrive/C/ZOT716U2W_SDK_0.01/ecos/ecos_install/lib/libtarget.a(language_c_libc_vsnprintf.o)
 .debug_line    0x0001005c      0xb96 /cygdrive/C/ZOT716U2W_SDK_0.01/ecos/ecos_install/lib/libtarget.a(language_c_libc_vfnprintf.o)
 .debug_line    0x00010bf2      0x1ae /cygdrive/C/ZOT716U2W_SDK_0.01/ecos/ecos_install/lib/libtarget.a(language_c_libc_atoi.o)
 .debug_line    0x00010da0      0x6de /cygdrive/C/ZOT716U2W_SDK_0.01/ecos/ecos_install/lib/libtarget.a(language_c_libc_malloc.o)
 .debug_line    0x0001147e      0x22a /cygdrive/C/ZOT716U2W_SDK_0.01/ecos/ecos_install/lib/libtarget.a(language_c_libc_rand.o)
 .debug_line    0x000116a8      0x372 /cygdrive/C/ZOT716U2W_SDK_0.01/ecos/ecos_install/lib/libtarget.a(language_c_libc_strtol.o)
 .debug_line    0x00011a1a      0x30f /cygdrive/C/ZOT716U2W_SDK_0.01/ecos/ecos_install/lib/libtarget.a(language_c_libc_memchr.o)
 .debug_line    0x00011d29      0x2cd /cygdrive/C/ZOT716U2W_SDK_0.01/ecos/ecos_install/lib/libtarget.a(language_c_libc_memcmp.o)
 .debug_line    0x00011ff6      0x2af /cygdrive/C/ZOT716U2W_SDK_0.01/ecos/ecos_install/lib/libtarget.a(language_c_libc_strcmp.o)
 .debug_line    0x000122a5      0x2af /cygdrive/C/ZOT716U2W_SDK_0.01/ecos/ecos_install/lib/libtarget.a(language_c_libc_strcpy.o)
 .debug_line    0x00012554      0x28f /cygdrive/C/ZOT716U2W_SDK_0.01/ecos/ecos_install/lib/libtarget.a(language_c_libc_strlen.o)
 .debug_line    0x000127e3      0x2f0 /cygdrive/C/ZOT716U2W_SDK_0.01/ecos/ecos_install/lib/libtarget.a(language_c_libc_strncmp.o)
 .debug_line    0x00012ad3      0x2f4 /cygdrive/C/ZOT716U2W_SDK_0.01/ecos/ecos_install/lib/libtarget.a(hal_arm_arch_hal_misc.o)
 .debug_line    0x00012dc7      0x86d /cygdrive/C/ZOT716U2W_SDK_0.01/ecos/ecos_install/lib/libtarget.a(hal_arm_zot716u2_zot716u2_misc.o)
 .debug_line    0x00013634      0x2a6 /cygdrive/C/ZOT716U2W_SDK_0.01/ecos/ecos_install/lib/libtarget.a(hal_arm_zot716u2_hal_diag.o)
 .debug_line    0x000138da      0x136 /cygdrive/C/ZOT716U2W_SDK_0.01/ecos/ecos_install/lib/libtarget.a(infra_delete.o)
 .debug_line    0x00013a10      0xed4 /cygdrive/C/ZOT716U2W_SDK_0.01/ecos/ecos_install/lib/libtarget.a(kernel_clock.o)
 .debug_line    0x000148e4      0x11d /cygdrive/C/ZOT716U2W_SDK_0.01/ecos/ecos_install/lib/libtarget.a(language_c_libc_isalpha.o)
 .debug_line    0x00014a01      0x11d /cygdrive/C/ZOT716U2W_SDK_0.01/ecos/ecos_install/lib/libtarget.a(language_c_libc_isdigit.o)
 .debug_line    0x00014b1e      0x11d /cygdrive/C/ZOT716U2W_SDK_0.01/ecos/ecos_install/lib/libtarget.a(language_c_libc_islower.o)
 .debug_line    0x00014c3b      0x11d /cygdrive/C/ZOT716U2W_SDK_0.01/ecos/ecos_install/lib/libtarget.a(language_c_libc_isspace.o)
 .debug_line    0x00014d58      0x11d /cygdrive/C/ZOT716U2W_SDK_0.01/ecos/ecos_install/lib/libtarget.a(language_c_libc_isupper.o)
 .debug_line    0x00014e75      0x7cb /cygdrive/C/ZOT716U2W_SDK_0.01/ecos/ecos_install/lib/libtarget.a(language_c_libc_stream.o)

.debug_frame
 *(.debug_frame)

.debug_str
 *(.debug_str)

.debug_loc
 *(.debug_loc)

.debug_macinfo
 *(.debug_macinfo)
                0x00000000                __reserved=0x0
                0x00008000                .=(__reserved+0x8000)

.rom_vectors    0x00008000       0x60
                0x00008000                .=.
 *(.vectors)
 .vectors       0x00008000       0x60 /cygdrive/C/ZOT716U2W_SDK_0.01/ecos/ecos_install/lib/vectors.o
                0x00008000                __exception_handlers
                0x00008020                vectors

.text           0x00008060    0x1ec70
                0x00008060                stext=L(.)
                0x00008060                PROVIDE (__stext, L(.))
 *(.text*)
 .text          0x00008060      0x61c /cygdrive/C/ZOT716U2W_SDK_0.01/ecos/ecos_install/lib/vectors.o
                0x00008550                hal_interrupt_stack_call_pending_DSRs
                0x000085b0                __gccmain
                0x00008258                reset_platform
                0x00008060                reset_vector
                0x000085bc                _sp
                0x000085b4                _psr
                0x00008180                start
 .text.cyg_user_start
                0x0000867c       0x44 /cygdrive/C/ZOT716U2W_SDK_0.01/prod/zot716u2w_code1/build/obj/zotmain_code1.o
                0x0000867c                cyg_user_start
 .text.star_nic_phy_config
                0x000086c0      0x170 ./lib/mac_code1.a(star_nic_code1.o)
 .text.star_nic_phy_powerdown
                0x00008830      0x12c ./lib/mac_code1.a(star_nic_code1.o)
 .text.star_nic_phy_powerup
                0x0000895c      0x128 ./lib/mac_code1.a(star_nic_code1.o)
 .text.star_nic_lan_open
                0x00008a84      0x154 ./lib/mac_code1.a(star_nic_code1.o)
 .text.star_nic_buffer_alloc
                0x00008bd8      0x258 ./lib/mac_code1.a(star_nic_code1.o)
 .text.star_nic_receive_packet
                0x00008e30      0x194 ./lib/mac_code1.a(star_nic_code1.o)
                0x00008e30                star_nic_receive_packet
 .text.send_frame
                0x00008fc4      0x198 ./lib/mac_code1.a(star_nic_code1.o)
                0x00008fc4                send_frame
 .text.star_nic_init
                0x0000915c      0x368 ./lib/mac_code1.a(star_nic_code1.o)
 .text.eth3220ac_rt8101_phy_setting
                0x000094c4       0xd4 ./lib/mac_code1.a(star_nic_code1.o)
 .text.eth3220ac_def_linkdown_setting
                0x00009598       0xd8 ./lib/mac_code1.a(star_nic_code1.o)
 .text.eth3220ac_def_linkup_setting
                0x00009670       0xd8 ./lib/mac_code1.a(star_nic_code1.o)
 .text.eth3220ac_link_agc
                0x00009748      0x2c8 ./lib/mac_code1.a(star_nic_code1.o)
 .text.eth3220ac_rt8100_check
                0x00009a10      0x3ec ./lib/mac_code1.a(star_nic_code1.o)
 .text.eth3220ac_rt8100_linkdown
                0x00009dfc      0x108 ./lib/mac_code1.a(star_nic_code1.o)
 .text.eth3220ac_normal_phy_setting
                0x00009f04       0xd8 ./lib/mac_code1.a(star_nic_code1.o)
 .text.wp3220ac_phystate
                0x00009fdc      0x65c ./lib/mac_code1.a(star_nic_code1.o)
 .text.eth3220ac_10m_agc
                0x0000a638      0x144 ./lib/mac_code1.a(star_nic_code1.o)
 .text.eth3220ac_dfe_init
                0x0000a77c      0x158 ./lib/mac_code1.a(star_nic_code1.o)
 .text.eth3220ac_phy_cdr_training_init
                0x0000a8d4      0x26c ./lib/mac_code1.a(star_nic_code1.o)
 .text.internal_phy_patch_check
                0x0000ab40      0x410 ./lib/mac_code1.a(star_nic_code1.o)
 .text.ZOT_phy_update
                0x0000af50       0x28 ./lib/mac_code1.a(star_nic_code1.o)
                0x0000af50                ZOT_phy_update
 .text.rxrc_isr
                0x0000af78       0x24 ./lib/mac_code1.a(star_nic_code1.o)
                0x0000af78                rxrc_isr
 .text.rxqf_isr
                0x0000af9c       0x24 ./lib/mac_code1.a(star_nic_code1.o)
                0x0000af9c                rxqf_isr
 .text.star_nic_receive_isr
                0x0000afc0       0x50 ./lib/mac_code1.a(star_nic_code1.o)
                0x0000afc0                star_nic_receive_isr
 .text.star_nic_rxqf_isr
                0x0000b010       0x50 ./lib/mac_code1.a(star_nic_code1.o)
                0x0000b010                star_nic_rxqf_isr
 .text.star_nic_lan_init
                0x0000b060       0x58 ./lib/mac_code1.a(star_nic_code1.o)
                0x0000b060                star_nic_lan_init
 .text.sti      0x0000b0b8       0x14 ./lib/psglobal_code1.a(psmain_code1.o)
                0x0000b0b8                sti
 .text.cli      0x0000b0cc       0x14 ./lib/psglobal_code1.a(psmain_code1.o)
                0x0000b0cc                cli
 .text.restore  0x0000b0e0       0x24 ./lib/psglobal_code1.a(psmain_code1.o)
                0x0000b0e0                restore
 .text.dirps    0x0000b104       0x20 ./lib/psglobal_code1.a(psmain_code1.o)
                0x0000b104                dirps
 .text.rdclock  0x0000b124       0x14 ./lib/psglobal_code1.a(psmain_code1.o)
                0x0000b124                rdclock
 .text.urandom  0x0000b138       0x20 ./lib/psglobal_code1.a(psmain_code1.o)
                0x0000b138                urandom
 .text.NGET16   0x0000b158       0x1c ./lib/psglobal_code1.a(psmain_code1.o)
                0x0000b158                NGET16
 .text.NSET16   0x0000b174       0x24 ./lib/psglobal_code1.a(psmain_code1.o)
                0x0000b174                NSET16
 .text.NGET32   0x0000b198       0x2c ./lib/psglobal_code1.a(psmain_code1.o)
                0x0000b198                NGET32
 .text.get32    0x0000b1c4       0x2c ./lib/psglobal_code1.a(psmain_code1.o)
                0x0000b1c4                get32
 .text.NSET32   0x0000b1f0       0x2c ./lib/psglobal_code1.a(psmain_code1.o)
                0x0000b1f0                NSET32
 .text.NCOPY32  0x0000b21c       0x30 ./lib/psglobal_code1.a(psmain_code1.o)
                0x0000b21c                NCOPY32
 .text.strnicmp
                0x0000b24c       0x84 ./lib/psglobal_code1.a(psmain_code1.o)
                0x0000b24c                strnicmp
 .text.strupr   0x0000b2d0       0x40 ./lib/psglobal_code1.a(psmain_code1.o)
                0x0000b2d0                strupr
 .text.udelay   0x0000b310       0x2c ./lib/psglobal_code1.a(psmain_code1.o)
                0x0000b310                udelay
 .text.ps_init  0x0000b33c      0x108 ./lib/psglobal_code1.a(psmain_code1.o)
                0x0000b33c                ps_init
 .text.WaitingUpgradeLightFlash
                0x0000b444       0x60 ./lib/psglobal_code1.a(psmain_code1.o)
 .text.get_randnodeid
                0x0000b4a4       0xb0 ./lib/psglobal_code1.a(eeprom_code1.o)
                0x0000b4a4                get_randnodeid
 .text.ReadFromFactory
                0x0000b554      0x5a4 ./lib/psglobal_code1.a(eeprom_code1.o)
                0x0000b554                ReadFromFactory
 .text.EEPROMInit
                0x0000baf8      0x16c ./lib/psglobal_code1.a(eeprom_code1.o)
                0x0000baf8                EEPROMInit
 .text.read_version
                0x0000bc64      0x160 ./lib/psglobal_code1.a(eeprom_code1.o)
                0x0000bc64                read_version
 .text.WriteToFlash
                0x0000bdc4      0x12c ./lib/psglobal_code1.a(rwflash_code1.o)
                0x0000bdc4                WriteToFlash
 .text.WriteToDefault
                0x0000bef0      0x134 ./lib/psglobal_code1.a(rwflash_code1.o)
                0x0000bef0                WriteToDefault
 .text.vProgramCode1
                0x0000c024      0x1bc ./lib/psglobal_code1.a(rwflash_code1.o)
                0x0000c024                vProgramCode1
 .text.vProgramCode2
                0x0000c1e0      0x1bc ./lib/psglobal_code1.a(rwflash_code1.o)
                0x0000c1e0                vProgramCode2
 .text.ApUpgradeFirmware
                0x0000c39c      0x320 ./lib/psglobal_code1.a(rwflash_code1.o)
                0x0000c39c                ApUpgradeFirmware
 .text.vEraseDefault
                0x0000c6bc       0x20 ./lib/psglobal_code1.a(rwflash_code1.o)
                0x0000c6bc                vEraseDefault
 .text.vEraseEEP
                0x0000c6dc       0x20 ./lib/psglobal_code1.a(rwflash_code1.o)
                0x0000c6dc                vEraseEEP
 .text.vAllocCode2Memory
                0x0000c6fc       0x24 ./lib/psglobal_code1.a(rwflash_code1.o)
                0x0000c6fc                vAllocCode2Memory
 .text.vReleaseCode2Memory
                0x0000c720       0x10 ./lib/psglobal_code1.a(rwflash_code1.o)
                0x0000c720                vReleaseCode2Memory
 .text.ReadFromFlash
                0x0000c730       0x80 ./lib/psglobal_code1.a(rwflash_code1.o)
                0x0000c730                ReadFromFlash
 .text.ReadFromDefault
                0x0000c7b0       0x80 ./lib/psglobal_code1.a(rwflash_code1.o)
                0x0000c7b0                ReadFromDefault
 .text.Reset    0x0000c830       0x34 ./lib/psglobal_code1.a(rwflash_code1.o)
                0x0000c830                Reset
 .text.LightToggleProc
                0x0000c864      0x100 ./lib/psglobal_code1.a(led_code1.o)
                0x0000c864                LightToggleProc
 .text.LightOnForever
                0x0000c964       0xb8 ./lib/psglobal_code1.a(led_code1.o)
                0x0000c964                LightOnForever
 .text.Light_On
                0x0000ca1c       0x6c ./lib/psglobal_code1.a(led_code1.o)
                0x0000ca1c                Light_On
 .text.Light_Off
                0x0000ca88       0x48 ./lib/psglobal_code1.a(led_code1.o)
                0x0000ca88                Light_Off
 .text.LED_Init
                0x0000cad0       0x74 ./lib/psglobal_code1.a(led_code1.o)
                0x0000cad0                LED_Init
 .text.LanPktInit
                0x0000cb44      0x210 ./lib/psglobal_code1.a(pkdriver_code1.o)
                0x0000cb44                LanPktInit
 .text.ProcessOtherPckt
                0x0000cd54      0x16c ./lib/psglobal_code1.a(pkdriver_code1.o)
                0x0000cd54                ProcessOtherPckt
 .text.LanRecv  0x0000cec0      0x1a4 ./lib/psglobal_code1.a(pkdriver_code1.o)
                0x0000cec0                LanRecv
 .text.OtherPckt_input
                0x0000d064       0x9c ./lib/psglobal_code1.a(pkdriver_code1.o)
                0x0000d064                OtherPckt_input
 .text.BridgeTask
                0x0000d100       0x24 ./lib/psglobal_code1.a(pkdriver_code1.o)
                0x0000d100                BridgeTask
 .text.ProcessOtherPcktTask
                0x0000d124       0x88 ./lib/psglobal_code1.a(pkdriver_code1.o)
                0x0000d124                ProcessOtherPcktTask
 .text.arp_timer
                0x0000d1ac       0x2c ./lib/psglobal_code1.a(pkdriver_code1.o)
                0x0000d1ac                arp_timer
 .text.cpyfrompbuf
                0x0000d1d8       0x40 ./lib/psglobal_code1.a(pkdriver_code1.o)
                0x0000d1d8                cpyfrompbuf
 .text.SendPacket
                0x0000d218       0x6c ./lib/psglobal_code1.a(pkdriver_code1.o)
                0x0000d218                SendPacket
 .text.send_pkt
                0x0000d284       0x68 ./lib/psglobal_code1.a(pkdriver_code1.o)
                0x0000d284                send_pkt
 .text.ethernetif_output
                0x0000d2ec       0x28 ./lib/psglobal_code1.a(pkdriver_code1.o)
                0x0000d2ec                ethernetif_output
 .text.pk_attach
                0x0000d314       0xa8 ./lib/psglobal_code1.a(pkdriver_code1.o)
                0x0000d314                pk_attach
 .text.LanPktStart
                0x0000d3bc       0x30 ./lib/psglobal_code1.a(pkdriver_code1.o)
                0x0000d3bc                LanPktStart
 .text.IOInit   0x0000d3ec      0x1c8 ./lib/psglobal_code1.a(io_code1.o)
                0x0000d3ec                IOInit
 .text.zot_gpio_isr
                0x0000d5b4       0x24 ./lib/psglobal_code1.a(io_code1.o)
                0x0000d5b4                zot_gpio_isr
 .text.zot_gpio_dsr
                0x0000d5d8       0x34 ./lib/psglobal_code1.a(io_code1.o)
                0x0000d5d8                zot_gpio_dsr
 .text.CacheEnable
                0x0000d60c       0x20 ./lib/psglobal_code1.a(io_code1.o)
                0x0000d60c                CacheEnable
 .text.Spi_Flash_Read_Status_Register
                0x0000d62c      0x178 ./lib/psglobal_code1.a(spiflash_code1.o)
 .text.Spi_Flash_Set_Write_Enable
                0x0000d7a4      0x110 ./lib/psglobal_code1.a(spiflash_code1.o)
 .text.Spi_Flash_Sector_Erase
                0x0000d8b4      0x2b8 ./lib/psglobal_code1.a(spiflash_code1.o)
 .text.Spi_Flash_Read_Data_Bytes
                0x0000db6c      0x4e8 ./lib/psglobal_code1.a(spiflash_code1.o)
                0x0000db6c                Spi_Flash_Read_Data_Bytes
 .text.Spi_Flash_Page_Program_Data_Bytes
                0x0000e054      0x414 ./lib/psglobal_code1.a(spiflash_code1.o)
 .text.AT91F_SpiInit
                0x0000e468       0xf4 ./lib/psglobal_code1.a(spiflash_code1.o)
                0x0000e468                AT91F_SpiInit
 .text.read_flash
                0x0000e55c       0x2c ./lib/psglobal_code1.a(spiflash_code1.o)
                0x0000e55c                read_flash
 .text.vEraseFlash
                0x0000e588       0x60 ./lib/psglobal_code1.a(spiflash_code1.o)
                0x0000e588                vEraseFlash
 .text.vProgramFlash
                0x0000e5e8       0x60 ./lib/psglobal_code1.a(spiflash_code1.o)
                0x0000e5e8                vProgramFlash
 .text.crc32    0x0000e648       0x44 ./lib/psglobal_code1.a(crc32_code1.o)
                0x0000e648                crc32
 .text.IPXOpenSocket
                0x0000e68c      0x178 ./lib/ipxbeui_code1.a(ipx_code1.o)
                0x0000e68c                IPXOpenSocket
 .text.IPXSendPacket
                0x0000e804      0x3bc ./lib/ipxbeui_code1.a(ipx_code1.o)
                0x0000e804                IPXSendPacket
 .text.IPXListenForPacket
                0x0000ebc0       0xb8 ./lib/ipxbeui_code1.a(ipx_code1.o)
                0x0000ebc0                IPXListenForPacket
 .text.IPXInput
                0x0000ec78      0x1b8 ./lib/ipxbeui_code1.a(ipx_code1.o)
                0x0000ec78                IPXInput
 .text.IPXInitialize
                0x0000ee30       0x60 ./lib/ipxbeui_code1.a(ipx_code1.o)
                0x0000ee30                IPXInitialize
 .text.NT_NETBEUItoIPXInput
                0x0000ee90      0x294 ./lib/ipxbeui_code1.a(netbeui_code1.o)
                0x0000ee90                NT_NETBEUItoIPXInput
 .text.NETBEUInit
                0x0000f124       0x88 ./lib/ipxbeui_code1.a(netbeui_code1.o)
                0x0000f124                NETBEUInit
 .text.NT_IPXtoNETBEUIHeader
                0x0000f1ac       0xac ./lib/ipxbeui_code1.a(netbeui_code1.o)
                0x0000f1ac                NT_IPXtoNETBEUIHeader
 .text.NTUtilityUDP
                0x0000f258      0x110 ./lib/ntps_code1.a(ntudp_code1.o)
                0x0000f258                NTUtilityUDP
 .text.my_send_view_box
                0x0000f368      0x21c ./lib/ntps_code1.a(ntudp_code1.o)
                0x0000f368                my_send_view_box
 .text.NTDoCommandUDP
                0x0000f584       0xb8 ./lib/ntps_code1.a(ntudp_code1.o)
 .text.UtilViewBoxUDP
                0x0000f63c       0xa4 ./lib/ntps_code1.a(ntudp_code1.o)
 .text.UtilPrintStatusUDP
                0x0000f6e0       0x94 ./lib/ntps_code1.a(ntudp_code1.o)
 .text.UtilSendDeviceInfoUDP
                0x0000f774       0x74 ./lib/ntps_code1.a(ntudp_code1.o)
 .text.UtilSetListViewData
                0x0000f7e8      0x448 ./lib/ntps_code1.a(ntutil_code1.o)
                0x0000f7e8                UtilSetListViewData
 .text.UtilRemoveBusyStatus
                0x0000fc30       0x4c ./lib/ntps_code1.a(ntutil_code1.o)
                0x0000fc30                UtilRemoveBusyStatus
 .text.UtilGetVersionString
                0x0000fc7c       0x9c ./lib/ntps_code1.a(ntutil_code1.o)
                0x0000fc7c                UtilGetVersionString
 .text.SendUpgradePacket
                0x0000fd18       0xd0 ./lib/ntps_code1.a(ntipxbeui_code1.o)
                0x0000fd18                SendUpgradePacket
 .text.SendUtilityPacket
                0x0000fde8      0x108 ./lib/ntps_code1.a(ntipxbeui_code1.o)
                0x0000fde8                SendUtilityPacket
 .text.IPXUpgrade
                0x0000fef0      0x2e0 ./lib/ntps_code1.a(ntipxbeui_code1.o)
                0x0000fef0                IPXUpgrade
 .text.UtilRecvEEPROM
                0x000101d0       0xd8 ./lib/ntps_code1.a(ntipxbeui_code1.o)
                0x000101d0                UtilRecvEEPROM
 .text.UtilRecvEEPROM_Adv
                0x000102a8      0x1c0 ./lib/ntps_code1.a(ntipxbeui_code1.o)
                0x000102a8                UtilRecvEEPROM_Adv
 .text.UtilityESR
                0x00010468      0x2d0 ./lib/ntps_code1.a(ntipxbeui_code1.o)
                0x00010468                UtilityESR
 .text.UtilUpgradeESR
                0x00010738       0xc0 ./lib/ntps_code1.a(ntipxbeui_code1.o)
                0x00010738                UtilUpgradeESR
 .text.ListenUtilPack
                0x000107f8       0x70 ./lib/ntps_code1.a(ntipxbeui_code1.o)
                0x000107f8                ListenUtilPack
 .text.IPXUtilityInit
                0x00010868       0x8c ./lib/ntps_code1.a(ntipxbeui_code1.o)
                0x00010868                IPXUtilityInit
 .text.UpgradeSocketInit
                0x000108f4       0x88 ./lib/ntps_code1.a(ntipxbeui_code1.o)
                0x000108f4                UpgradeSocketInit
 .text.tftpd    0x0001097c      0x204 ./lib/tftp_zot_code1.a(tftpd_code1.o)
                0x0001097c                tftpd
 .text.tftp     0x00010b80      0x25c ./lib/tftp_zot_code1.a(tftpd_code1.o)
 .text.SendConfigFile
                0x00010ddc      0x110 ./lib/tftp_zot_code1.a(tftpd_code1.o)
 .text.SendZeroByteFile
                0x00010eec       0xdc ./lib/tftp_zot_code1.a(tftpd_code1.o)
 .text.RecvConfigFile
                0x00010fc8      0x154 ./lib/tftp_zot_code1.a(tftpd_code1.o)
 .text.TftpSetEEPROM
                0x0001111c       0xf4 ./lib/tftp_zot_code1.a(tftpd_code1.o)
 .text.nak      0x00011210       0xf8 ./lib/tftp_zot_code1.a(tftpd_code1.o)
 .text.FillConfigFile
                0x00011308      0x2f0 ./lib/tftp_zot_code1.a(tftpd_code1.o)
 .text.ReadConfigData
                0x000115f8      0x3a0 ./lib/tftp_zot_code1.a(tftpd_code1.o)
 .text.SkipLineTitle
                0x00011998      0x118 ./lib/tftp_zot_code1.a(tftpd_code1.o)
 .text.AddrToIP
                0x00011ab0      0x128 ./lib/tftp_zot_code1.a(tftpd_code1.o)
                0x00011ab0                AddrToIP
 .text.TftpDLFlash
                0x00011bd8      0x288 ./lib/tftp_zot_code1.a(tftpd_code1.o)
                0x00011bd8                TftpDLFlash
 .text.TftpDLCode1
                0x00011e60      0x200 ./lib/tftp_zot_code1.a(tftpd_code1.o)
                0x00011e60                TftpDLCode1
 .text.TftpEraseEE
                0x00012060       0x20 ./lib/tftp_zot_code1.a(tftpd_code1.o)
                0x00012060                TftpEraseEE
 .text.IsDHCPOn
                0x00012080       0x84 ./lib/tftp_zot_code1.a(tftpd_code1.o)
 .text.IsPsEnable
                0x00012104       0xb0 ./lib/tftp_zot_code1.a(tftpd_code1.o)
 .text.PrnGetPrinterName
                0x000121b4       0x24 ./lib/tftp_zot_code1.a(tftpd_code1.o)
                0x000121b4                PrnGetPrinterName
 .text.etharp_tmr
                0x000121d8       0xb8 ./lib/tcpip_code1.a(etharp_code1.o)
                0x000121d8                etharp_tmr
 .text.find_entry
                0x00012290      0x2d8 ./lib/tcpip_code1.a(etharp_code1.o)
 .text.update_arp_entry
                0x00012568      0x1f0 ./lib/tcpip_code1.a(etharp_code1.o)
 .text.etharp_arp_input
                0x00012758      0x244 ./lib/tcpip_code1.a(etharp_code1.o)
                0x00012758                etharp_arp_input
 .text.etharp_output
                0x0001299c      0x270 ./lib/tcpip_code1.a(etharp_code1.o)
                0x0001299c                etharp_output
 .text.etharp_query
                0x00012c0c      0x1e0 ./lib/tcpip_code1.a(etharp_code1.o)
                0x00012c0c                etharp_query
 .text.etharp_request
                0x00012dec      0x1ac ./lib/tcpip_code1.a(etharp_code1.o)
                0x00012dec                etharp_request
 .text.etharp_init
                0x00012f98       0x4c ./lib/tcpip_code1.a(etharp_code1.o)
                0x00012f98                etharp_init
 .text.etharp_ip_input
                0x00012fe4       0x90 ./lib/tcpip_code1.a(etharp_code1.o)
                0x00012fe4                etharp_ip_input
 .text.tcpip_thread
                0x00013074      0x10c ./lib/tcpip_code1.a(tcpip_code1.o)
 .text.erase_netif_ipaddr
                0x00013180       0xb4 ./lib/tcpip_code1.a(tcpip_code1.o)
                0x00013180                erase_netif_ipaddr
 .text.updata_netif_ipaddr
                0x00013234       0xb8 ./lib/tcpip_code1.a(tcpip_code1.o)
                0x00013234                updata_netif_ipaddr
 .text.set_factory_ip
                0x000132ec      0x124 ./lib/tcpip_code1.a(tcpip_code1.o)
                0x000132ec                set_factory_ip
 .text.UseEEPROMIP
                0x00013410       0xe0 ./lib/tcpip_code1.a(tcpip_code1.o)
                0x00013410                UseEEPROMIP
 .text.dhcp_init
                0x000134f0      0x1ec ./lib/tcpip_code1.a(tcpip_code1.o)
                0x000134f0                dhcp_init
 .text.tcp_timer_needed
                0x000136dc       0x68 ./lib/tcpip_code1.a(tcpip_code1.o)
                0x000136dc                tcp_timer_needed
 .text.tcpip_apimsg
                0x00013744       0x50 ./lib/tcpip_code1.a(tcpip_code1.o)
                0x00013744                tcpip_apimsg
 .text.tcpip_input
                0x00013794       0x5c ./lib/tcpip_code1.a(tcpip_code1.o)
                0x00013794                tcpip_input
 .text.tcpip_tcp_timer
                0x000137f0       0x60 ./lib/tcpip_code1.a(tcpip_code1.o)
 .text.zot_network_task
                0x00013850       0xf0 ./lib/tcpip_code1.a(tcpip_code1.o)
                0x00013850                zot_network_task
 .text.zot_network_init
                0x00013940       0x64 ./lib/tcpip_code1.a(tcpip_code1.o)
                0x00013940                zot_network_init
 .text.ip_input
                0x000139a4      0x3b0 ./lib/tcpip_code1.a(ip_code1.o)
                0x000139a4                ip_input
 .text.ip_output_if
                0x00013d54      0x248 ./lib/tcpip_code1.a(ip_code1.o)
                0x00013d54                ip_output_if
 .text.ip_init  0x00013f9c       0x10 ./lib/tcpip_code1.a(ip_code1.o)
                0x00013f9c                ip_init
 .text.ip_route
                0x00013fac       0xa8 ./lib/tcpip_code1.a(ip_code1.o)
                0x00013fac                ip_route
 .text.ip_output
                0x00014054      0x114 ./lib/tcpip_code1.a(ip_code1.o)
                0x00014054                ip_output
 .text.icmp_input
                0x00014168      0x2b0 ./lib/tcpip_code1.a(icmp_code1.o)
                0x00014168                icmp_input
 .text.icmp_dest_unreach
                0x00014418      0x108 ./lib/tcpip_code1.a(icmp_code1.o)
                0x00014418                icmp_dest_unreach
 .text.ip_addr_isbroadcast
                0x00014520       0xcc ./lib/tcpip_code1.a(ip_addr_code1.o)
                0x00014520                ip_addr_isbroadcast
 .text.ip_reass
                0x000145ec      0x590 ./lib/tcpip_code1.a(ip_frag_code1.o)
                0x000145ec                ip_reass
 .text.ip_frag  0x00014b7c      0x2e0 ./lib/tcpip_code1.a(ip_frag_code1.o)
                0x00014b7c                ip_frag
 .text.ip_reass_timer
                0x00014e5c       0x4c ./lib/tcpip_code1.a(ip_frag_code1.o)
 .text.alloc_socket
                0x00014ea8       0xb8 ./lib/tcpip_code1.a(sockets_code1.o)
 .text.lwip_recvfrom
                0x00014f60      0x248 ./lib/tcpip_code1.a(sockets_code1.o)
                0x00014f60                lwip_recvfrom
 .text.lwip_send
                0x000151a8      0x12c ./lib/tcpip_code1.a(sockets_code1.o)
                0x000151a8                lwip_send
 .text.event_callback
                0x000152d4      0x1ac ./lib/tcpip_code1.a(sockets_code1.o)
 .text.lwip_setsockopt
                0x00015480      0x280 ./lib/tcpip_code1.a(sockets_code1.o)
                0x00015480                lwip_setsockopt
 .text.lwip_bind
                0x00015700       0xb8 ./lib/tcpip_code1.a(sockets_code1.o)
                0x00015700                lwip_bind
 .text.lwip_close
                0x000157b8       0xbc ./lib/tcpip_code1.a(sockets_code1.o)
                0x000157b8                lwip_close
 .text.lwip_sendto
                0x00015874       0xec ./lib/tcpip_code1.a(sockets_code1.o)
                0x00015874                lwip_sendto
 .text.lwip_socket
                0x00015960       0xa8 ./lib/tcpip_code1.a(sockets_code1.o)
                0x00015960                lwip_socket
 .text.netbuf_copy_partial
                0x00015a08      0x128 ./lib/tcpip_code1.a(api_lib_code1.o)
                0x00015a08                netbuf_copy_partial
 .text.netconn_new_with_callback
                0x00015b30       0xe4 ./lib/tcpip_code1.a(api_lib_code1.o)
                0x00015b30                netconn_new_with_callback
 .text.netconn_delete
                0x00015c14      0x15c ./lib/tcpip_code1.a(api_lib_code1.o)
                0x00015c14                netconn_delete
 .text.netconn_recv
                0x00015d70      0x1e4 ./lib/tcpip_code1.a(api_lib_code1.o)
                0x00015d70                netconn_recv
 .text.netconn_write
                0x00015f54      0x1b0 ./lib/tcpip_code1.a(api_lib_code1.o)
                0x00015f54                netconn_write
 .text.netbuf_new
                0x00016104       0x34 ./lib/tcpip_code1.a(api_lib_code1.o)
                0x00016104                netbuf_new
 .text.netbuf_delete
                0x00016138       0x40 ./lib/tcpip_code1.a(api_lib_code1.o)
                0x00016138                netbuf_delete
 .text.netbuf_ref
                0x00016178       0x64 ./lib/tcpip_code1.a(api_lib_code1.o)
                0x00016178                netbuf_ref
 .text.netbuf_len
                0x000161dc       0x18 ./lib/tcpip_code1.a(api_lib_code1.o)
                0x000161dc                netbuf_len
 .text.netbuf_fromaddr
                0x000161f4       0x14 ./lib/tcpip_code1.a(api_lib_code1.o)
                0x000161f4                netbuf_fromaddr
 .text.netbuf_fromport
                0x00016208       0x14 ./lib/tcpip_code1.a(api_lib_code1.o)
                0x00016208                netbuf_fromport
 .text.netconn_new_with_proto_and_callback
                0x0001621c       0xfc ./lib/tcpip_code1.a(api_lib_code1.o)
                0x0001621c                netconn_new_with_proto_and_callback
 .text.netconn_type
                0x00016318       0x14 ./lib/tcpip_code1.a(api_lib_code1.o)
                0x00016318                netconn_type
 .text.netconn_peer
                0x0001632c       0xa8 ./lib/tcpip_code1.a(api_lib_code1.o)
                0x0001632c                netconn_peer
 .text.netconn_bind
                0x000163d4       0xb0 ./lib/tcpip_code1.a(api_lib_code1.o)
                0x000163d4                netconn_bind
 .text.netconn_connect
                0x00016484       0x9c ./lib/tcpip_code1.a(api_lib_code1.o)
                0x00016484                netconn_connect
 .text.netconn_disconnect
                0x00016520       0x64 ./lib/tcpip_code1.a(api_lib_code1.o)
                0x00016520                netconn_disconnect
 .text.netconn_send
                0x00016584       0x88 ./lib/tcpip_code1.a(api_lib_code1.o)
                0x00016584                netconn_send
 .text.accept_function
                0x0001660c      0x14c ./lib/tcpip_code1.a(api_msg_code1.o)
 .text.do_newconn
                0x00016758      0x19c ./lib/tcpip_code1.a(api_msg_code1.o)
 .text.do_delconn
                0x000168f4      0x170 ./lib/tcpip_code1.a(api_msg_code1.o)
 .text.do_bind  0x00016a64      0x1bc ./lib/tcpip_code1.a(api_msg_code1.o)
 .text.do_connect
                0x00016c20      0x1fc ./lib/tcpip_code1.a(api_msg_code1.o)
 .text.do_write
                0x00016e1c       0xec ./lib/tcpip_code1.a(api_msg_code1.o)
 .text.api_msg_input
                0x00016f08       0x28 ./lib/tcpip_code1.a(api_msg_code1.o)
                0x00016f08                api_msg_input
 .text.api_msg_post
                0x00016f30       0x14 ./lib/tcpip_code1.a(api_msg_code1.o)
                0x00016f30                api_msg_post
 .text.recv_raw
                0x00016f44       0xa0 ./lib/tcpip_code1.a(api_msg_code1.o)
 .text.recv_udp
                0x00016fe4       0xe4 ./lib/tcpip_code1.a(api_msg_code1.o)
 .text.recv_tcp
                0x000170c8       0x98 ./lib/tcpip_code1.a(api_msg_code1.o)
 .text.poll_tcp
                0x00017160       0x3c ./lib/tcpip_code1.a(api_msg_code1.o)
 .text.sent_tcp
                0x0001719c       0x70 ./lib/tcpip_code1.a(api_msg_code1.o)
 .text.err_tcp  0x0001720c       0xb0 ./lib/tcpip_code1.a(api_msg_code1.o)
 .text.do_connected
                0x000172bc       0x98 ./lib/tcpip_code1.a(api_msg_code1.o)
 .text.do_disconnect
                0x00017354       0x58 ./lib/tcpip_code1.a(api_msg_code1.o)
 .text.do_listen
                0x000173ac       0xb0 ./lib/tcpip_code1.a(api_msg_code1.o)
 .text.do_accept
                0x0001745c       0x1c ./lib/tcpip_code1.a(api_msg_code1.o)
 .text.do_send  0x00017478       0x7c ./lib/tcpip_code1.a(api_msg_code1.o)
 .text.do_recv  0x000174f4       0x48 ./lib/tcpip_code1.a(api_msg_code1.o)
 .text.do_close
                0x0001753c       0x60 ./lib/tcpip_code1.a(api_msg_code1.o)
 .text.mem_free
                0x0001759c      0x134 ./lib/tcpip_code1.a(mem_code1.o)
                0x0001759c                mem_free
 .text.mem_realloc
                0x000176d0      0x188 ./lib/tcpip_code1.a(mem_code1.o)
                0x000176d0                mem_realloc
 .text.mem_malloc
                0x00017858      0x18c ./lib/tcpip_code1.a(mem_code1.o)
                0x00017858                mem_malloc
 .text.mem_init
                0x000179e4       0x84 ./lib/tcpip_code1.a(mem_code1.o)
                0x000179e4                mem_init
 .text.memp_init
                0x00017a68      0x13c ./lib/tcpip_code1.a(memp_code1.o)
                0x00017a68                memp_init
 .text.memp_malloc
                0x00017ba4       0xa8 ./lib/tcpip_code1.a(memp_code1.o)
                0x00017ba4                memp_malloc
 .text.memp_free
                0x00017c4c       0x58 ./lib/tcpip_code1.a(memp_code1.o)
                0x00017c4c                memp_free
 .text.sys_timeout
                0x00017ca4       0xc8 ./lib/tcpip_code1.a(sys_code1.o)
                0x00017ca4                sys_timeout
 .text.sys_untimeout
                0x00017d6c       0x8c ./lib/tcpip_code1.a(sys_code1.o)
                0x00017d6c                sys_untimeout
 .text.sys_sem_wait
                0x00017df8       0xb4 ./lib/tcpip_code1.a(sys_code1.o)
                0x00017df8                sys_sem_wait
 .text.sys_mbox_fetch
                0x00017eac       0xc0 ./lib/tcpip_code1.a(sys_code1.o)
                0x00017eac                sys_mbox_fetch
 .text.sys_my_mbox_fetch
                0x00017f6c       0x24 ./lib/tcpip_code1.a(sys_code1.o)
                0x00017f6c                sys_my_mbox_fetch
 .text.pbuf_alloc
                0x00017f90      0x2a4 ./lib/tcpip_code1.a(pbuf_code1.o)
                0x00017f90                pbuf_alloc
 .text.pbuf_realloc
                0x00018234       0xd8 ./lib/tcpip_code1.a(pbuf_code1.o)
                0x00018234                pbuf_realloc
 .text.pbuf_free
                0x0001830c       0xf8 ./lib/tcpip_code1.a(pbuf_code1.o)
                0x0001830c                pbuf_free
 .text.pbuf_take
                0x00018404       0xe4 ./lib/tcpip_code1.a(pbuf_code1.o)
                0x00018404                pbuf_take
 .text.pbuf_init
                0x000184e8       0x84 ./lib/tcpip_code1.a(pbuf_code1.o)
                0x000184e8                pbuf_init
 .text.pbuf_header
                0x0001856c       0xb0 ./lib/tcpip_code1.a(pbuf_code1.o)
                0x0001856c                pbuf_header
 .text.pbuf_ref
                0x0001861c       0x2c ./lib/tcpip_code1.a(pbuf_code1.o)
                0x0001861c                pbuf_ref
 .text.pbuf_clen
                0x00018648       0x34 ./lib/tcpip_code1.a(pbuf_code1.o)
                0x00018648                pbuf_clen
 .text.pbuf_cat
                0x0001867c       0x68 ./lib/tcpip_code1.a(pbuf_code1.o)
                0x0001867c                pbuf_cat
 .text.pbuf_chain
                0x000186e4       0x84 ./lib/tcpip_code1.a(pbuf_code1.o)
                0x000186e4                pbuf_chain
 .text.pbuf_queue
                0x00018768       0x5c ./lib/tcpip_code1.a(pbuf_code1.o)
                0x00018768                pbuf_queue
 .text.pbuf_dequeue
                0x000187c4       0x38 ./lib/tcpip_code1.a(pbuf_code1.o)
                0x000187c4                pbuf_dequeue
 .text.raw_send
                0x000187fc      0x110 ./lib/tcpip_code1.a(raw_code1.o)
                0x000187fc                raw_send
 .text.raw_new  0x0001890c       0x5c ./lib/tcpip_code1.a(raw_code1.o)
                0x0001890c                raw_new
 .text.raw_remove
                0x00018968       0x64 ./lib/tcpip_code1.a(raw_code1.o)
                0x00018968                raw_remove
 .text.raw_bind
                0x000189cc       0x58 ./lib/tcpip_code1.a(raw_code1.o)
                0x000189cc                raw_bind
 .text.raw_connect
                0x00018a24       0x58 ./lib/tcpip_code1.a(raw_code1.o)
                0x00018a24                raw_connect
 .text.raw_recv
                0x00018a7c       0x18 ./lib/tcpip_code1.a(raw_code1.o)
                0x00018a7c                raw_recv
 .text.raw_input
                0x00018a94       0x9c ./lib/tcpip_code1.a(raw_code1.o)
                0x00018a94                raw_input
 .text.udp_input
                0x00018b30      0x414 ./lib/tcpip_code1.a(udp_code1.o)
                0x00018b30                udp_input
 .text.udp_send
                0x00018f44      0x254 ./lib/tcpip_code1.a(udp_code1.o)
                0x00018f44                udp_send
 .text.udp_bind
                0x00019198      0x268 ./lib/tcpip_code1.a(udp_code1.o)
                0x00019198                udp_bind
 .text.udp_connect
                0x00019400       0xdc ./lib/tcpip_code1.a(udp_code1.o)
                0x00019400                udp_connect
 .text.udp_new  0x000194dc       0x3c ./lib/tcpip_code1.a(udp_code1.o)
                0x000194dc                udp_new
 .text.udp_remove
                0x00019518       0x64 ./lib/tcpip_code1.a(udp_code1.o)
                0x00019518                udp_remove
 .text.udp_disconnect
                0x0001957c       0x70 ./lib/tcpip_code1.a(udp_code1.o)
                0x0001957c                udp_disconnect
 .text.udp_recv
                0x000195ec       0x18 ./lib/tcpip_code1.a(udp_code1.o)
                0x000195ec                udp_recv
 .text.udp_sendto
                0x00019604       0x60 ./lib/tcpip_code1.a(udp_code1.o)
                0x00019604                udp_sendto
 .text.udp_init
                0x00019664       0x2c ./lib/tcpip_code1.a(udp_code1.o)
                0x00019664                udp_init
 .text.tcp_close
                0x00019690      0x110 ./lib/tcpip_code1.a(tcp_code1.o)
                0x00019690                tcp_close
 .text.tcp_abort
                0x000197a0      0x148 ./lib/tcpip_code1.a(tcp_code1.o)
                0x000197a0                tcp_abort
 .text.tcp_bind
                0x000198e8      0x374 ./lib/tcpip_code1.a(tcp_code1.o)
                0x000198e8                tcp_bind
 .text.tcp_listen
                0x00019c5c       0xe4 ./lib/tcpip_code1.a(tcp_code1.o)
                0x00019c5c                tcp_listen
 .text.tcp_new_port
                0x00019d40       0xcc ./lib/tcpip_code1.a(tcp_code1.o)
 .text.tcp_connect
                0x00019e0c      0x120 ./lib/tcpip_code1.a(tcp_code1.o)
                0x00019e0c                tcp_connect
 .text.tcp_slowtmr
                0x00019f2c      0x344 ./lib/tcpip_code1.a(tcp_code1.o)
                0x00019f2c                tcp_slowtmr
 .text.tcp_alloc
                0x0001a270      0x1f8 ./lib/tcpip_code1.a(tcp_code1.o)
                0x0001a270                tcp_alloc
 .text.tcp_pcb_purge
                0x0001a468       0xa0 ./lib/tcpip_code1.a(tcp_code1.o)
                0x0001a468                tcp_pcb_purge
 .text.tcp_init
                0x0001a508       0x5c ./lib/tcpip_code1.a(tcp_code1.o)
                0x0001a508                tcp_init
 .text.tcp_tmr  0x0001a564       0x34 ./lib/tcpip_code1.a(tcp_code1.o)
                0x0001a564                tcp_tmr
 .text.tcp_new  0x0001a598       0x18 ./lib/tcpip_code1.a(tcp_code1.o)
                0x0001a598                tcp_new
 .text.tcp_arg  0x0001a5b0       0x14 ./lib/tcpip_code1.a(tcp_code1.o)
                0x0001a5b0                tcp_arg
 .text.tcp_accept
                0x0001a5c4       0x14 ./lib/tcpip_code1.a(tcp_code1.o)
                0x0001a5c4                tcp_accept
 .text.tcp_recv
                0x0001a5d8       0x14 ./lib/tcpip_code1.a(tcp_code1.o)
                0x0001a5d8                tcp_recv
 .text.tcp_sent
                0x0001a5ec       0x14 ./lib/tcpip_code1.a(tcp_code1.o)
                0x0001a5ec                tcp_sent
 .text.tcp_poll
                0x0001a600       0x18 ./lib/tcpip_code1.a(tcp_code1.o)
                0x0001a600                tcp_poll
 .text.tcp_err  0x0001a618       0x14 ./lib/tcpip_code1.a(tcp_code1.o)
                0x0001a618                tcp_err
 .text.tcp_recved
                0x0001a62c       0x88 ./lib/tcpip_code1.a(tcp_code1.o)
                0x0001a62c                tcp_recved
 .text.tcp_fasttmr
                0x0001a6b4       0x58 ./lib/tcpip_code1.a(tcp_code1.o)
                0x0001a6b4                tcp_fasttmr
 .text.tcp_pcb_remove
                0x0001a70c       0xb4 ./lib/tcpip_code1.a(tcp_code1.o)
                0x0001a70c                tcp_pcb_remove
 .text.tcp_segs_free
                0x0001a7c0       0x3c ./lib/tcpip_code1.a(tcp_code1.o)
                0x0001a7c0                tcp_segs_free
 .text.tcp_seg_free
                0x0001a7fc       0x40 ./lib/tcpip_code1.a(tcp_code1.o)
                0x0001a7fc                tcp_seg_free
 .text.tcp_seg_copy
                0x0001a83c       0x50 ./lib/tcpip_code1.a(tcp_code1.o)
                0x0001a83c                tcp_seg_copy
 .text.tcp_next_iss
                0x0001a88c       0x30 ./lib/tcpip_code1.a(tcp_code1.o)
                0x0001a88c                tcp_next_iss
 .text.tcp_accept_null
                0x0001a8bc       0x14 ./lib/tcpip_code1.a(tcp_code1.o)
 .text.tcp_recv_null
                0x0001a8d0       0x40 ./lib/tcpip_code1.a(tcp_code1.o)
 .text.tcp_input
                0x0001a910      0x8c4 ./lib/tcpip_code1.a(tcp_in_code1.o)
                0x0001a910                tcp_input
 .text.tcp_listen_input
                0x0001b1d4      0x274 ./lib/tcpip_code1.a(tcp_in_code1.o)
 .text.tcp_process
                0x0001b448      0x574 ./lib/tcpip_code1.a(tcp_in_code1.o)
 .text.tcp_receive
                0x0001b9bc      0xaec ./lib/tcpip_code1.a(tcp_in_code1.o)
 .text.tcp_parseopt
                0x0001c4a8       0xe4 ./lib/tcpip_code1.a(tcp_in_code1.o)
 .text.tcp_timewait_input
                0x0001c58c       0x70 ./lib/tcpip_code1.a(tcp_in_code1.o)
 .text.tcp_enqueue
                0x0001c5fc      0x5e8 ./lib/tcpip_code1.a(tcp_out_code1.o)
                0x0001c5fc                tcp_enqueue
 .text.tcp_output
                0x0001cbe4      0x3dc ./lib/tcpip_code1.a(tcp_out_code1.o)
                0x0001cbe4                tcp_output
 .text.tcp_output_segment
                0x0001cfc0      0x200 ./lib/tcpip_code1.a(tcp_out_code1.o)
 .text.tcp_rst  0x0001d1c0      0x1ac ./lib/tcpip_code1.a(tcp_out_code1.o)
                0x0001d1c0                tcp_rst
 .text.tcp_keepalive
                0x0001d36c      0x164 ./lib/tcpip_code1.a(tcp_out_code1.o)
                0x0001d36c                tcp_keepalive
 .text.tcp_write
                0x0001d4d0       0x74 ./lib/tcpip_code1.a(tcp_out_code1.o)
                0x0001d4d0                tcp_write
 .text.tcp_rexmit
                0x0001d544       0x7c ./lib/tcpip_code1.a(tcp_out_code1.o)
                0x0001d544                tcp_rexmit
 .text.tcp_send_ctrl
                0x0001d5c0       0x40 ./lib/tcpip_code1.a(tcp_out_code1.o)
                0x0001d5c0                tcp_send_ctrl
 .text.dhcp_select
                0x0001d600      0x17c ./lib/tcpip_code1.a(dhcp_code1.o)
 .text.dhcp_timeout
                0x0001d77c       0xf0 ./lib/tcpip_code1.a(dhcp_code1.o)
 .text.dhcp_handle_ack
                0x0001d86c      0x1e0 ./lib/tcpip_code1.a(dhcp_code1.o)
 .text.dhcp_discover
                0x0001da4c      0x190 ./lib/tcpip_code1.a(dhcp_code1.o)
                0x0001da4c                dhcp_discover
 .text.dhcp_bind
                0x0001dbdc      0x1b8 ./lib/tcpip_code1.a(dhcp_code1.o)
 .text.dhcp_renew
                0x0001dd94       0xe0 ./lib/tcpip_code1.a(dhcp_code1.o)
                0x0001dd94                dhcp_renew
 .text.dhcp_rebind
                0x0001de74       0xf0 ./lib/tcpip_code1.a(dhcp_code1.o)
 .text.dhcp_release
                0x0001df64      0x114 ./lib/tcpip_code1.a(dhcp_code1.o)
                0x0001df64                dhcp_release
 .text.dhcp_unfold_reply
                0x0001e078      0x134 ./lib/tcpip_code1.a(dhcp_code1.o)
 .text.dhcp_recv
                0x0001e1ac      0x214 ./lib/tcpip_code1.a(dhcp_code1.o)
 .text.dhcp_create_request
                0x0001e3c0      0x228 ./lib/tcpip_code1.a(dhcp_code1.o)
 .text.dhcp_get_option_ptr
                0x0001e5e8      0x18c ./lib/tcpip_code1.a(dhcp_code1.o)
 .text.dhcp_start
                0x0001e774       0xac ./lib/tcpip_code1.a(dhcp_code1.o)
                0x0001e774                dhcp_start
 .text.dhcp_stop
                0x0001e820       0x68 ./lib/tcpip_code1.a(dhcp_code1.o)
                0x0001e820                dhcp_stop
 .text.dhcp_coarse_tmr
                0x0001e888       0x84 ./lib/tcpip_code1.a(dhcp_code1.o)
                0x0001e888                dhcp_coarse_tmr
 .text.dhcp_fine_tmr
                0x0001e90c       0x58 ./lib/tcpip_code1.a(dhcp_code1.o)
                0x0001e90c                dhcp_fine_tmr
 .text.dhcp_set_state
                0x0001e964       0x28 ./lib/tcpip_code1.a(dhcp_code1.o)
 .text.dhcp_get_option_byte
                0x0001e98c       0x14 ./lib/tcpip_code1.a(dhcp_code1.o)
 .text.dhcp_get_option_long
                0x0001e9a0       0x30 ./lib/tcpip_code1.a(dhcp_code1.o)
 .text.dhcp_free_reply
                0x0001e9d0       0x48 ./lib/tcpip_code1.a(dhcp_code1.o)
 .text.dhcp_t1_timeout
                0x0001ea18       0x30 ./lib/tcpip_code1.a(dhcp_code1.o)
 .text.dhcp_t2_timeout
                0x0001ea48       0x30 ./lib/tcpip_code1.a(dhcp_code1.o)
 .text.dhcp_delete_request
                0x0001ea78       0x28 ./lib/tcpip_code1.a(dhcp_code1.o)
 .text.dhcp_option
                0x0001eaa0       0x44 ./lib/tcpip_code1.a(dhcp_code1.o)
 .text.dhcp_option_byte
                0x0001eae4       0x2c ./lib/tcpip_code1.a(dhcp_code1.o)
 .text.dhcp_option_short
                0x0001eb10       0x50 ./lib/tcpip_code1.a(dhcp_code1.o)
 .text.dhcp_option_long
                0x0001eb60       0x88 ./lib/tcpip_code1.a(dhcp_code1.o)
 .text.dhcp_option_trailer
                0x0001ebe8       0x78 ./lib/tcpip_code1.a(dhcp_code1.o)
 .text.dhcp_set_timer
                0x0001ec60       0xec ./lib/tcpip_code1.a(dhcp_code1.o)
                0x0001ec60                dhcp_set_timer
 .text.delete_dhcp_time
                0x0001ed4c       0x30 ./lib/tcpip_code1.a(dhcp_code1.o)
                0x0001ed4c                delete_dhcp_time
 .text.netif_set_ipaddr
                0x0001ed7c      0x12c ./lib/tcpip_code1.a(netif_code1.o)
                0x0001ed7c                netif_set_ipaddr
 .text.netif_init
                0x0001eea8       0x2c ./lib/tcpip_code1.a(netif_code1.o)
                0x0001eea8                netif_init
 .text.netif_add
                0x0001eed4       0x8c ./lib/tcpip_code1.a(netif_code1.o)
                0x0001eed4                netif_add
 .text.netif_set_addr
                0x0001ef60       0x38 ./lib/tcpip_code1.a(netif_code1.o)
                0x0001ef60                netif_set_addr
 .text.netif_set_default
                0x0001ef98       0x1c ./lib/tcpip_code1.a(netif_code1.o)
                0x0001ef98                netif_set_default
 .text.netif_set_netmask
                0x0001efb4       0x54 ./lib/tcpip_code1.a(netif_code1.o)
                0x0001efb4                netif_set_netmask
 .text.netif_set_gw
                0x0001f008       0x54 ./lib/tcpip_code1.a(netif_code1.o)
                0x0001f008                netif_set_gw
 .text.netif_set_up
                0x0001f05c       0x1c ./lib/tcpip_code1.a(netif_code1.o)
                0x0001f05c                netif_set_up
 .text.netif_is_up
                0x0001f078       0x18 ./lib/tcpip_code1.a(netif_code1.o)
                0x0001f078                netif_is_up
 .text.inet_chksum_pseudo
                0x0001f090      0x188 ./lib/tcpip_code1.a(inet_code1.o)
                0x0001f090                inet_chksum_pseudo
 .text.inet_chksum
                0x0001f218       0x74 ./lib/tcpip_code1.a(inet_code1.o)
                0x0001f218                inet_chksum
 .text.inet_chksum_pbuf
                0x0001f28c       0xd8 ./lib/tcpip_code1.a(inet_code1.o)
                0x0001f28c                inet_chksum_pbuf
 .text.htons    0x0001f364       0x24 ./lib/tcpip_code1.a(inet_code1.o)
                0x0001f364                htons
 .text.ntohs    0x0001f388       0x24 ./lib/tcpip_code1.a(inet_code1.o)
                0x0001f388                ntohs
 .text.htonl    0x0001f3ac       0x2c ./lib/tcpip_code1.a(inet_code1.o)
                0x0001f3ac                htonl
 .text.ntohl    0x0001f3d8       0x2c ./lib/tcpip_code1.a(inet_code1.o)
                0x0001f3d8                ntohl
 .text.sys_init
                0x0001f404       0x10 ./lib/tcpip_code1.a(sys_arch_code1.o)
                0x0001f404                sys_init
 .text.sys_arch_timeouts
                0x0001f414       0x54 ./lib/tcpip_code1.a(sys_arch_code1.o)
                0x0001f414                sys_arch_timeouts
 .text.sys_sem_new
                0x0001f468       0x40 ./lib/tcpip_code1.a(sys_arch_code1.o)
                0x0001f468                sys_sem_new
 .text.sys_sem_signal
                0x0001f4a8       0x14 ./lib/tcpip_code1.a(sys_arch_code1.o)
                0x0001f4a8                sys_sem_signal
 .text.sys_arch_sem_wait
                0x0001f4bc       0x68 ./lib/tcpip_code1.a(sys_arch_code1.o)
                0x0001f4bc                sys_arch_sem_wait
 .text.sys_sem_free
                0x0001f524       0x20 ./lib/tcpip_code1.a(sys_arch_code1.o)
                0x0001f524                sys_sem_free
 .text.sys_mbox_new
                0x0001f544       0x74 ./lib/tcpip_code1.a(sys_arch_code1.o)
                0x0001f544                sys_mbox_new
 .text.sys_mbox_post
                0x0001f5b8       0x18 ./lib/tcpip_code1.a(sys_arch_code1.o)
                0x0001f5b8                sys_mbox_post
 .text.sys_arch_mbox_fetch
                0x0001f5d0       0x70 ./lib/tcpip_code1.a(sys_arch_code1.o)
                0x0001f5d0                sys_arch_mbox_fetch
 .text.sys_mbox_free
                0x0001f640       0x3c ./lib/tcpip_code1.a(sys_arch_code1.o)
                0x0001f640                sys_mbox_free
 .text.sys_thread_new
                0x0001f67c       0xd8 ./lib/tcpip_code1.a(sys_arch_code1.o)
                0x0001f67c                sys_thread_new
 .text.sys_arch_protect
                0x0001f754       0x20 ./lib/tcpip_code1.a(sys_arch_code1.o)
                0x0001f754                sys_arch_protect
 .text.sys_arch_unprotect
                0x0001f774       0x24 ./lib/tcpip_code1.a(sys_arch_code1.o)
                0x0001f774                sys_arch_unprotect
 .text.haldiag_set_config
                0x0001f798       0x28 /cygdrive/C/ZOT716U2W_SDK_0.01/ecos/ecos_install/lib/extras.o
 .text.haldiag_getc
                0x0001f7c0       0x20 /cygdrive/C/ZOT716U2W_SDK_0.01/ecos/ecos_install/lib/extras.o
 .text.haldiag_putc
                0x0001f7e0       0x1c /cygdrive/C/ZOT716U2W_SDK_0.01/ecos/ecos_install/lib/extras.o
 .text.haldiag_init
                0x0001f7fc       0x1c /cygdrive/C/ZOT716U2W_SDK_0.01/ecos/ecos_install/lib/extras.o
 .text.haldiag_config_port
                0x0001f818       0x10 /cygdrive/C/ZOT716U2W_SDK_0.01/ecos/ecos_install/lib/extras.o
 .text.tty_set_config
                0x0001f828       0x5c /cygdrive/C/ZOT716U2W_SDK_0.01/ecos/ecos_install/lib/extras.o
 .text.tty_get_config
                0x0001f884       0x64 /cygdrive/C/ZOT716U2W_SDK_0.01/ecos/ecos_install/lib/extras.o
 .text.tty_read
                0x0001f8e8      0x148 /cygdrive/C/ZOT716U2W_SDK_0.01/ecos/ecos_install/lib/extras.o
 .text.tty_write
                0x0001fa30       0xdc /cygdrive/C/ZOT716U2W_SDK_0.01/ecos/ecos_install/lib/extras.o
 .text.tty_lookup
                0x0001fb0c       0x20 /cygdrive/C/ZOT716U2W_SDK_0.01/ecos/ecos_install/lib/extras.o
 .text.tty_init
                0x0001fb2c       0x24 /cygdrive/C/ZOT716U2W_SDK_0.01/ecos/ecos_install/lib/extras.o
 .text.serial_rcv_char
                0x0001fb50       0x58 /cygdrive/C/ZOT716U2W_SDK_0.01/ecos/ecos_install/lib/extras.o
 .text.serial_xmt_char
                0x0001fba8       0xe8 /cygdrive/C/ZOT716U2W_SDK_0.01/ecos/ecos_install/lib/extras.o
 .text.serial_set_config
                0x0001fc90       0x60 /cygdrive/C/ZOT716U2W_SDK_0.01/ecos/ecos_install/lib/extras.o
 .text.serial_get_config
                0x0001fcf0      0x1ec /cygdrive/C/ZOT716U2W_SDK_0.01/ecos/ecos_install/lib/extras.o
 .text.serial_read
                0x0001fedc      0x13c /cygdrive/C/ZOT716U2W_SDK_0.01/ecos/ecos_install/lib/extras.o
 .text.serial_write
                0x00020018      0x16c /cygdrive/C/ZOT716U2W_SDK_0.01/ecos/ecos_install/lib/extras.o
 .text.serial_init
                0x00020184       0x98 /cygdrive/C/ZOT716U2W_SDK_0.01/ecos/ecos_install/lib/extras.o
 .text._GLOBAL_.I.49000._ecos_c_ecos_1.3.1_packages_io_common_v1_3_1_src_ioinit.cxxdwRiZc
                0x0002021c       0x20 /cygdrive/C/ZOT716U2W_SDK_0.01/ecos/ecos_install/lib/extras.o
 .text.__static_initialization_and_destruction_0
                0x0002023c       0x30 /cygdrive/C/ZOT716U2W_SDK_0.01/ecos/ecos_install/lib/extras.o
 .text.cyg_io_set_config
                0x0002026c       0x5c /cygdrive/C/ZOT716U2W_SDK_0.01/ecos/ecos_install/lib/extras.o
                0x0002026c                cyg_io_set_config
 .text.cyg_io_get_config
                0x000202c8       0x5c /cygdrive/C/ZOT716U2W_SDK_0.01/ecos/ecos_install/lib/extras.o
                0x000202c8                cyg_io_get_config
 .text.cyg_io_read
                0x00020324       0x54 /cygdrive/C/ZOT716U2W_SDK_0.01/ecos/ecos_install/lib/extras.o
                0x00020324                cyg_io_read
 .text.cyg_io_write
                0x00020378       0x54 /cygdrive/C/ZOT716U2W_SDK_0.01/ecos/ecos_install/lib/extras.o
                0x00020378                cyg_io_write
 .text.cyg_io_init
                0x000203cc       0x74 /cygdrive/C/ZOT716U2W_SDK_0.01/ecos/ecos_install/lib/extras.o
                0x000203cc                cyg_io_init
 .text.cyg_start
                0x00020440       0x20 /cygdrive/C/ZOT716U2W_SDK_0.01/ecos/ecos_install/lib/libtarget.a(infra_startup.o)
                0x00020440                cyg_start
 .text.cyg_prestart
                0x00020460       0x10 /cygdrive/C/ZOT716U2W_SDK_0.01/ecos/ecos_install/lib/libtarget.a(infra_prestart.o)
                0x00020460                cyg_prestart
 .text.cyg_package_start
                0x00020470       0x10 /cygdrive/C/ZOT716U2W_SDK_0.01/ecos/ecos_install/lib/libtarget.a(infra_pkgstart.o)
                0x00020470                cyg_package_start
 .text.diag_write_char
                0x00020480       0x2c /cygdrive/C/ZOT716U2W_SDK_0.01/ecos/ecos_install/lib/libtarget.a(infra_diag.o)
                0x00020480                diag_write_char
 .text.diag_write_string
                0x000204ac       0x34 /cygdrive/C/ZOT716U2W_SDK_0.01/ecos/ecos_install/lib/libtarget.a(infra_diag.o)
                0x000204ac                diag_write_string
 .text.diag_write_hex
                0x000204e0       0x28 /cygdrive/C/ZOT716U2W_SDK_0.01/ecos/ecos_install/lib/libtarget.a(infra_diag.o)
                0x000204e0                diag_write_hex
 .text.diag_write_num
                0x00020508       0xd8 /cygdrive/C/ZOT716U2W_SDK_0.01/ecos/ecos_install/lib/libtarget.a(infra_diag.o)
                0x00020508                diag_write_num
 .text.diag_check_string__FPCc
                0x000205e0       0x78 /cygdrive/C/ZOT716U2W_SDK_0.01/ecos/ecos_install/lib/libtarget.a(infra_diag.o)
 .text.diag_vprintf
                0x00020658      0x408 /cygdrive/C/ZOT716U2W_SDK_0.01/ecos/ecos_install/lib/libtarget.a(infra_diag.o)
                0x00020658                diag_vprintf
 .text.diag_printf
                0x00020a60       0x64 /cygdrive/C/ZOT716U2W_SDK_0.01/ecos/ecos_install/lib/libtarget.a(infra_diag.o)
                0x00020a60                diag_printf
 .text.__static_initialization_and_destruction_0
                0x00020ac4       0x30 /cygdrive/C/ZOT716U2W_SDK_0.01/ecos/ecos_install/lib/libtarget.a(infra_diag.o)
 .text._GLOBAL_.I.10100.diag_write_char
                0x00020af4       0x20 /cygdrive/C/ZOT716U2W_SDK_0.01/ecos/ecos_install/lib/libtarget.a(infra_diag.o)
 .text._memcpy  0x00020b14       0xd4 /cygdrive/C/ZOT716U2W_SDK_0.01/ecos/ecos_install/lib/libtarget.a(infra_memcpy.o)
                0x00020b14                memcpy
                0x00020b14                _memcpy
 .text._memset  0x00020be8       0xb0 /cygdrive/C/ZOT716U2W_SDK_0.01/ecos/ecos_install/lib/libtarget.a(infra_memset.o)
                0x00020be8                _memset
                0x00020be8                memset
 .text.cyg_scheduler_lock
                0x00020c98       0x28 /cygdrive/C/ZOT716U2W_SDK_0.01/ecos/ecos_install/lib/libtarget.a(kernel_kapi.o)
                0x00020c98                cyg_scheduler_lock
 .text.cyg_scheduler_unlock
                0x00020cc0       0x44 /cygdrive/C/ZOT716U2W_SDK_0.01/ecos/ecos_install/lib/libtarget.a(kernel_kapi.o)
                0x00020cc0                cyg_scheduler_unlock
 .text.cyg_thread_create
                0x00020d04       0x54 /cygdrive/C/ZOT716U2W_SDK_0.01/ecos/ecos_install/lib/libtarget.a(kernel_kapi.o)
                0x00020d04                cyg_thread_create
 .text.cyg_thread_exit
                0x00020d58       0x14 /cygdrive/C/ZOT716U2W_SDK_0.01/ecos/ecos_install/lib/libtarget.a(kernel_kapi.o)
                0x00020d58                cyg_thread_exit
 .text.cyg_thread_delete
                0x00020d6c       0x44 /cygdrive/C/ZOT716U2W_SDK_0.01/ecos/ecos_install/lib/libtarget.a(kernel_kapi.o)
                0x00020d6c                cyg_thread_delete
 .text.cyg_thread_resume
                0x00020db0       0x2c /cygdrive/C/ZOT716U2W_SDK_0.01/ecos/ecos_install/lib/libtarget.a(kernel_kapi.o)
                0x00020db0                cyg_thread_resume
 .text.cyg_thread_yield
                0x00020ddc       0x24 /cygdrive/C/ZOT716U2W_SDK_0.01/ecos/ecos_install/lib/libtarget.a(kernel_kapi.o)
                0x00020ddc                cyg_thread_yield
 .text.cyg_thread_self
                0x00020e00       0x1c /cygdrive/C/ZOT716U2W_SDK_0.01/ecos/ecos_install/lib/libtarget.a(kernel_kapi.o)
                0x00020e00                cyg_thread_self
 .text.cyg_thread_delay
                0x00020e1c       0x28 /cygdrive/C/ZOT716U2W_SDK_0.01/ecos/ecos_install/lib/libtarget.a(kernel_kapi.o)
                0x00020e1c                cyg_thread_delay
 .text.cyg_interrupt_create
                0x00020e44       0x48 /cygdrive/C/ZOT716U2W_SDK_0.01/ecos/ecos_install/lib/libtarget.a(kernel_kapi.o)
                0x00020e44                cyg_interrupt_create
 .text.cyg_interrupt_attach
                0x00020e8c       0x14 /cygdrive/C/ZOT716U2W_SDK_0.01/ecos/ecos_install/lib/libtarget.a(kernel_kapi.o)
                0x00020e8c                cyg_interrupt_attach
 .text.cyg_interrupt_disable
                0x00020ea0       0x14 /cygdrive/C/ZOT716U2W_SDK_0.01/ecos/ecos_install/lib/libtarget.a(kernel_kapi.o)
                0x00020ea0                cyg_interrupt_disable
 .text.cyg_interrupt_enable
                0x00020eb4       0x14 /cygdrive/C/ZOT716U2W_SDK_0.01/ecos/ecos_install/lib/libtarget.a(kernel_kapi.o)
                0x00020eb4                cyg_interrupt_enable
 .text.cyg_interrupt_mask
                0x00020ec8       0x14 /cygdrive/C/ZOT716U2W_SDK_0.01/ecos/ecos_install/lib/libtarget.a(kernel_kapi.o)
                0x00020ec8                cyg_interrupt_mask
 .text.cyg_interrupt_acknowledge
                0x00020edc       0x14 /cygdrive/C/ZOT716U2W_SDK_0.01/ecos/ecos_install/lib/libtarget.a(kernel_kapi.o)
                0x00020edc                cyg_interrupt_acknowledge
 .text.cyg_clock_to_counter
                0x00020ef0       0x14 /cygdrive/C/ZOT716U2W_SDK_0.01/ecos/ecos_install/lib/libtarget.a(kernel_kapi.o)
                0x00020ef0                cyg_clock_to_counter
 .text.cyg_real_time_clock
                0x00020f04       0x1c /cygdrive/C/ZOT716U2W_SDK_0.01/ecos/ecos_install/lib/libtarget.a(kernel_kapi.o)
                0x00020f04                cyg_real_time_clock
 .text.cyg_current_time
                0x00020f20       0x20 /cygdrive/C/ZOT716U2W_SDK_0.01/ecos/ecos_install/lib/libtarget.a(kernel_kapi.o)
                0x00020f20                cyg_current_time
 .text.cyg_alarm_create
                0x00020f40       0x3c /cygdrive/C/ZOT716U2W_SDK_0.01/ecos/ecos_install/lib/libtarget.a(kernel_kapi.o)
                0x00020f40                cyg_alarm_create
 .text.cyg_alarm_delete
                0x00020f7c       0x18 /cygdrive/C/ZOT716U2W_SDK_0.01/ecos/ecos_install/lib/libtarget.a(kernel_kapi.o)
                0x00020f7c                cyg_alarm_delete
 .text.cyg_alarm_initialize
                0x00020f94       0x28 /cygdrive/C/ZOT716U2W_SDK_0.01/ecos/ecos_install/lib/libtarget.a(kernel_kapi.o)
                0x00020f94                cyg_alarm_initialize
 .text.cyg_mbox_create
                0x00020fbc       0x24 /cygdrive/C/ZOT716U2W_SDK_0.01/ecos/ecos_install/lib/libtarget.a(kernel_kapi.o)
                0x00020fbc                cyg_mbox_create
 .text.cyg_mbox_delete
                0x00020fe0       0x18 /cygdrive/C/ZOT716U2W_SDK_0.01/ecos/ecos_install/lib/libtarget.a(kernel_kapi.o)
                0x00020fe0                cyg_mbox_delete
 .text.cyg_mbox_get
                0x00020ff8       0x14 /cygdrive/C/ZOT716U2W_SDK_0.01/ecos/ecos_install/lib/libtarget.a(kernel_kapi.o)
                0x00020ff8                cyg_mbox_get
 .text.cyg_mbox_timed_get
                0x0002100c       0x14 /cygdrive/C/ZOT716U2W_SDK_0.01/ecos/ecos_install/lib/libtarget.a(kernel_kapi.o)
                0x0002100c                cyg_mbox_timed_get
 .text.cyg_mbox_put
                0x00021020       0x18 /cygdrive/C/ZOT716U2W_SDK_0.01/ecos/ecos_install/lib/libtarget.a(kernel_kapi.o)
                0x00021020                cyg_mbox_put
 .text.cyg_semaphore_init
                0x00021038       0x14 /cygdrive/C/ZOT716U2W_SDK_0.01/ecos/ecos_install/lib/libtarget.a(kernel_kapi.o)
                0x00021038                cyg_semaphore_init
 .text.cyg_semaphore_destroy
                0x0002104c       0x18 /cygdrive/C/ZOT716U2W_SDK_0.01/ecos/ecos_install/lib/libtarget.a(kernel_kapi.o)
                0x0002104c                cyg_semaphore_destroy
 .text.cyg_semaphore_wait
                0x00021064       0x14 /cygdrive/C/ZOT716U2W_SDK_0.01/ecos/ecos_install/lib/libtarget.a(kernel_kapi.o)
                0x00021064                cyg_semaphore_wait
 .text.cyg_semaphore_timed_wait
                0x00021078       0x18 /cygdrive/C/ZOT716U2W_SDK_0.01/ecos/ecos_install/lib/libtarget.a(kernel_kapi.o)
                0x00021078                cyg_semaphore_timed_wait
 .text.cyg_semaphore_post
                0x00021090       0x14 /cygdrive/C/ZOT716U2W_SDK_0.01/ecos/ecos_install/lib/libtarget.a(kernel_kapi.o)
                0x00021090                cyg_semaphore_post
 .text.cyg_mutex_init
                0x000210a4       0x14 /cygdrive/C/ZOT716U2W_SDK_0.01/ecos/ecos_install/lib/libtarget.a(kernel_kapi.o)
                0x000210a4                cyg_mutex_init
 .text.cyg_mutex_lock
                0x000210b8       0x18 /cygdrive/C/ZOT716U2W_SDK_0.01/ecos/ecos_install/lib/libtarget.a(kernel_kapi.o)
                0x000210b8                cyg_mutex_lock
 .text.cyg_mutex_unlock
                0x000210d0       0x14 /cygdrive/C/ZOT716U2W_SDK_0.01/ecos/ecos_install/lib/libtarget.a(kernel_kapi.o)
                0x000210d0                cyg_mutex_unlock
 .text.cyg_cond_init
                0x000210e4       0x14 /cygdrive/C/ZOT716U2W_SDK_0.01/ecos/ecos_install/lib/libtarget.a(kernel_kapi.o)
                0x000210e4                cyg_cond_init
 .text.cyg_cond_wait