Archive member included       because of file (symbol)

./lib/mac.a(star_nic.o)       /cygdrive/Z/ZOT716U2W_SDK_0.01/prod/zot716u2w/build/obj/zotmain.o (star_nic_lan_init)
./lib/usb_host.a(usb.o)       /cygdrive/Z/ZOT716U2W_SDK_0.01/prod/zot716u2w/build/obj/zotmain.o (usb_init)
./lib/usb_host.a(hub.o)       ./lib/usb_host.a(usb.o) (usb_hub_init)
./lib/usb_host.a(printer.o)   /cygdrive/Z/ZOT716U2W_SDK_0.01/prod/zot716u2w/build/obj/zotmain.o (usblp_init)
./lib/usb_host.a(ehcihcd.o)   /cygdrive/Z/ZOT716U2W_SDK_0.01/prod/zot716u2w/build/obj/zotmain.o (ehci_hcd_init)
./lib/usb_host.a(ehcihub.o)   ./lib/usb_host.a(ehcihcd.o) (ehci_hub_status_data)
./lib/usb_host.a(ehcimem.o)   ./lib/usb_host.a(ehcihcd.o) (ehci_hcd_alloc)
./lib/usb_host.a(ehciq.o)     ./lib/usb_host.a(ehcihcd.o) (qh_completions)
./lib/usb_host.a(ehcische.o)  ./lib/usb_host.a(ehcihcd.o) (intr_deschedule)
./lib/usb_host.a(u2hcd.o)     ./lib/usb_host.a(ehciq.o) (usb_hcd_giveback_urb)
./lib/usb_host.a(ohci.o)      /cygdrive/Z/ZOT716U2W_SDK_0.01/prod/zot716u2w/build/obj/zotmain.o (ohci_hcd_init)
./lib/usb_host.a(usbnet.o)    /cygdrive/Z/ZOT716U2W_SDK_0.01/prod/zot716u2w/build/obj/zotmain.o (usbnet_init)
./lib/usb_host.a(hp1020.o)    ./lib/usb_host.a(printer.o) (HP1020_BIN)
./lib/psglobal.a(psmain.o)    ./lib/usb_host.a(ehcihcd.o) (restore)
./lib/psglobal.a(eeprom.o)    ./lib/usb_host.a(usbnet.o) (EEPROM_Data)
./lib/psglobal.a(rwflash.o)   ./lib/psglobal.a(eeprom.o) (ReadFromFlash)
./lib/psglobal.a(led.o)       ./lib/usb_host.a(printer.o) (USB11LightToggle)
./lib/psglobal.a(pkdriver.o)  ./lib/mac.a(star_nic.o) (cpyfrompbuf)
./lib/psglobal.a(io.o)        /cygdrive/Z/ZOT716U2W_SDK_0.01/prod/zot716u2w/build/obj/zotmain.o (CacheEnable)
./lib/psglobal.a(spiflash.o)  ./lib/psglobal.a(eeprom.o) (read_flash)
./lib/psglobal.a(crc32.o)     ./lib/psglobal.a(rwflash.o) (crc32)
./lib/psglobal.a(pm.o)        /cygdrive/Z/ZOT716U2W_SDK_0.01/prod/zot716u2w/build/obj/zotmain.o (zot_idle_task_init)
./lib/psglobal.a(bridge.o)    ./lib/psglobal.a(pkdriver.o) (bdginit)
./lib/http_zot.a(endmark.o)   ./lib/psglobal.a(eeprom.o) (MyDataSize)
./lib/http_zot.a(httpd.o)     ./lib/psglobal.a(eeprom.o) (WebLangVersion)
./lib/http_zot.a(http_constant.o)
                              ./lib/http_zot.a(httpd.o) (wHdrs)
./lib/http_zot.a(gmtime.o)    ./lib/http_zot.a(httpd.o) (gmt_ptime)
./lib/http_zot.a(pfs.o)       ./lib/http_zot.a(httpd.o) (PFSopen)
./lib/ipxbeui.a(ipx.o)        /cygdrive/Z/ZOT716U2W_SDK_0.01/prod/zot716u2w/build/obj/zotmain.o (IPXInitialize)
./lib/ipxbeui.a(netbeui.o)    /cygdrive/Z/ZOT716U2W_SDK_0.01/prod/zot716u2w/build/obj/zotmain.o (NETBEUInit)
./lib/ntps.a(ntps.o)          ./lib/psglobal.a(psmain.o) (NTPrinterServerInit)
./lib/ntps.a(ntudp.o)         ./lib/ntps.a(ntps.o) (NTRequestUDP)
./lib/ntps.a(ntutil.o)        ./lib/http_zot.a(httpd.o) (ANYESS)
./lib/ntps.a(ntipxbeui.o)     ./lib/ntps.a(ntps.o) (NTRequestECB)
./lib/spooler.a(prnport.o)    ./lib/usb_host.a(printer.o) (PortIO)
./lib/spooler.a(prnqueue.o)   ./lib/http_zot.a(httpd.o) (PrnUsedMessage)
./lib/novell.a(nps3.o)        ./lib/psglobal.a(psmain.o) (NovellPrintServerInit)
./lib/novell.a(banner.o)      ./lib/novell.a(nps3.o) (BannerData)
./lib/nds.a(nwcrypt.o)        ./lib/novell.a(nps3.o) (shuffle)
./lib/nds.a(ndsqueue.o)       ./lib/http_zot.a(httpd.o) (NDSConnectFlag)
./lib/nds.a(ndsmain.o)        ./lib/psglobal.a(psmain.o) (NDSmain)
./lib/nds.a(ndslogin.o)       ./lib/nds.a(ndsqueue.o) (NDSu2c_strcpy)
./lib/nds.a(mpilib.o)         ./lib/nds.a(ndslogin.o) (global_precision)
./lib/nds.a(ndscrypt.o)       ./lib/nds.a(ndslogin.o) (nwencrypt)
./lib/lpd.a(lpd.o)            ./lib/psglobal.a(psmain.o) (lpdstart)
./lib/rawtcpd.a(rawtcpd.o)    ./lib/psglobal.a(psmain.o) (rawtcpd)
./lib/ippd.a(ippd.o)          ./lib/http_zot.a(httpd.o) (zot_recv)
./lib/ippd.a(ippd_constant.o)
                              ./lib/ippd.a(ippd.o) (AttribTAG)
./lib/smbd.a(smbinit.o)       ./lib/psglobal.a(psmain.o) (SMBInit)
./lib/smbd.a(nmbd.o)          ./lib/smbd.a(smbinit.o) (nb_init)
./lib/smbd.a(server.o)        ./lib/smbd.a(smbinit.o) (smbmain)
./lib/smbd.a(n_packet.o)      ./lib/smbd.a(nmbd.o) (run_packet_queue)
./lib/smbd.a(intface.o)       ./lib/smbd.a(n_packet.o) (ismyip)
./lib/smbd.a(nmblib.o)        ./lib/smbd.a(n_packet.o) (free_packet)
./lib/smbd.a(utilsock.o)      ./lib/smbd.a(nmblib.o) (lastport)
./lib/smbd.a(n_ann.o)         ./lib/smbd.a(nmbd.o) (announce_my_server_names)
./lib/smbd.a(n_name.o)        ./lib/smbd.a(n_packet.o) (find_name_on_subnet)
./lib/smbd.a(n_reg.o)         ./lib/smbd.a(n_packet.o) (register_name_timeout_response)
./lib/smbd.a(n_req.o)         ./lib/smbd.a(n_packet.o) (process_name_query_request)
./lib/smbd.a(n_subnet.o)      ./lib/smbd.a(n_packet.o) (unicast_subnet)
./lib/smbd.a(unistr.o)        ./lib/smbd.a(n_ann.o) (skip_string)
./lib/smbd.a(conn.o)          ./lib/smbd.a(server.o) (Connections)
./lib/smbd.a(process.o)       ./lib/smbd.a(server.o) (max_send)
[...]
Memory Configuration

Name             Origin             Length             Attributes
ram              0x00000000         0x00800000
*default*        0x00000000         0xffffffff

Linker script and memory map

LOAD /cygdrive/Z/ZOT716U2W_SDK_0.01/ecos/ecos_install/lib/vectors.o
LOAD /cygdrive/Z/ZOT716U2W_SDK_0.01/prod/zot716u2w/build/obj/zotmain.o
LOAD ./lib/mac.a
LOAD ./lib/usb_host.a
LOAD ./lib/psglobal.a
LOAD ./lib/http_zot.a
LOAD ./lib/ipxbeui.a
LOAD ./lib/ntps.a
LOAD ./lib/spooler.a
LOAD ./lib/novell.a
LOAD ./lib/nds.a
LOAD ./lib/lpd.a
LOAD ./lib/rawtcpd.a
LOAD ./lib/ippd.a
LOAD ./lib/smbd.a
LOAD ./lib/telnet.a
LOAD ./lib/tftp_zot.a
LOAD ./lib/tcpip.a
LOAD ./lib/atalk.a
LOAD ./lib/snmp.a
LOAD ./lib/psutility.a
LOAD ./lib/uart.a
LOAD ./lib/rendezvous.a
LOAD ./lib/realtek.a
LOAD ./lib/wpa_supplicant.a
LOAD /cygdrive/Z/ZOT716U2W_SDK_0.01/ecos/ecos_install/lib/extras.o
START GROUP
LOAD /cygdrive/Z/ZOT716U2W_SDK_0.01/ecos/ecos_install/lib/libtarget.a
LOAD /tools/H-i686-pc-cygwin/lib/gcc-lib/arm-elf/2.95.2/libgcc.a
END GROUP

.debug_aranges  0x00000000     0xb3b8
 *(.debug_aranges)
 .debug_aranges
                0x00000000       0x40 /cygdrive/Z/ZOT716U2W_SDK_0.01/prod/zot716u2w/build/obj/zotmain.o
 .debug_aranges
                0x00000040      0x1c8 ./lib/mac.a(star_nic.o)
 .debug_aranges
                0x00000208      0x2c0 ./lib/usb_host.a(usb.o)
 .debug_aranges
                0x000004c8      0x150 ./lib/usb_host.a(hub.o)
 .debug_aranges
                0x00000618      0x130 ./lib/usb_host.a(printer.o)
 .debug_aranges
                0x00000748       0xe0 ./lib/usb_host.a(ehcihcd.o)
 .debug_aranges
                0x00000828       0x80 ./lib/usb_host.a(ehcihub.o)
 .debug_aranges
                0x000008a8       0xc0 ./lib/usb_host.a(ehcimem.o)
 .debug_aranges
                0x00000968       0xd8 ./lib/usb_host.a(ehciq.o)
 .debug_aranges
                0x00000a40       0xf0 ./lib/usb_host.a(ehcische.o)
 .debug_aranges
                0x00000b30      0x110 ./lib/usb_host.a(u2hcd.o)
 .debug_aranges
                0x00000c40      0x238 ./lib/usb_host.a(ohci.o)
 .debug_aranges
                0x00000e78      0x1a8 ./lib/usb_host.a(usbnet.o)
 .debug_aranges
                0x00001020      0x128 ./lib/psglobal.a(psmain.o)
 .debug_aranges
                0x00001148       0x60 ./lib/psglobal.a(eeprom.o)
 .debug_aranges
                0x000011a8       0xe8 ./lib/psglobal.a(rwflash.o)
 .debug_aranges
                0x00001290       0x48 ./lib/psglobal.a(led.o)
 .debug_aranges
                0x000012d8       0xb0 ./lib/psglobal.a(pkdriver.o)
 .debug_aranges
                0x00001388       0x38 ./lib/psglobal.a(io.o)
 .debug_aranges
                0x000013c0       0xa8 ./lib/psglobal.a(spiflash.o)
 .debug_aranges
                0x00001468       0x28 ./lib/psglobal.a(crc32.o)
 .debug_aranges
                0x00001490       0x30 ./lib/psglobal.a(pm.o)
 .debug_aranges
                0x000014c0       0x50 ./lib/psglobal.a(bridge.o)
 .debug_aranges
                0x00001510      0x180 ./lib/http_zot.a(httpd.o)
 .debug_aranges
                0x00001690       0x30 ./lib/http_zot.a(gmtime.o)
 .debug_aranges
                0x000016c0       0x50 ./lib/http_zot.a(pfs.o)
 .debug_aranges
                0x00001710       0x60 ./lib/ipxbeui.a(ipx.o)
 .debug_aranges
                0x00001770       0x40 ./lib/ipxbeui.a(netbeui.o)
 .debug_aranges
                0x000017b0       0x38 ./lib/ntps.a(ntps.o)
 .debug_aranges
                0x000017e8       0xb8 ./lib/ntps.a(ntudp.o)
 .debug_aranges
                0x000018a0       0x68 ./lib/ntps.a(ntutil.o)
 .debug_aranges
                0x00001908      0x188 ./lib/ntps.a(ntipxbeui.o)
 .debug_aranges
                0x00001a90       0xa0 ./lib/spooler.a(prnport.o)
 .debug_aranges
                0x00001b30       0xc8 ./lib/spooler.a(prnqueue.o)
 .debug_aranges
                0x00001bf8      0x188 ./lib/novell.a(nps3.o)
 .debug_aranges
                0x00001d80       0x28 ./lib/novell.a(banner.o)
 .debug_aranges
                0x00001da8       0x38 ./lib/nds.a(nwcrypt.o)
 .debug_aranges
                0x00001de0       0xa0 ./lib/nds.a(ndsqueue.o)
 .debug_aranges
                0x00001e80       0x78 ./lib/nds.a(ndsmain.o)
 .debug_aranges
                0x00001ef8      0x130 ./lib/nds.a(ndslogin.o)
 .debug_aranges
                0x00002028       0xf8 ./lib/nds.a(mpilib.o)
 .debug_aranges
                0x00002120       0x78 ./lib/nds.a(ndscrypt.o)
 .debug_aranges
                0x00002198       0x88 ./lib/lpd.a(lpd.o)
 .debug_aranges
                0x00002220       0x28 ./lib/rawtcpd.a(rawtcpd.o)
 .debug_aranges
                0x00002248       0xf0 ./lib/ippd.a(ippd.o)
 .debug_aranges
                0x00002338       0x28 ./lib/smbd.a(smbinit.o)
 .debug_aranges
                0x00002360       0x40 ./lib/smbd.a(nmbd.o)
 .debug_aranges
                0x000023a0       0x38 ./lib/smbd.a(server.o)
 .debug_aranges
                0x000023d8       0xa0 ./lib/smbd.a(n_packet.o)
 .debug_aranges
                0x00002478       0x40 ./lib/smbd.a(intface.o)
 .debug_aranges
                0x000024b8       0xc0 ./lib/smbd.a(nmblib.o)
 .debug_aranges
                0x00002578       0x78 ./lib/smbd.a(utilsock.o)
 .debug_aranges
                0x000025f0       0x40 ./lib/smbd.a(n_ann.o)
 .debug_aranges
                0x00002630       0x58 ./lib/smbd.a(n_name.o)
 .debug_aranges
                0x00002688       0x28 ./lib/smbd.a(n_reg.o)
 .debug_aranges
                0x000026b0       0x40 ./lib/smbd.a(n_req.o)
 .debug_aranges
                0x000026f0       0x40 ./lib/smbd.a(n_subnet.o)
 .debug_aranges
                0x00002730       0x60 ./lib/smbd.a(unistr.o)
 .debug_aranges
                0x00002790       0x68 ./lib/smbd.a(conn.o)
 .debug_aranges
                0x000027f8       0x70 ./lib/smbd.a(process.o)
 .debug_aranges
                0x00002868       0x48 ./lib/smbd.a(nttrans.o)
 .debug_aranges
                0x000028b0       0x50 ./lib/smbd.a(pipes.o)
 .debug_aranges
                0x00002900       0xb8 ./lib/smbd.a(srvpipe.o)
 .debug_aranges
                0x000029b8       0xc8 ./lib/smbd.a(parserpc.o)
 .debug_aranges
                0x00002a80       0xd8 ./lib/smbd.a(parseprs.o)
 .debug_aranges
                0x00002b58       0x40 ./lib/smbd.a(spipe.o)
 .debug_aranges
                0x00002b98       0xa8 ./lib/smbd.a(reply.o)
 .debug_aranges
                0x00002c40       0x40 ./lib/smbd.a(srvwksvc.o)
 .debug_aranges
                0x00002c80       0x68 ./lib/smbd.a(srvsvc.o)
 .debug_aranges
                0x00002ce8       0x38 ./lib/smbd.a(srvreg.o)
 .debug_aranges
                0x00002d20       0x50 ./lib/smbd.a(parsewks.o)
 .debug_aranges
                0x00002d70       0x98 ./lib/smbd.a(parsemis.o)
 .debug_aranges
                0x00002e08       0xd0 ./lib/smbd.a(parsesrv.o)
 .debug_aranges
                0x00002ed8       0x28 ./lib/smbd.a(util_hnd.o)
 .debug_aranges
                0x00002f00       0x38 ./lib/smbd.a(parsereg.o)
 .debug_aranges
                0x00002f38      0x138 ./lib/smbd.a(ipc.o)
 .debug_aranges
                0x00003070       0x90 ./lib/smbd.a(smbutil.o)
 .debug_aranges
                0x00003100       0x50 ./lib/smbd.a(negprot.o)
 .debug_aranges
                0x00003150       0x40 ./lib/telnet.a(telserv.o)
 .debug_aranges
                0x00003190      0x278 ./lib/telnet.a(telutil.o)
 .debug_aranges
                0x00003408       0xe0 ./lib/tftp_zot.a(tftpd.o)
 .debug_aranges
                0x000034e8       0x68 ./lib/tcpip.a(etharp.o)
 .debug_aranges
                0x00003550       0x98 ./lib/tcpip.a(tcpip.o)
 .debug_aranges
                0x000035e8       0x48 ./lib/tcpip.a(ip.o)
 .debug_aranges
                0x00003630       0x30 ./lib/tcpip.a(icmp.o)
 .debug_aranges
                0x00003660       0x28 ./lib/tcpip.a(ip_addr.o)
 .debug_aranges
                0x00003688       0x40 ./lib/tcpip.a(ip_frag.o)
 .debug_aranges
                0x000036c8       0xf0 ./lib/tcpip.a(sockets.o)
 .debug_aranges
                0x000037b8      0x118 ./lib/tcpip.a(api_lib.o)
 .debug_aranges
                0x000038d0       0xd0 ./lib/tcpip.a(api_msg.o)
 .debug_aranges
                0x000039a0       0x50 ./lib/tcpip.a(mem.o)
 .debug_aranges
                0x000039f0       0x38 ./lib/tcpip.a(memp.o)
 .debug_aranges
                0x00003a28       0x68 ./lib/tcpip.a(sys.o)
 .debug_aranges
                0x00003a90       0x90 ./lib/tcpip.a(pbuf.o)
 .debug_aranges
                0x00003b20       0x28 ./lib/tcpip.a(stats.o)
 .debug_aranges
                0x00003b48       0x68 ./lib/tcpip.a(raw.o)
 .debug_aranges
                0x00003bb0       0x70 ./lib/tcpip.a(udp.o)
 .debug_aranges
                0x00003c20      0x110 ./lib/tcpip.a(tcp.o)
 .debug_aranges
                0x00003d30       0x50 ./lib/tcpip.a(tcp_in.o)
 .debug_aranges
                0x00003d80       0x68 ./lib/tcpip.a(tcp_out.o)
 .debug_aranges
                0x00003de8      0x138 ./lib/tcpip.a(dhcp.o)
 .debug_aranges
                0x00003f20       0x80 ./lib/tcpip.a(netif.o)
 .debug_aranges
                0x00003fa0       0x88 ./lib/tcpip.a(inet.o)
 .debug_aranges
                0x00004028       0x98 ./lib/tcpip.a(sys_arch.o)
 .debug_aranges
                0x000040c0       0x78 ./lib/atalk.a(ddp.o)
 .debug_aranges
                0x00004138       0x80 ./lib/atalk.a(aarp.o)
 .debug_aranges
                0x000041b8       0x28 ./lib/atalk.a(aep.o)
 .debug_aranges
                0x000041e0       0x68 ./lib/atalk.a(nbp.o)
 .debug_aranges
                0x00004248       0x28 ./lib/atalk.a(atalkd.o)
 .debug_aranges
                0x00004270       0x30 ./lib/atalk.a(zip.o)
 .debug_aranges
                0x000042a0       0x38 ./lib/atalk.a(file.o)
 .debug_aranges
                0x000042d8       0x40 ./lib/atalk.a(papd.o)
 .debug_aranges
                0x00004318       0xb0 ./lib/atalk.a(socket2.o)
 .debug_aranges
                0x000043c8       0x48 ./lib/atalk.a(ddpsock.o)
 .debug_aranges
                0x00004410       0x28 ./lib/atalk.a(atp_open.o)
 .debug_aranges
                0x00004438       0x28 ./lib/atalk.a(atp_clos.o)
 .debug_aranges
                0x00004460       0x38 ./lib/atalk.a(atp_bufs.o)
 .debug_aranges
                0x00004498       0x30 ./lib/atalk.a(atp_rsel.o)
 .debug_aranges
                0x000044c8       0x28 ./lib/atalk.a(atp_rreq.o)
 .debug_aranges
                0x000044f0       0x28 ./lib/atalk.a(atp_srsp.o)
 .debug_aranges
                0x00004518       0x28 ./lib/atalk.a(session.o)
 .debug_aranges
                0x00004540       0x40 ./lib/atalk.a(atp_pkt.o)
 .debug_aranges
                0x00004580       0x28 ./lib/atalk.a(atp_rrsp.o)
 .debug_aranges
                0x000045a8       0x28 ./lib/atalk.a(atp_sreq.o)
 .debug_aranges
                0x000045d0       0x40 ./lib/atalk.a(magics.o)
 .debug_aranges
                0x00004610       0x50 ./lib/atalk.a(comment.o)
 .debug_aranges
                0x00004660       0x40 ./lib/atalk.a(queries.o)
 .debug_aranges
                0x000046a0       0x40 ./lib/atalk.a(paprint.o)
 .debug_aranges
                0x000046e0       0x38 ./lib/snmp.a(snmpd.o)
 .debug_aranges
                0x00004718       0x28 ./lib/snmp.a(mibmodl.o)
 .debug_aranges
                0x00004740       0x68 ./lib/snmp.a(snmpaget.o)
 .debug_aranges
                0x000047a8       0x98 ./lib/snmp.a(asn1.o)
 .debug_aranges
                0x00004840       0x30 ./lib/snmp.a(snmp.o)
 .debug_aranges
                0x00004870       0xb8 ./lib/snmp.a(snmp_api.o)
 .debug_aranges
                0x00004928      0x120 ./lib/snmp.a(snmpvars.o)
 .debug_aranges
                0x00004a48       0x28 ./lib/snmp.a(snmptrap.o)
 .debug_aranges
                0x00004a70       0x38 ./lib/psutility.a(joblog.o)
 .debug_aranges
                0x00004aa8       0x78 ./lib/psutility.a(alert.o)
 .debug_aranges
                0x00004b20       0x48 ./lib/psutility.a(kmalloc.o)
 .debug_aranges
                0x00004b68       0x70 ./lib/uart.a(serial.o)
 .debug_aranges
                0x00004bd8      0x168 ./lib/realtek.a(rt8712_dep.o)
 .debug_aranges
                0x00004d40       0xf0 ./lib/realtek.a(wlanif.o)
 .debug_aranges
                0x00004e30      0x148 ./lib/realtek.a(osdep_service.)
 .debug_aranges
                0x00004f78       0xd0 ./lib/realtek.a(xmit_linux.o)
 .debug_aranges
                0x00005048      0x198 ./lib/realtek.a(rtl871x_xmit.o)
 .debug_aranges
                0x000051e0      0x100 ./lib/realtek.a(rtl871x_sta_mgt.o)
 .debug_aranges
                0x000052e0      0x2c8 ./lib/realtek.a(rtl871x_mlme.o)
 .debug_aranges
                0x000055a8      0x258 ./lib/realtek.a(rtl871x_cmd.o)
 .debug_aranges
                0x00005800       0xc0 ./lib/realtek.a(rtl8712_io.o)
 .debug_aranges
                0x000058c0       0xe8 ./lib/realtek.a(usb_ops_linux.)
 .debug_aranges
                0x000059a8      0x230 ./lib/realtek.a(rtl871x_ioctl_linux.o)
 .debug_aranges
                0x00005bd8      0x100 ./lib/realtek.a(os_intfs.o)
 .debug_aranges
                0x00005cd8       0xb8 ./lib/realtek.a(rtl871x_io.o)
 .debug_aranges
                0x00005d90      0x1f8 ./lib/realtek.a(rtl871x_mp.o)
 .debug_aranges
                0x00005f88       0xf0 ./lib/realtek.a(ieee80211.o)
 .debug_aranges
                0x00006078      0x138 ./lib/realtek.a(r871x_tools.o)
 .debug_aranges
                0x000061b0       0xf8 ./lib/realtek.a(rtl8712_efuse.)
 .debug_aranges
                0x000062a8       0xb8 ./lib/realtek.a(recv_linux.o)
 .debug_aranges
                0x00006360      0x198 ./lib/realtek.a(rtl871x_security.o)
 .debug_aranges
                0x000064f8      0x130 ./lib/realtek.a(rtl871x_pwrctrl.o)
 .debug_aranges
                0x00006628       0xb8 ./lib/realtek.a(mlme_linux.o)
 .debug_aranges
                0x000066e0       0xf0 ./lib/realtek.a(rtl8712_xmit.o)
 .debug_aranges
                0x000067d0      0x190 ./lib/realtek.a(rtl8712_recv.o)
 .debug_aranges
                0x00006960      0x178 ./lib/realtek.a(rtl871x_recv.o)
 .debug_aranges
                0x00006ad8      0x130 ./lib/realtek.a(rtl8712_cmd.o)
 .debug_aranges
                0x00006c08       0xd0 ./lib/realtek.a(usb_ops.o)
 .debug_aranges
                0x00006cd8       0xf8 ./lib/realtek.a(rtl871x_ioctl_set.o)
 .debug_aranges
                0x00006dd0       0xa0 ./lib/realtek.a(hal_init.o)
 .debug_aranges
                0x00006e70       0x70 ./lib/realtek.a(io_linux.o)
 .debug_aranges
                0x00006ee0       0x90 ./lib/wpa_supplicant.a(common.o)
 .debug_aranges
                0x00006f70       0x28 ./lib/wpa_supplicant.a(wpa_main.o)
 .debug_aranges
                0x00006f98       0x90 ./lib/wpa_supplicant.a(os_unix.o)
 .debug_aranges
                0x00007028       0x90 ./lib/wpa_supplicant.a(wpa_debug.o)
 .debug_aranges
                0x000070b8      0x2c0 ./lib/wpa_supplicant.a(wpa_supplicant.o)
 .debug_aranges
                0x00007378       0x98 ./lib/wpa_supplicant.a(wps.o)
 .debug_aranges
                0x00007410       0xd8 ./lib/wpa_supplicant.a(wps_attr_build.o)
 .debug_aranges
                0x000074e8       0x48 ./lib/wpa_supplicant.a(wps_attr_parse.o)
 .debug_aranges
                0x00007530       0xe0 ./lib/wpa_supplicant.a(wps_dev_attr.o)
 .debug_aranges
                0x00007610      0x190 ./lib/wpa_supplicant.a(wps_enrollee.o)
 .debug_aranges
                0x000077a0      0x300 ./lib/wpa_supplicant.a(wps_registrar.)
 .debug_aranges
                0x00007aa0       0xf8 ./lib/wpa_supplicant.a(wps_supplicant.o)
 .debug_aranges
                0x00007b98      0x248 ./lib/wpa_supplicant.a(driver_wext.o)
 .debug_aranges
                0x00007de0      0x1f0 ./lib/wpa_supplicant.a(wps_dep.o)
 .debug_aranges
                0x00007fd0      0x238 ./lib/wpa_supplicant.a(eapol_supp_sm.)
 .debug_aranges
                0x00008208       0x78 ./lib/wpa_supplicant.a(aes_wrap.o)
 .debug_aranges
                0x00008280       0x30 ./lib/wpa_supplicant.a(base64.o)
 .debug_aranges
                0x000082b0       0x40 ./lib/wpa_supplicant.a(blacklist.o)
 .debug_aranges
                0x000082f0      0x1f8 ./lib/wpa_supplicant.a(config.o)
 .debug_aranges
                0x000084e8      0x108 ./lib/wpa_supplicant.a(config_file.o)
 .debug_aranges
                0x000085f0       0xd0 ./lib/wpa_supplicant.a(eloop.o)
 .debug_aranges
                0x000086c0       0xe0 ./lib/wpa_supplicant.a(events.o)
 .debug_aranges
                0x000087a0       0x50 ./lib/wpa_supplicant.a(l2_packet_linux.o)
 .debug_aranges
                0x000087f0       0x78 ./lib/wpa_supplicant.a(eap_methods.o)
 .debug_aranges
                0x00008868      0x2b8 ./lib/wpa_supplicant.a(eap.o)
 .debug_aranges
                0x00008b20       0x68 ./lib/wpa_supplicant.a(dh_groups.o)
 .debug_aranges
                0x00008b88       0x58 ./lib/wpa_supplicant.a(ctrl_iface_unix.o)
 .debug_aranges
                0x00008be0       0x58 ./lib/wpa_supplicant.a(md5.o)
 .debug_aranges
                0x00008c38       0xc0 ./lib/wpa_supplicant.a(pmksa_cache.o)
 .debug_aranges
                0x00008cf8       0x98 ./lib/wpa_supplicant.a(preauth.o)
 .debug_aranges
                0x00008d90       0x30 ./lib/wpa_supplicant.a(rc4.o)
 .debug_aranges
                0x00008dc0       0x80 ./lib/wpa_supplicant.a(scan.o)
 .debug_aranges
                0x00008e40       0x68 ./lib/wpa_supplicant.a(scan_helpers.o)
 .debug_aranges
                0x00008ea8       0x88 ./lib/wpa_supplicant.a(sha1.o)
 .debug_aranges
                0x00008f30       0x60 ./lib/wpa_supplicant.a(sha256.o)
 .debug_aranges
                0x00008f90       0x30 ./lib/wpa_supplicant.a(tls_none.o)
 .debug_aranges
                0x00008fc0       0x40 ./lib/wpa_supplicant.a(uuid.o)
 .debug_aranges
                0x00009000      0x258 ./lib/wpa_supplicant.a(wpa.o)
 .debug_aranges
                0x00009258       0xa8 ./lib/wpa_supplicant.a(wpabuf.o)
 .debug_aranges
                0x00009300       0x48 ./lib/wpa_supplicant.a(wpa_common.o)
 .debug_aranges
                0x00009348       0x68 ./lib/wpa_supplicant.a(wpa_ie.o)
 .debug_aranges
                0x000093b0      0x150 ./lib/wpa_supplicant.a(wpas_glue.o)
 .debug_aranges
                0x00009500       0xb0 ./lib/wpa_supplicant.a(wps_attr_process.o)
 .debug_aranges
                0x000095b0       0xa8 ./lib/wpa_supplicant.a(wps_common.o)
 .debug_aranges
                0x00009658       0x58 ./lib/wpa_supplicant.a(crypto_openssl.o)
 .debug_aranges
                0x000096b0       0x48 ./lib/wpa_supplicant.a(aes.o)
 .debug_aranges
                0x000096f8       0xa8 ./lib/wpa_supplicant.a(eap_wsc.o)
 .debug_aranges
                0x000097a0       0x78 ./lib/wpa_supplicant.a(eap_common.o)
 .debug_aranges
                0x00009818      0x168 ./lib/wpa_supplicant.a(ctrl_iface.o)
 .debug_aranges
                0x00009980       0x30 ./lib/wpa_supplicant.a(eap_wsc_common.o)
 .debug_aranges
                0x000099b0      0x178 /cygdrive/Z/ZOT716U2W_SDK_0.01/ecos/ecos_install/lib/extras.o
 .debug_aranges
                0x00009b28       0x28 /cygdrive/Z/ZOT716U2W_SDK_0.01/ecos/ecos_install/lib/libtarget.a(infra_startup.o)
 .debug_aranges
                0x00009b50       0x28 /cygdrive/Z/ZOT716U2W_SDK_0.01/ecos/ecos_install/lib/libtarget.a(infra_prestart.o)
 .debug_aranges
                0x00009b78       0x28 /cygdrive/Z/ZOT716U2W_SDK_0.01/ecos/ecos_install/lib/libtarget.a(infra_pkgstart.o)
 .debug_aranges
                0x00009ba0       0x88 /cygdrive/Z/ZOT716U2W_SDK_0.01/ecos/ecos_install/lib/libtarget.a(infra_diag.o)
 .debug_aranges
                0x00009c28       0x28 /cygdrive/Z/ZOT716U2W_SDK_0.01/ecos/ecos_install/lib/libtarget.a(infra_memcpy.o)
 .debug_aranges
                0x00009c50       0x28 /cygdrive/Z/ZOT716U2W_SDK_0.01/ecos/ecos_install/lib/libtarget.a(infra_memset.o)
 .debug_aranges
                0x00009c78      0x3a0 /cygdrive/Z/ZOT716U2W_SDK_0.01/ecos/ecos_install/lib/libtarget.a(kernel_kapi.o)
 .debug_aranges
                0x0000a018       0xf8 /cygdrive/Z/ZOT716U2W_SDK_0.01/ecos/ecos_install/lib/libtarget.a(kernel_thread.o)
 .debug_aranges
                0x0000a110       0x60 /cygdrive/Z/ZOT716U2W_SDK_0.01/ecos/ecos_install/lib/libtarget.a(kernel_except.o)
 .debug_aranges
                0x0000a170       0xb0 /cygdrive/Z/ZOT716U2W_SDK_0.01/ecos/ecos_install/lib/libtarget.a(kernel_intr.o)
 .debug_aranges
                0x0000a220       0xe0 /cygdrive/Z/ZOT716U2W_SDK_0.01/ecos/ecos_install/lib/libtarget.a(kernel_memfixed.o)
 .debug_aranges
                0x0000a300       0xe8 /cygdrive/Z/ZOT716U2W_SDK_0.01/ecos/ecos_install/lib/libtarget.a(kernel_memvar.o)
 .debug_aranges
                0x0000a3e8       0xc8 /cygdrive/Z/ZOT716U2W_SDK_0.01/ecos/ecos_install/lib/libtarget.a(kernel_mlqueue.o)
 .debug_aranges
                0x0000a4b0       0x60 /cygdrive/Z/ZOT716U2W_SDK_0.01/ecos/ecos_install/lib/libtarget.a(kernel_sched.o)
 .debug_aranges
                0x0000a510       0x58 /cygdrive/Z/ZOT716U2W_SDK_0.01/ecos/ecos_install/lib/libtarget.a(kernel_cnt_sem.o)
 .debug_aranges
                0x0000a568       0x58 /cygdrive/Z/ZOT716U2W_SDK_0.01/ecos/ecos_install/lib/libtarget.a(kernel_flag.o)
 .debug_aranges
                0x0000a5c0       0xb0 /cygdrive/Z/ZOT716U2W_SDK_0.01/ecos/ecos_install/lib/libtarget.a(kernel_mbox.o)
 .debug_aranges
                0x0000a670       0x80 /cygdrive/Z/ZOT716U2W_SDK_0.01/ecos/ecos_install/lib/libtarget.a(kernel_mutex.o)
 .debug_aranges
                0x0000a6f0       0x28 /cygdrive/Z/ZOT716U2W_SDK_0.01/ecos/ecos_install/lib/libtarget.a(language_c_libc_isalnum.o)
 .debug_aranges
                0x0000a718       0x28 /cygdrive/Z/ZOT716U2W_SDK_0.01/ecos/ecos_install/lib/libtarget.a(language_c_libc_isalpha.o)
 .debug_aranges
                0x0000a740       0x28 /cygdrive/Z/ZOT716U2W_SDK_0.01/ecos/ecos_install/lib/libtarget.a(language_c_libc_isdigit.o)
 .debug_aranges
                0x0000a768       0x28 /cygdrive/Z/ZOT716U2W_SDK_0.01/ecos/ecos_install/lib/libtarget.a(language_c_libc_islower.o)
 .debug_aranges
                0x0000a790       0x28 /cygdrive/Z/ZOT716U2W_SDK_0.01/ecos/ecos_install/lib/libtarget.a(language_c_libc_isprint.o)
 .debug_aranges
                0x0000a7b8       0x28 /cygdrive/Z/ZOT716U2W_SDK_0.01/ecos/ecos_install/lib/libtarget.a(language_c_libc_isupper.o)
 .debug_aranges
                0x0000a7e0       0x28 /cygdrive/Z/ZOT716U2W_SDK_0.01/ecos/ecos_install/lib/libtarget.a(language_c_libc_isxdigit.o)
 .debug_aranges
                0x0000a808       0x28 /cygdrive/Z/ZOT716U2W_SDK_0.01/ecos/ecos_install/lib/libtarget.a(language_c_libc_toupper.o)
 .debug_aranges
                0x0000a830       0x28 /cygdrive/Z/ZOT716U2W_SDK_0.01/ecos/ecos_install/lib/libtarget.a(language_c_libc_snprintf.o)
 .debug_aranges
                0x0000a858       0x28 /cygdrive/Z/ZOT716U2W_SDK_0.01/ecos/ecos_install/lib/libtarget.a(language_c_libc_sprintf.o)
 .debug_aranges
                0x0000a880       0x50 /cygdrive/Z/ZOT716U2W_SDK_0.01/ecos/ecos_install/lib/libtarget.a(language_c_libc_stdioinlines.o)
 .debug_aranges
                0x0000a8d0       0x38 /cygdrive/Z/ZOT716U2W_SDK_0.01/ecos/ecos_install/lib/libtarget.a(language_c_libc_stdout.o)
 .debug_aranges
                0x0000a908       0x58 /cygdrive/Z/ZOT716U2W_SDK_0.01/ecos/ecos_install/lib/libtarget.a(language_c_libc_stream.o)
 .debug_aranges
                0x0000a960       0x30 /cygdrive/Z/ZOT716U2W_SDK_0.01/ecos/ecos_install/lib/libtarget.a(language_c_libc_vsnprintf.o)
 .debug_aranges
                0x0000a990       0x28 /cygdrive/Z/ZOT716U2W_SDK_0.01/ecos/ecos_install/lib/libtarget.a(language_c_libc_fgets.o)
 .debug_aranges
                0x0000a9b8       0x28 /cygdrive/Z/ZOT716U2W_SDK_0.01/ecos/ecos_install/lib/libtarget.a(language_c_libc_fprintf.o)
 .debug_aranges
                0x0000a9e0       0x30 /cygdrive/Z/ZOT716U2W_SDK_0.01/ecos/ecos_install/lib/libtarget.a(language_c_libc_fputc.o)
 .debug_aranges
                0x0000aa10       0x28 /cygdrive/Z/ZOT716U2W_SDK_0.01/ecos/ecos_install/lib/libtarget.a(language_c_libc_fputs.o)
 .debug_aranges
                0x0000aa38       0x28 /cygdrive/Z/ZOT716U2W_SDK_0.01/ecos/ecos_install/lib/libtarget.a(language_c_libc_printf.o)
 .debug_aranges
                0x0000aa60       0x30 /cygdrive/Z/ZOT716U2W_SDK_0.01/ecos/ecos_install/lib/libtarget.a(language_c_libc_vfnprintf.o)
 .debug_aranges
                0x0000aa90       0x28 /cygdrive/Z/ZOT716U2W_SDK_0.01/ecos/ecos_install/lib/libtarget.a(language_c_libc_abort.o)
 .debug_aranges
                0x0000aab8       0x28 /cygdrive/Z/ZOT716U2W_SDK_0.01/ecos/ecos_install/lib/libtarget.a(language_c_libc_atoi.o)
 .debug_aranges
                0x0000aae0       0x28 /cygdrive/Z/ZOT716U2W_SDK_0.01/ecos/ecos_install/lib/libtarget.a(language_c_libc_atol.o)
 .debug_aranges
                0x0000ab08       0x60 /cygdrive/Z/ZOT716U2W_SDK_0.01/ecos/ecos_install/lib/libtarget.a(language_c_libc_malloc.o)
 .debug_aranges
                0x0000ab68       0x28 /cygdrive/Z/ZOT716U2W_SDK_0.01/ecos/ecos_install/lib/libtarget.a(language_c_libc_qsort.o)
 .debug_aranges
                0x0000ab90       0x38 /cygdrive/Z/ZOT716U2W_SDK_0.01/ecos/ecos_install/lib/libtarget.a(language_c_libc_rand.o)
 .debug_aranges
                0x0000abc8       0x28 /cygdrive/Z/ZOT716U2W_SDK_0.01/ecos/ecos_install/lib/libtarget.a(language_c_libc_strtol.o)
 .debug_aranges
                0x0000abf0       0x28 /cygdrive/Z/ZOT716U2W_SDK_0.01/ecos/ecos_install/lib/libtarget.a(language_c_libc_memchr.o)
 .debug_aranges
                0x0000ac18       0x28 /cygdrive/Z/ZOT716U2W_SDK_0.01/ecos/ecos_install/lib/libtarget.a(language_c_libc_memcmp.o)
 .debug_aranges
                0x0000ac40       0x28 /cygdrive/Z/ZOT716U2W_SDK_0.01/ecos/ecos_install/lib/libtarget.a(language_c_libc_memmove.o)
 .debug_aranges
                0x0000ac68       0x28 /cygdrive/Z/ZOT716U2W_SDK_0.01/ecos/ecos_install/lib/libtarget.a(language_c_libc_strcat.o)
 .debug_aranges
                0x0000ac90       0x28 /cygdrive/Z/ZOT716U2W_SDK_0.01/ecos/ecos_install/lib/libtarget.a(language_c_libc_strchr.o)
 .debug_aranges
                0x0000acb8       0x28 /cygdrive/Z/ZOT716U2W_SDK_0.01/ecos/ecos_install/lib/libtarget.a(language_c_libc_strcmp.o)
 .debug_aranges
                0x0000ace0       0x28 /cygdrive/Z/ZOT716U2W_SDK_0.01/ecos/ecos_install/lib/libtarget.a(language_c_libc_strcpy.o)
 .debug_aranges
                0x0000ad08       0x28 /cygdrive/Z/ZOT716U2W_SDK_0.01/ecos/ecos_install/lib/libtarget.a(language_c_libc_strlen.o)
 .debug_aranges
                0x0000ad30       0x28 /cygdrive/Z/ZOT716U2W_SDK_0.01/ecos/ecos_install/lib/libtarget.a(language_c_libc_strncmp.o)
 .debug_aranges
                0x0000ad58       0x28 /cygdrive/Z/ZOT716U2W_SDK_0.01/ecos/ecos_install/lib/libtarget.a(language_c_libc_strncpy.o)
 .debug_aranges
                0x0000ad80       0x28 /cygdrive/Z/ZOT716U2W_SDK_0.01/ecos/ecos_install/lib/libtarget.a(language_c_libc_strrchr.o)
 .debug_aranges
                0x0000ada8       0x28 /cygdrive/Z/ZOT716U2W_SDK_0.01/ecos/ecos_install/lib/libtarget.a(language_c_libc_strspn.o)
 .debug_aranges
                0x0000add0       0x28 /cygdrive/Z/ZOT716U2W_SDK_0.01/ecos/ecos_install/lib/libtarget.a(language_c_libc_strstr.o)
 .debug_aranges
                0x0000adf8       0x30 /cygdrive/Z/ZOT716U2W_SDK_0.01/ecos/ecos_install/lib/libtarget.a(language_c_libc_strtok.o)
 .debug_aranges
                0x0000ae28       0x28 /cygdrive/Z/ZOT716U2W_SDK_0.01/ecos/ecos_install/lib/libtarget.a(language_c_libc_ctime.o)
 .debug_aranges
                0x0000ae50       0x28 /cygdrive/Z/ZOT716U2W_SDK_0.01/ecos/ecos_install/lib/libtarget.a(language_c_libc_gmtime.o)
 .debug_aranges
                0x0000ae78       0x28 /cygdrive/Z/ZOT716U2W_SDK_0.01/ecos/ecos_install/lib/libtarget.a(language_c_libc_gmtime_r.o)
 .debug_aranges
                0x0000aea0       0x28 /cygdrive/Z/ZOT716U2W_SDK_0.01/ecos/ecos_install/lib/libtarget.a(language_c_libc_localtime.o)
 .debug_aranges
                0x0000aec8       0x28 /cygdrive/Z/ZOT716U2W_SDK_0.01/ecos/ecos_install/lib/libtarget.a(language_c_libc_localtime_r.o)
 .debug_aranges
                0x0000aef0       0x28 /cygdrive/Z/ZOT716U2W_SDK_0.01/ecos/ecos_install/lib/libtarget.a(language_c_libc_mktime.o)
 .debug_aranges
                0x0000af18       0x28 /cygdrive/Z/ZOT716U2W_SDK_0.01/ecos/ecos_install/lib/libtarget.a(language_c_libc_time.o)
 .debug_aranges
                0x0000af40       0x40 /cygdrive/Z/ZOT716U2W_SDK_0.01/ecos/ecos_install/lib/libtarget.a(language_c_libc_timeutil.o)
 .debug_aranges
                0x0000af80       0x48 /cygdrive/Z/ZOT716U2W_SDK_0.01/ecos/ecos_install/lib/libtarget.a(devs_wallclock_emulate.o)
 .debug_aranges
                0x0000afc8       0x28 /cygdrive/Z/ZOT716U2W_SDK_0.01/ecos/ecos_install/lib/libtarget.a(error_strerror.o)
 .debug_aranges
                0x0000aff0       0x50 /cygdrive/Z/ZOT716U2W_SDK_0.01/ecos/ecos_install/lib/libtarget.a(hal_arm_arch_hal_misc.o)
 .debug_aranges
                0x0000b040       0xa0 /cygdrive/Z/ZOT716U2W_SDK_0.01/ecos/ecos_install/lib/libtarget.a(hal_arm_zot716u2_zot716u2_misc.o)
 .debug_aranges
                0x0000b0e0       0x48 /cygdrive/Z/ZOT716U2W_SDK_0.01/ecos/ecos_install/lib/libtarget.a(hal_arm_zot716u2_hal_diag.o)
 .debug_aranges
                0x0000b128       0x30 /cygdrive/Z/ZOT716U2W_SDK_0.01/ecos/ecos_install/lib/libtarget.a(infra_delete.o)
 .debug_aranges
                0x0000b158       0xd0 /cygdrive/Z/ZOT716U2W_SDK_0.01/ecos/ecos_install/lib/libtarget.a(kernel_clock.o)
 .debug_aranges
                0x0000b228       0x28 /cygdrive/Z/ZOT716U2W_SDK_0.01/ecos/ecos_install/lib/libtarget.a(language_c_libc_isspace.o)
 .debug_aranges
                0x0000b250       0x28 /cygdrive/Z/ZOT716U2W_SDK_0.01/ecos/ecos_install/lib/libtarget.a(language_c_libc_setvbuf.o)
 .debug_aranges
                0x0000b278       0x38 /cygdrive/Z/ZOT716U2W_SDK_0.01/ecos/ecos_install/lib/libtarget.a(language_c_libc_stderr.o)
 .debug_aranges
                0x0000b2b0       0x28 /cygdrive/Z/ZOT716U2W_SDK_0.01/ecos/ecos_install/lib/libtarget.a(language_c_libc_stdiosupp.o)
 .debug_aranges
                0x0000b2d8       0x28 /cygdrive/Z/ZOT716U2W_SDK_0.01/ecos/ecos_install/lib/libtarget.a(language_c_libc_div.o)
 .debug_aranges
                0x0000b300       0x28 /cygdrive/Z/ZOT716U2W_SDK_0.01/ecos/ecos_install/lib/libtarget.a(language_c_libc_asctime.o)
 .debug_aranges
                0x0000b328       0x28 /cygdrive/Z/ZOT716U2W_SDK_0.01/ecos/ecos_install/lib/libtarget.a(language_c_libc_asctime_r.o)
 .debug_aranges
                0x0000b350       0x28 /cygdrive/Z/ZOT716U2W_SDK_0.01/ecos/ecos_install/lib/libtarget.a(language_c_libc_itoa.o)
 .debug_aranges
                0x0000b378       0x20 /tools/H-i686-pc-cygwin/lib/gcc-lib/arm-elf/2.95.2/libgcc.a(_udivdi3.o)
 .debug_aranges
                0x0000b398       0x20 /tools/H-i686-pc-cygwin/lib/gcc-lib/arm-elf/2.95.2/libgcc.a(_umoddi3.o)

.debug_pubnames
                0x00000000    0x13092
 *(.debug_pubnames)
 .debug_pubnames
                0x00000000       0x49 /cygdrive/Z/ZOT716U2W_SDK_0.01/prod/zot716u2w/build/obj/zotmain.o
 .debug_pubnames
                0x00000049      0x21f ./lib/mac.a(star_nic.o)
 .debug_pubnames
                0x00000268      0x4fd ./lib/usb_host.a(usb.o)
 .debug_pubnames
                0x00000765       0xfe ./lib/usb_host.a(hub.o)
 .debug_pubnames
                0x00000863      0x167 ./lib/usb_host.a(printer.o)
 .debug_pubnames
                0x000009ca       0xbb ./lib/usb_host.a(ehcihcd.o)
 .debug_pubnames
                0x00000a85       0x40 ./lib/usb_host.a(ehcihub.o)
 .debug_pubnames
                0x00000ac5       0xdd ./lib/usb_host.a(ehcimem.o)
 .debug_pubnames
                0x00000ba2       0xb9 ./lib/usb_host.a(ehciq.o)
 .debug_pubnames
                0x00000c5b       0x57 ./lib/usb_host.a(ehcische.o)
 .debug_pubnames
                0x00000cb2      0x188 ./lib/usb_host.a(u2hcd.o)
 .debug_pubnames
                0x00000e3a      0x167 ./lib/usb_host.a(ohci.o)
 .debug_pubnames
                0x00000fa1      0x123 ./lib/usb_host.a(usbnet.o)
 .debug_pubnames
                0x000010c4       0x21 ./lib/usb_host.a(hp1020.o)
 .debug_pubnames
                0x000010e5      0x1e2 ./lib/psglobal.a(psmain.o)
 .debug_pubnames
                0x000012c7      0x366 ./lib/psglobal.a(eeprom.o)
 .debug_pubnames
                0x0000162d      0x1e7 ./lib/psglobal.a(rwflash.o)
 .debug_pubnames
                0x00001814      0x11c ./lib/psglobal.a(led.o)
 .debug_pubnames
                0x00001930      0x27e ./lib/psglobal.a(pkdriver.o)
 .debug_pubnames
                0x00001bae       0x83 ./lib/psglobal.a(io.o)
 .debug_pubnames
                0x00001c31       0x96 ./lib/psglobal.a(spiflash.o)
 .debug_pubnames
                0x00001cc7       0x1c ./lib/psglobal.a(crc32.o)
 .debug_pubnames
                0x00001ce3       0x3b ./lib/psglobal.a(pm.o)
 .debug_pubnames
                0x00001d1e       0x93 ./lib/psglobal.a(bridge.o)
 .debug_pubnames
                0x00001db1       0x45 ./lib/http_zot.a(endmark.o)
 .debug_pubnames
                0x00001df6      0x447 ./lib/http_zot.a(httpd.o)
 .debug_pubnames
                0x0000223d       0x98 ./lib/http_zot.a(http_constant.o)
 .debug_pubnames
                0x000022d5       0x20 ./lib/http_zot.a(gmtime.o)
 .debug_pubnames
                0x000022f5       0x50 ./lib/http_zot.a(pfs.o)
 .debug_pubnames
                0x00002345      0x119 ./lib/ipxbeui.a(ipx.o)
 .debug_pubnames
                0x0000245e       0x72 ./lib/ipxbeui.a(netbeui.o)
 .debug_pubnames
                0x000024d0       0xd4 ./lib/ntps.a(ntps.o)
 .debug_pubnames
                0x000025a4       0xc5 ./lib/ntps.a(ntudp.o)
 .debug_pubnames
                0x00002669       0xe8 ./lib/ntps.a(ntutil.o)
 .debug_pubnames
                0x00002751      0x5f0 ./lib/ntps.a(ntipxbeui.o)
 .debug_pubnames
                0x00002d41      0x1fb ./lib/spooler.a(prnport.o)
 .debug_pubnames
                0x00002f3c      0x1dd ./lib/spooler.a(prnqueue.o)
 .debug_pubnames
                0x00003119      0x567 ./lib/novell.a(nps3.o)
 .debug_pubnames
                0x00003680       0x4c ./lib/novell.a(banner.o)
 .debug_pubnames
                0x000036cc       0x4e ./lib/nds.a(nwcrypt.o)
 .debug_pubnames
                0x0000371a      0x1ed ./lib/nds.a(ndsqueue.o)
 .debug_pubnames
                0x00003907      0x154 ./lib/nds.a(ndsmain.o)
 .debug_pubnames
                0x00003a5b      0x25e ./lib/nds.a(ndslogin.o)
 .debug_pubnames
                0x00003cb9      0x1b4 ./lib/nds.a(mpilib.o)
 .debug_pubnames
                0x00003e6d       0x9c ./lib/nds.a(ndscrypt.o)
 .debug_pubnames
                0x00003f09       0xba ./lib/lpd.a(lpd.o)
 .debug_pubnames
                0x00003fc3       0x1e ./lib/rawtcpd.a(rawtcpd.o)
 .debug_pubnames
                0x00003fe1       0xac ./lib/ippd.a(ippd.o)
 .debug_pubnames
                0x0000408d       0x4f ./lib/ippd.a(ippd_constant.o)
 .debug_pubnames
                0x000040dc       0x1e ./lib/smbd.a(smbinit.o)
 .debug_pubnames
                0x000040fa       0x9c ./lib/smbd.a(nmbd.o)
 .debug_pubnames
                0x00004196       0x3d ./lib/smbd.a(server.o)
 .debug_pubnames
                0x000041d3       0xb1 ./lib/smbd.a(n_packet.o)
 .debug_pubnames
                0x00004284       0x86 ./lib/smbd.a(intface.o)
 .debug_pubnames
                0x0000430a       0x7e ./lib/smbd.a(nmblib.o)
 .debug_pubnames
                0x00004388       0xdd ./lib/smbd.a(utilsock.o)
 .debug_pubnames
                0x00004465       0x2f ./lib/smbd.a(n_ann.o)
 .debug_pubnames
                0x00004494       0xb1 ./lib/smbd.a(n_name.o)
 .debug_pubnames
                0x00004545       0x35 ./lib/smbd.a(n_reg.o)
 .debug_pubnames
                0x0000457a       0x5e ./lib/smbd.a(n_req.o)
 .debug_pubnames
                0x000045d8       0x7b ./lib/smbd.a(n_subnet.o)
 .debug_pubnames
                0x00004653       0x8f ./lib/smbd.a(unistr.o)
 .debug_pubnames
                0x000046e2       0xcc ./lib/smbd.a(conn.o)
 .debug_pubnames
                0x000047ae       0xc6 ./lib/smbd.a(process.o)
 .debug_pubnames
                0x00004874       0x62 ./lib/smbd.a(nttrans.o)
 .debug_pubnames
                0x000048d6       0xc1 ./lib/smbd.a(pipes.o)
 .debug_pubnames
                0x00004997      0x131 ./lib/smbd.a(srvpipe.o)
 .debug_pubnames
                0x00004ac8      0x150 ./lib/smbd.a(parserpc.o)
 .debug_pubnames
                0x00004c18      0x19d ./lib/smbd.a(parseprs.o)
 .debug_pubnames
                0x00004db5       0x5e ./lib/smbd.a(spipe.o)
 .debug_pubnames
                0x00004e13      0x1ca ./lib/smbd.a(reply.o)
 .debug_pubnames
                0x00004fdd       0x36 ./lib/smbd.a(srvwksvc.o)
 .debug_pubnames
                0x00005013       0x36 ./lib/smbd.a(srvsvc.o)
 .debug_pubnames
                0x00005049       0x22 ./lib/smbd.a(srvreg.o)
 .debug_pubnames
                0x0000506b       0x8c ./lib/smbd.a(parsewks.o)
 .debug_pubnames
                0x000050f7      0x120 ./lib/smbd.a(parsemis.o)
 .debug_pubnames
                0x00005217      0x196 ./lib/smbd.a(parsesrv.o)
 .debug_pubnames
                0x000053ad       0x2d ./lib/smbd.a(util_hnd.o)
 .debug_pubnames
                0x000053da       0x4a ./lib/smbd.a(parsereg.o)
 .debug_pubnames
                0x00005424       0x48 ./lib/smbd.a(ipc.o)
 .debug_pubnames
                0x0000546c      0x14e ./lib/smbd.a(smbutil.o)
 .debug_pubnames
                0x000055ba       0x24 ./lib/smbd.a(negprot.o)
 .debug_pubnames
                0x000055de       0xe7 ./lib/telnet.a(telserv.o)
 .debug_pubnames
                0x000056c5      0x5a2 ./lib/telnet.a(telutil.o)
 .debug_pubnames
                0x00005c67      0x3f6 ./lib/telnet.a(menu.o)
 .debug_pubnames
                0x0000605d      0x14c ./lib/tftp_zot.a(tftpd.o)
 .debug_pubnames
                0x000061a9       0x90 ./lib/tcpip.a(etharp.o)
 .debug_pubnames
                0x00006239      0x174 ./lib/tcpip.a(tcpip.o)
 .debug_pubnames
                0x000063ad       0x57 ./lib/tcpip.a(ip.o)
 .debug_pubnames
                0x00006404       0x37 ./lib/tcpip.a(icmp.o)
 .debug_pubnames
                0x0000643b       0x50 ./lib/tcpip.a(ip_addr.o)
 .debug_pubnames
                0x0000648b       0x2b ./lib/tcpip.a(ip_frag.o)
 .debug_pubnames
                0x000064b6      0x189 ./lib/tcpip.a(sockets.o)
 .debug_pubnames
                0x0000663f      0x258 ./lib/tcpip.a(api_lib.o)
 .debug_pubnames
                0x00006897       0x35 ./lib/tcpip.a(api_msg.o)
 .debug_pubnames
                0x000068cc       0x5c ./lib/tcpip.a(mem.o)
 .debug_pubnames
                0x00006928       0x3e ./lib/tcpip.a(memp.o)
 .debug_pubnames
                0x00006966       0x96 ./lib/tcpip.a(sys.o)
 .debug_pubnames
                0x000069fc       0xd4 ./lib/tcpip.a(pbuf.o)
 .debug_pubnames
                0x00006ad0       0x30 ./lib/tcpip.a(stats.o)
 .debug_pubnames
                0x00006b00       0x8e ./lib/tcpip.a(raw.o)
 .debug_pubnames
                0x00006b8e       0xae ./lib/tcpip.a(udp.o)
 .debug_pubnames
                0x00006c3c      0x1ea ./lib/tcpip.a(tcp.o)
 .debug_pubnames
                0x00006e26       0x32 ./lib/tcpip.a(tcp_in.o)
 .debug_pubnames
                0x00006e58       0x91 ./lib/tcpip.a(tcp_out.o)
 .debug_pubnames
                0x00006ee9       0xfe ./lib/tcpip.a(dhcp.o)
 .debug_pubnames
                0x00006fe7      0x109 ./lib/tcpip.a(netif.o)
 .debug_pubnames
                0x000070f0       0xba ./lib/tcpip.a(inet.o)
 .debug_pubnames
                0x000071aa      0x123 ./lib/tcpip.a(sys_arch.o)
 .debug_pubnames
                0x000072cd       0xd9 ./lib/atalk.a(ddp.o)
 .debug_pubnames
                0x000073a6       0xc9 ./lib/atalk.a(aarp.o)
 .debug_pubnames
                0x0000746f       0x3f ./lib/atalk.a(aep.o)
 .debug_pubnames
                0x000074ae       0x9e ./lib/atalk.a(nbp.o)
 .debug_pubnames
                0x0000754c       0x51 ./lib/atalk.a(atalkd.o)
 .debug_pubnames
                0x0000759d       0x48 ./lib/atalk.a(zip.o)
 .debug_pubnames
                0x000075e5       0x4f ./lib/atalk.a(file.o)
 .debug_pubnames
                0x00007634       0x9e ./lib/atalk.a(papd.o)
 .debug_pubnames
                0x000076d2      0x141 ./lib/atalk.a(socket2.o)
 .debug_pubnames
                0x00007813       0x72 ./lib/atalk.a(ddpsock.o)
 .debug_pubnames
                0x00007885       0x2f ./lib/atalk.a(atp_open.o)
 .debug_pubnames
                0x000078b4       0x30 ./lib/atalk.a(atp_clos.o)
 .debug_pubnames
                0x000078e4       0x65 ./lib/atalk.a(atp_bufs.o)
 .debug_pubnames
                0x00007949       0x42 ./lib/atalk.a(atp_rsel.o)
 .debug_pubnames
                0x0000798b       0x2f ./lib/atalk.a(atp_rreq.o)
 .debug_pubnames
                0x000079ba       0x30 ./lib/atalk.a(atp_srsp.o)
 .debug_pubnames
                0x000079ea       0x32 ./lib/atalk.a(session.o)
 .debug_pubnames
                0x00007a1c       0x69 ./lib/atalk.a(atp_pkt.o)
 .debug_pubnames
                0x00007a85       0x30 ./lib/atalk.a(atp_rrsp.o)
 .debug_pubnames
                0x00007ab5       0x2f ./lib/atalk.a(atp_sreq.o)
 .debug_pubnames
                0x00007ae4       0x74 ./lib/atalk.a(magics.o)
 .debug_pubnames
                0x00007b58       0x78 ./lib/atalk.a(comment.o)
 .debug_pubnames
                0x00007bd0       0x69 ./lib/atalk.a(queries.o)
 .debug_pubnames
                0x00007c39       0xa0 ./lib/atalk.a(paprint.o)
 .debug_pubnames
                0x00007cd9       0x4c ./lib/snmp.a(snmpd.o)
 .debug_pubnames
                0x00007d25       0x23 ./lib/snmp.a(mibmodl.o)
 .debug_pubnames
                0x00007d48       0xea ./lib/snmp.a(snmpaget.o)
 .debug_pubnames
                0x00007e32      0x14c ./lib/snmp.a(asn1.o)
 .debug_pubnames
                0x00007f7e       0x3e ./lib/snmp.a(snmp.o)
 .debug_pubnames
                0x00007fbc      0x1ec ./lib/snmp.a(snmp_api.o)
 .debug_pubnames
                0x000081a8      0x711 ./lib/snmp.a(snmpvars.o)
 .debug_pubnames
                0x000088b9       0x35 ./lib/snmp.a(snmptrap.o)
 .debug_pubnames
                0x000088ee       0x83 ./lib/psutility.a(joblog.o)
 .debug_pubnames
                0x00008971       0xc7 ./lib/psutility.a(alert.o)
 .debug_pubnames
                0x00008a38       0x7c ./lib/psutility.a(kmalloc.o)
 .debug_pubnames
                0x00008ab4       0xed ./lib/uart.a(serial.o)
 .debug_pubnames
                0x00008ba1      0x27f ./lib/realtek.a(rt8712_dep.o)
 .debug_pubnames
                0x00008e20      0x482 ./lib/realtek.a(wlanif.o)
 .debug_pubnames
                0x000092a2      0x207 ./lib/realtek.a(osdep_service.)
 .debug_pubnames
                0x000094a9      0x12f ./lib/realtek.a(xmit_linux.o)
 .debug_pubnames
                0x000095d8      0x260 ./lib/realtek.a(rtl871x_xmit.o)
 .debug_pubnames
                0x00009838      0x123 ./lib/realtek.a(rtl871x_sta_mgt.o)
 .debug_pubnames
                0x0000995b      0x5ea ./lib/realtek.a(rtl871x_mlme.o)
 .debug_pubnames
                0x00009f45      0x44e ./lib/realtek.a(rtl871x_cmd.o)
 .debug_pubnames
                0x0000a393       0xae ./lib/realtek.a(rtl8712_io.o)
 .debug_pubnames
                0x0000a441      0x107 ./lib/realtek.a(usb_ops_linux.)
 .debug_pubnames
                0x0000a548      0x3d5 ./lib/realtek.a(rtl871x_ioctl_linux.o)
 .debug_pubnames
                0x0000a91d      0x394 ./lib/realtek.a(os_intfs.o)
 .debug_pubnames
                0x0000acb1       0xc4 ./lib/realtek.a(rtl871x_io.o)
 .debug_pubnames
                0x0000ad75      0x384 ./lib/realtek.a(rtl871x_mp.o)
 .debug_pubnames
                0x0000b0f9      0x19b ./lib/realtek.a(ieee80211.o)
 .debug_pubnames
                0x0000b294      0x2f7 ./lib/realtek.a(r871x_tools.o)
 .debug_pubnames
                0x0000b58b      0x120 ./lib/realtek.a(rtl8712_efuse.)
 .debug_pubnames
                0x0000b6ab      0x113 ./lib/realtek.a(recv_linux.o)
 .debug_pubnames
                0x0000b7be      0x2e6 ./lib/realtek.a(rtl871x_security.o)
 .debug_pubnames
                0x0000baa4      0x1c6 ./lib/realtek.a(rtl871x_pwrctrl.o)
 .debug_pubnames
                0x0000bc6a       0xeb ./lib/realtek.a(mlme_linux.o)
 .debug_pubnames
                0x0000bd55      0x133 ./lib/realtek.a(rtl8712_xmit.o)
 .debug_pubnames
                0x0000be88      0x287 ./lib/realtek.a(rtl8712_recv.o)
 .debug_pubnames
                0x0000c10f      0x1ef ./lib/realtek.a(rtl871x_recv.o)
 .debug_pubnames
                0x0000c2fe      0x175 ./lib/realtek.a(rtl8712_cmd.o)
 .debug_pubnames
                0x0000c473      0x126 ./lib/realtek.a(usb_ops.o)
 .debug_pubnames
                0x0000c599      0x14a ./lib/realtek.a(rtl871x_ioctl_set.o)
 .debug_pubnames
                0x0000c6e3       0xab ./lib/realtek.a(hal_init.o)
 .debug_pubnames
                0x0000c78e       0x47 ./lib/realtek.a(io_linux.o)
 .debug_pubnames
                0x0000c7d5      0x1a3 ./lib/wpa_supplicant.a(common.o)
 .debug_pubnames
                0x0000c978       0x2d ./lib/wpa_supplicant.a(wpa_main.o)
 .debug_pubnames
                0x0000c9a5      0x102 ./lib/wpa_supplicant.a(os_unix.o)
 .debug_pubnames
                0x0000caa7      0x15e ./lib/wpa_supplicant.a(wpa_debug.o)
 .debug_pubnames
                0x0000cc05      0x2f7 ./lib/wpa_supplicant.a(wpa_supplicant.o)
 .debug_pubnames
                0x0000cefc      0x10c ./lib/wpa_supplicant.a(wps.o)
 .debug_pubnames
                0x0000d008      0x1dd ./lib/wpa_supplicant.a(wps_attr_build.o)
 .debug_pubnames
                0x0000d1e5       0x36 ./lib/wpa_supplicant.a(wps_attr_parse.o)
 .debug_pubnames
                0x0000d21b       0xfe ./lib/wpa_supplicant.a(wps_dev_attr.o)
 .debug_pubnames
                0x0000d319       0x48 ./lib/wpa_supplicant.a(wps_enrollee.o)
 .debug_pubnames
                0x0000d361      0x156 ./lib/wpa_supplicant.a(wps_registrar.)
 .debug_pubnames
                0x0000d4b7      0x167 ./lib/wpa_supplicant.a(wps_supplicant.o)
 .debug_pubnames
                0x0000d61e      0x300 ./lib/wpa_supplicant.a(driver_wext.o)
 .debug_pubnames
                0x0000d91e      0x3f8 ./lib/wpa_supplicant.a(wps_dep.o)
 .debug_pubnames
                0x0000dd16      0x28a ./lib/wpa_supplicant.a(eapol_supp_sm.)
 .debug_pubnames
                0x0000dfa0       0xeb ./lib/wpa_supplicant.a(aes_wrap.o)
 .debug_pubnames
                0x0000e08b       0x36 ./lib/wpa_supplicant.a(base64.o)
 .debug_pubnames
                0x0000e0c1       0x6c ./lib/wpa_supplicant.a(blacklist.o)
 .debug_pubnames
                0x0000e12d      0x1ea ./lib/wpa_supplicant.a(config.o)
 .debug_pubnames
                0x0000e317       0x3b ./lib/wpa_supplicant.a(config_file.o)
 .debug_pubnames
                0x0000e352      0x1a8 ./lib/wpa_supplicant.a(eloop.o)
 .debug_pubnames
                0x0000e4fa       0x6a ./lib/wpa_supplicant.a(events.o)
 .debug_pubnames
                0x0000e564       0xbf ./lib/wpa_supplicant.a(l2_packet_linux.o)
 .debug_pubnames
                0x0000e623      0x130 ./lib/wpa_supplicant.a(eap_methods.o)
 .debug_pubnames
                0x0000e753      0x3fa ./lib/wpa_supplicant.a(eap.o)
 .debug_pubnames
                0x0000eb4d       0x2d ./lib/wpa_supplicant.a(drivers.o)
 .debug_pubnames
                0x0000eb7a       0x45 ./lib/wpa_supplicant.a(dh_groups.o)
 .debug_pubnames
                0x0000ebbf       0x38 ./lib/wpa_supplicant.a(ctrl_iface_unix.o)
 .debug_pubnames
                0x0000ebf7       0x42 ./lib/wpa_supplicant.a(md5.o)
 .debug_pubnames
                0x0000ec39      0x113 ./lib/wpa_supplicant.a(pmksa_cache.o)
 .debug_pubnames
                0x0000ed4c       0xca ./lib/wpa_supplicant.a(preauth.o)
 .debug_pubnames
                0x0000ee16       0x27 ./lib/wpa_supplicant.a(rc4.o)
 .debug_pubnames
                0x0000ee3d       0x4d ./lib/wpa_supplicant.a(scan.o)
 .debug_pubnames
                0x0000ee8a       0xb0 ./lib/wpa_supplicant.a(scan_helpers.o)
 .debug_pubnames
                0x0000ef3a       0x8f ./lib/wpa_supplicant.a(sha1.o)
 .debug_pubnames
                0x0000efc9       0x5a ./lib/wpa_supplicant.a(sha256.o)
 .debug_pubnames
                0x0000f023       0x2e ./lib/wpa_supplicant.a(tls_none.o)
 .debug_pubnames
                0x0000f051       0x5a ./lib/wpa_supplicant.a(uuid.o)
 .debug_pubnames
                0x0000f0ab      0x28d ./lib/wpa_supplicant.a(wpa.o)
 .debug_pubnames
                0x0000f338       0xca ./lib/wpa_supplicant.a(wpabuf.o)
 .debug_pubnames
                0x0000f402       0x54 ./lib/wpa_supplicant.a(wpa_common.o)
 .debug_pubnames
                0x0000f456       0x57 ./lib/wpa_supplicant.a(wpa_ie.o)
 .debug_pubnames
                0x0000f4ad       0x73 ./lib/wpa_supplicant.a(wpas_glue.o)
 .debug_pubnames
                0x0000f520       0x7f ./lib/wpa_supplicant.a(wps_attr_process.o)
 .debug_pubnames
                0x0000f59f       0xfd ./lib/wpa_supplicant.a(wps_common.o)
 .debug_pubnames
                0x0000f69c       0xaf ./lib/wpa_supplicant.a(crypto_openssl.o)
 .debug_pubnames
                0x0000f74b       0x6a ./lib/wpa_supplicant.a(aes.o)
 .debug_pubnames
                0x0000f7b5       0x2c ./lib/wpa_supplicant.a(eap_wsc.o)
 .debug_pubnames
                0x0000f7e1       0x6c ./lib/wpa_supplicant.a(eap_common.o)
 .debug_pubnames
                0x0000f84d       0x65 ./lib/wpa_supplicant.a(ctrl_iface.o)
 .debug_pubnames
                0x0000f8b2       0x2d ./lib/wpa_supplicant.a(eap_wsc_common.o)
 .debug_pubnames
                0x0000f8df      0x10b /cygdrive/Z/ZOT716U2W_SDK_0.01/ecos/ecos_install/lib/extras.o
 .debug_pubnames
                0x0000f9ea       0x20 /cygdrive/Z/ZOT716U2W_SDK_0.01/ecos/ecos_install/lib/libtarget.a(infra_startup.o)
 .debug_pubnames
                0x0000fa0a       0x23 /cygdrive/Z/ZOT716U2W_SDK_0.01/ecos/ecos_install/lib/libtarget.a(infra_prestart.o)
 .debug_pubnames
                0x0000fa2d       0x28 /cygdrive/Z/ZOT716U2W_SDK_0.01/ecos/ecos_install/lib/libtarget.a(infra_pkgstart.o)
 .debug_pubnames
                0x0000fa55       0xb6 /cygdrive/Z/ZOT716U2W_SDK_0.01/ecos/ecos_install/lib/libtarget.a(infra_diag.o)
 .debug_pubnames
                0x0000fb0b       0x1e /cygdrive/Z/ZOT716U2W_SDK_0.01/ecos/ecos_install/lib/libtarget.a(infra_memcpy.o)
 .debug_pubnames
                0x0000fb29       0x1e /cygdrive/Z/ZOT716U2W_SDK_0.01/ecos/ecos_install/lib/libtarget.a(infra_memset.o)
 .debug_pubnames
                0x0000fb47      0xaa6 /cygdrive/Z/ZOT716U2W_SDK_0.01/ecos/ecos_install/lib/libtarget.a(kernel_kapi.o)
 .debug_pubnames
                0x000105ed      0x2ce /cygdrive/Z/ZOT716U2W_SDK_0.01/ecos/ecos_install/lib/libtarget.a(kernel_thread.o)
 .debug_pubnames
                0x000108bb      0x10b /cygdrive/Z/ZOT716U2W_SDK_0.01/ecos/ecos_install/lib/libtarget.a(kernel_except.o)
 .debug_pubnames
                0x000109c6      0x25d /cygdrive/Z/ZOT716U2W_SDK_0.01/ecos/ecos_install/lib/libtarget.a(kernel_intr.o)
 .debug_pubnames
                0x00010c23      0x4b1 /cygdrive/Z/ZOT716U2W_SDK_0.01/ecos/ecos_install/lib/libtarget.a(kernel_memfixed.o)
 .debug_pubnames
                0x000110d4      0x550 /cygdrive/Z/ZOT716U2W_SDK_0.01/ecos/ecos_install/lib/libtarget.a(kernel_memvar.o)
 .debug_pubnames
                0x00011624      0x400 /cygdrive/Z/ZOT716U2W_SDK_0.01/ecos/ecos_install/lib/libtarget.a(kernel_mlqueue.o)
 .debug_pubnames
                0x00011a24       0xe3 /cygdrive/Z/ZOT716U2W_SDK_0.01/ecos/ecos_install/lib/libtarget.a(kernel_sched.o)
 .debug_pubnames
                0x00011b07      0x121 /cygdrive/Z/ZOT716U2W_SDK_0.01/ecos/ecos_install/lib/libtarget.a(kernel_cnt_sem.o)
 .debug_pubnames
                0x00011c28       0xa7 /cygdrive/Z/ZOT716U2W_SDK_0.01/ecos/ecos_install/lib/libtarget.a(kernel_flag.o)
 .debug_pubnames
                0x00011ccf      0x1fd /cygdrive/Z/ZOT716U2W_SDK_0.01/ecos/ecos_install/lib/libtarget.a(kernel_mbox.o)
 .debug_pubnames
                0x00011ecc      0x18f /cygdrive/Z/ZOT716U2W_SDK_0.01/ecos/ecos_install/lib/libtarget.a(kernel_mutex.o)
 .debug_pubnames
                0x0001205b       0x1f /cygdrive/Z/ZOT716U2W_SDK_0.01/ecos/ecos_install/lib/libtarget.a(language_c_libc_isalnum.o)
 .debug_pubnames
                0x0001207a       0x1f /cygdrive/Z/ZOT716U2W_SDK_0.01/ecos/ecos_install/lib/libtarget.a(language_c_libc_isalpha.o)
 .debug_pubnames
                0x00012099       0x1f /cygdrive/Z/ZOT716U2W_SDK_0.01/ecos/ecos_install/lib/libtarget.a(language_c_libc_isdigit.o)
 .debug_pubnames
                0x000120b8       0x1f /cygdrive/Z/ZOT716U2W_SDK_0.01/ecos/ecos_install/lib/libtarget.a(language_c_libc_islower.o)
 .debug_pubnames
                0x000120d7       0x1f /cygdrive/Z/ZOT716U2W_SDK_0.01/ecos/ecos_install/lib/libtarget.a(language_c_libc_isprint.o)
 .debug_pubnames
                0x000120f6       0x1f /cygdrive/Z/ZOT716U2W_SDK_0.01/ecos/ecos_install/lib/libtarget.a(language_c_libc_isupper.o)
 .debug_pubnames
                0x00012115       0x20 /cygdrive/Z/ZOT716U2W_SDK_0.01/ecos/ecos_install/lib/libtarget.a(language_c_libc_isxdigit.o)
 .debug_pubnames
                0x00012135       0x1f /cygdrive/Z/ZOT716U2W_SDK_0.01/ecos/ecos_install/lib/libtarget.a(language_c_libc_toupper.o)
 .debug_pubnames
                0x00012154       0x1c /cygdrive/Z/ZOT716U2W_SDK_0.01/ecos/ecos_install/lib/libtarget.a(language_c_libc_errno.o)
 .debug_pubnames
                0x00012170       0x20 /cygdrive/Z/ZOT716U2W_SDK_0.01/ecos/ecos_install/lib/libtarget.a(language_c_libc_snprintf.o)
 .debug_pubnames
                0x00012190       0x1f /cygdrive/Z/ZOT716U2W_SDK_0.01/ecos/ecos_install/lib/libtarget.a(language_c_libc_sprintf.o)
 .debug_pubnames
                0x000121af       0x5d /cygdrive/Z/ZOT716U2W_SDK_0.01/ecos/ecos_install/lib/libtarget.a(language_c_libc_stdioinlines.o)
 .debug_pubnames
                0x0001220c       0x2c /cygdrive/Z/ZOT716U2W_SDK_0.01/ecos/ecos_install/lib/libtarget.a(language_c_libc_stdout.o)
 .debug_pubnames
                0x00012238       0xfd /cygdrive/Z/ZOT716U2W_SDK_0.01/ecos/ecos_install/lib/libtarget.a(language_c_libc_stream.o)
 .debug_pubnames
                0x00012335       0x21 /cygdrive/Z/ZOT716U2W_SDK_0.01/ecos/ecos_install/lib/libtarget.a(language_c_libc_vsnprintf.o)
 .debug_pubnames
                0x00012356       0x1d /cygdrive/Z/ZOT716U2W_SDK_0.01/ecos/ecos_install/lib/libtarget.a(language_c_libc_fgets.o)
 .debug_pubnames
                0x00012373       0x1f /cygdrive/Z/ZOT716U2W_SDK_0.01/ecos/ecos_install/lib/libtarget.a(language_c_libc_fprintf.o)
 .debug_pubnames
                0x00012392       0x2c /cygdrive/Z/ZOT716U2W_SDK_0.01/ecos/ecos_install/lib/libtarget.a(language_c_libc_fputc.o)
 .debug_pubnames
                0x000123be       0x1d /cygdrive/Z/ZOT716U2W_SDK_0.01/ecos/ecos_install/lib/libtarget.a(language_c_libc_fputs.o)
 .debug_pubnames
                0x000123db       0x1e /cygdrive/Z/ZOT716U2W_SDK_0.01/ecos/ecos_install/lib/libtarget.a(language_c_libc_printf.o)
 .debug_pubnames
                0x000123f9       0x21 /cygdrive/Z/ZOT716U2W_SDK_0.01/ecos/ecos_install/lib/libtarget.a(language_c_libc_vfnprintf.o)
 .debug_pubnames
                0x0001241a       0x1e /cygdrive/Z/ZOT716U2W_SDK_0.01/ecos/ecos_install/lib/libtarget.a(language_c_libc_abort.o)
 .debug_pubnames
                0x00012438       0x1c /cygdrive/Z/ZOT716U2W_SDK_0.01/ecos/ecos_install/lib/libtarget.a(language_c_libc_atoi.o)
 .debug_pubnames
                0x00012454       0x1c /cygdrive/Z/ZOT716U2W_SDK_0.01/ecos/ecos_install/lib/libtarget.a(language_c_libc_atol.o)
 .debug_pubnames
                0x00012470       0x7d /cygdrive/Z/ZOT716U2W_SDK_0.01/ecos/ecos_install/lib/libtarget.a(language_c_libc_malloc.o)
 .debug_pubnames
                0x000124ed       0x1d /cygdrive/Z/ZOT716U2W_SDK_0.01/ecos/ecos_install/lib/libtarget.a(language_c_libc_qsort.o)
 .debug_pubnames
                0x0001250a       0x33 /cygdrive/Z/ZOT716U2W_SDK_0.01/ecos/ecos_install/lib/libtarget.a(language_c_libc_rand.o)
 .debug_pubnames
                0x0001253d       0x1e /cygdrive/Z/ZOT716U2W_SDK_0.01/ecos/ecos_install/lib/libtarget.a(language_c_libc_strtol.o)
 .debug_pubnames
                0x0001255b       0x1e /cygdrive/Z/ZOT716U2W_SDK_0.01/ecos/ecos_install/lib/libtarget.a(language_c_libc_memchr.o)
 .debug_pubnames
                0x00012579       0x1e /cygdrive/Z/ZOT716U2W_SDK_0.01/ecos/ecos_install/lib/libtarget.a(language_c_libc_memcmp.o)
 .debug_pubnames
                0x00012597       0x1f /cygdrive/Z/ZOT716U2W_SDK_0.01/ecos/ecos_install/lib/libtarget.a(language_c_libc_memmove.o)
 .debug_pubnames
                0x000125b6       0x1e /cygdrive/Z/ZOT716U2W_SDK_0.01/ecos/ecos_install/lib/libtarget.a(language_c_libc_strcat.o)
 .debug_pubnames
                0x000125d4       0x1e /cygdrive/Z/ZOT716U2W_SDK_0.01/ecos/ecos_install/lib/libtarget.a(language_c_libc_strchr.o)
 .debug_pubnames
                0x000125f2       0x1e /cygdrive/Z/ZOT716U2W_SDK_0.01/ecos/ecos_install/lib/libtarget.a(language_c_libc_strcmp.o)
 .debug_pubnames
                0x00012610       0x1e /cygdrive/Z/ZOT716U2W_SDK_0.01/ecos/ecos_install/lib/libtarget.a(language_c_libc_strcpy.o)
 .debug_pubnames
                0x0001262e       0x1e /cygdrive/Z/ZOT716U2W_SDK_0.01/ecos/ecos_install/lib/libtarget.a(language_c_libc_strlen.o)
 .debug_pubnames
                0x0001264c       0x1f /cygdrive/Z/ZOT716U2W_SDK_0.01/ecos/ecos_install/lib/libtarget.a(language_c_libc_strncmp.o)
 .debug_pubnames
                0x0001266b       0x1f /cygdrive/Z/ZOT716U2W_SDK_0.01/ecos/ecos_install/lib/libtarget.a(language_c_libc_strncpy.o)
 .debug_pubnames
                0x0001268a       0x1f /cygdrive/Z/ZOT716U2W_SDK_0.01/ecos/ecos_install/lib/libtarget.a(language_c_libc_strrchr.o)
 .debug_pubnames
                0x000126a9       0x1e /cygdrive/Z/ZOT716U2W_SDK_0.01/ecos/ecos_install/lib/libtarget.a(language_c_libc_strspn.o)
 .debug_pubnames
                0x000126c7       0x1e /cygdrive/Z/ZOT716U2W_SDK_0.01/ecos/ecos_install/lib/libtarget.a(language_c_libc_strstr.o)
 .debug_pubnames
                0x000126e5       0x4c /cygdrive/Z/ZOT716U2W_SDK_0.01/ecos/ecos_install/lib/libtarget.a(language_c_libc_strsuppt.o)
 .debug_pubnames
                0x00012731       0x2c /cygdrive/Z/ZOT716U2W_SDK_0.01/ecos/ecos_install/lib/libtarget.a(language_c_libc_strtok.o)
 .debug_pubnames
                0x0001275d       0x1e /cygdrive/Z/ZOT716U2W_SDK_0.01/ecos/ecos_install/lib/libtarget.a(language_c_libc_ctime.o)
 .debug_pubnames
                0x0001277b       0x3c /cygdrive/Z/ZOT716U2W_SDK_0.01/ecos/ecos_install/lib/libtarget.a(language_c_libc_gmtime.o)
 .debug_pubnames
                0x000127b7       0x21 /cygdrive/Z/ZOT716U2W_SDK_0.01/ecos/ecos_install/lib/libtarget.a(language_c_libc_gmtime_r.o)
 .debug_pubnames
                0x000127d8       0x42 /cygdrive/Z/ZOT716U2W_SDK_0.01/ecos/ecos_install/lib/libtarget.a(language_c_libc_localtime.o)
 .debug_pubnames
                0x0001281a       0x24 /cygdrive/Z/ZOT716U2W_SDK_0.01/ecos/ecos_install/lib/libtarget.a(language_c_libc_localtime_r.o)
 .debug_pubnames
                0x0001283e       0x1f /cygdrive/Z/ZOT716U2W_SDK_0.01/ecos/ecos_install/lib/libtarget.a(language_c_libc_mktime.o)
 .debug_pubnames
                0x0001285d       0x1d /cygdrive/Z/ZOT716U2W_SDK_0.01/ecos/ecos_install/lib/libtarget.a(language_c_libc_time.o)
 .debug_pubnames
                0x0001287a      0x197 /cygdrive/Z/ZOT716U2W_SDK_0.01/ecos/ecos_install/lib/libtarget.a(language_c_libc_timeutil.o)
 .debug_pubnames
                0x00012a11       0x7b /cygdrive/Z/ZOT716U2W_SDK_0.01/ecos/ecos_install/lib/libtarget.a(devs_wallclock_emulate.o)
 .debug_pubnames
                0x00012a8c       0x20 /cygdrive/Z/ZOT716U2W_SDK_0.01/ecos/ecos_install/lib/libtarget.a(error_strerror.o)
 .debug_pubnames
                0x00012aac       0x99 /cygdrive/Z/ZOT716U2W_SDK_0.01/ecos/ecos_install/lib/libtarget.a(hal_arm_arch_hal_misc.o)
 .debug_pubnames
                0x00012b45      0x113 /cygdrive/Z/ZOT716U2W_SDK_0.01/ecos/ecos_install/lib/libtarget.a(hal_arm_zot716u2_zot716u2_misc.o)
 .debug_pubnames
                0x00012c58       0x53 /cygdrive/Z/ZOT716U2W_SDK_0.01/ecos/ecos_install/lib/libtarget.a(hal_arm_zot716u2_hal_diag.o)
 .debug_pubnames
                0x00012cab       0x3d /cygdrive/Z/ZOT716U2W_SDK_0.01/ecos/ecos_install/lib/libtarget.a(infra_delete.o)
 .debug_pubnames
                0x00012ce8      0x22d /cygdrive/Z/ZOT716U2W_SDK_0.01/ecos/ecos_install/lib/libtarget.a(kernel_clock.o)
 .debug_pubnames
                0x00012f15       0x1f /cygdrive/Z/ZOT716U2W_SDK_0.01/ecos/ecos_install/lib/libtarget.a(language_c_libc_isspace.o)
 .debug_pubnames
                0x00012f34       0x1f /cygdrive/Z/ZOT716U2W_SDK_0.01/ecos/ecos_install/lib/libtarget.a(language_c_libc_setvbuf.o)
 .debug_pubnames
                0x00012f53       0x2c /cygdrive/Z/ZOT716U2W_SDK_0.01/ecos/ecos_install/lib/libtarget.a(language_c_libc_stderr.o)
 .debug_pubnames
                0x00012f7f       0x33 /cygdrive/Z/ZOT716U2W_SDK_0.01/ecos/ecos_install/lib/libtarget.a(language_c_libc_stdiosupp.o)
 .debug_pubnames
                0x00012fb2       0x1c /cygdrive/Z/ZOT716U2W_SDK_0.01/ecos/ecos_install/lib/libtarget.a(language_c_libc_div.o)
 .debug_pubnames
                0x00012fce       0x3e /cygdrive/Z/ZOT716U2W_SDK_0.01/ecos/ecos_install/lib/libtarget.a(language_c_libc_asctime.o)
 .debug_pubnames
                0x0001300c       0x22 /cygdrive/Z/ZOT716U2W_SDK_0.01/ecos/ecos_install/lib/libtarget.a(language_c_libc_asctime_r.o)
 .debug_pubnames
                0x0001302e       0x24 /cygdrive/Z/ZOT716U2W_SDK_0.01/ecos/ecos_install/lib/libtarget.a(language_c_libc_itoa.o)
 .debug_pubnames
                0x00013052       0x20 /tools/H-i686-pc-cygwin/lib/gcc-lib/arm-elf/2.95.2/libgcc.a(_udivdi3.o)
 .debug_pubnames
                0x00013072       0x20 /tools/H-i686-pc-cygwin/lib/gcc-lib/arm-elf/2.95.2/libgcc.a(_umoddi3.o)

.debug_info     0x00000000   0x400f56
 *(.debug_info)
 .debug_info    0x00000000      0xebd /cygdrive/Z/ZOT716U2W_SDK_0.01/prod/zot716u2w/build/obj/zotmain.o
 .debug_info    0x00000ebd     0x23fe ./lib/mac.a(star_nic.o)
 .debug_info    0x000032bb     0x3871 ./lib/usb_host.a(usb.o)
 .debug_info    0x00006b2c     0x29dc ./lib/usb_host.a(hub.o)
 .debug_info    0x00009508     0x3329 ./lib/usb_host.a(printer.o)
 .debug_info    0x0000c831     0x3073 ./lib/usb_host.a(ehcihcd.o)
 .debug_info    0x0000f8a4     0x2b4b ./lib/usb_host.a(ehcihub.o)
 .debug_info    0x000123ef     0x2a89 ./lib/usb_host.a(ehcimem.o)
 .debug_info    0x00014e78     0x3270 ./lib/usb_host.a(ehciq.o)
 .debug_info    0x000180e8     0x3509 ./lib/usb_host.a(ehcische.o)
 .debug_info    0x0001b5f1     0x34ce ./lib/usb_host.a(u2hcd.o)
 .debug_info    0x0001eabf     0x401c ./lib/usb_host.a(ohci.o)
 .debug_info    0x00022adb     0x4e76 ./lib/usb_host.a(usbnet.o)
 .debug_info    0x00027951       0x59 ./lib/usb_host.a(hp1020.o)
 .debug_info    0x000279aa     0x2a30 ./lib/psglobal.a(psmain.o)
 .debug_info    0x0002a3da     0x1b7a ./lib/psglobal.a(eeprom.o)
 .debug_info    0x0002bf54     0x22f2 ./lib/psglobal.a(rwflash.o)
 .debug_info    0x0002e246      0xe69 ./lib/psglobal.a(led.o)
 .debug_info    0x0002f0af     0x38c7 ./lib/psglobal.a(pkdriver.o)
 .debug_info    0x00032976      0xf43 ./lib/psglobal.a(io.o)
 .debug_info    0x000338b9     0x1150 ./lib/psglobal.a(spiflash.o)
 .debug_info    0x00034a09       0xaa ./lib/psglobal.a(crc32.o)
 .debug_info    0x00034ab3      0xd44 ./lib/psglobal.a(pm.o)
 .debug_info    0x000357f7     0x2351 ./lib/psglobal.a(bridge.o)
 .debug_info    0x00037b48       0xdb ./lib/http_zot.a(endmark.o)
 .debug_info    0x00037c23     0x5830 ./lib/http_zot.a(httpd.o)
 .debug_info    0x0003d453     0x10fb ./lib/http_zot.a(http_constant.o)
 .debug_info    0x0003e54e      0x441 ./lib/http_zot.a(gmtime.o)
 .debug_info    0x0003e98f     0x1069 ./lib/http_zot.a(pfs.o)
 .debug_info    0x0003f9f8     0x14dc ./lib/ipxbeui.a(ipx.o)
 .debug_info    0x00040ed4     0x3abc ./lib/ipxbeui.a(netbeui.o)
 .debug_info    0x00044990     0x3b7d ./lib/ntps.a(ntps.o)
 .debug_info    0x0004850d     0x4403 ./lib/ntps.a(ntudp.o)
 .debug_info    0x0004c910     0x34ce ./lib/ntps.a(ntutil.o)
 .debug_info    0x0004fdde     0x4b3a ./lib/ntps.a(ntipxbeui.o)
 .debug_info    0x00054918     0x1501 ./lib/spooler.a(prnport.o)
 .debug_info    0x00055e19     0x19a3 ./lib/spooler.a(prnqueue.o)
 .debug_info    0x000577bc     0x43f8 ./lib/novell.a(nps3.o)
 .debug_info    0x0005bbb4      0x361 ./lib/novell.a(banner.o)
 .debug_info    0x0005bf15      0x3c7 ./lib/nds.a(nwcrypt.o)
 .debug_info    0x0005c2dc     0x2a11 ./lib/nds.a(ndsqueue.o)
 .debug_info    0x0005eced     0x264d ./lib/nds.a(ndsmain.o)
 .debug_info    0x0006133a     0x3898 ./lib/nds.a(ndslogin.o)
 .debug_info    0x00064bd2     0x18d7 ./lib/nds.a(mpilib.o)
 .debug_info    0x000664a9     0x118f ./lib/nds.a(ndscrypt.o)
 .debug_info    0x00067638     0x37f8 ./lib/lpd.a(lpd.o)
 .debug_info    0x0006ae30     0x21ba ./lib/rawtcpd.a(rawtcpd.o)
 .debug_info    0x0006cfea     0x3774 ./lib/ippd.a(ippd.o)
 .debug_info    0x0007075e      0xce6 ./lib/ippd.a(ippd_constant.o)
 .debug_info    0x00071444     0x582b ./lib/smbd.a(smbinit.o)
 .debug_info    0x00076c6f     0x2694 ./lib/smbd.a(nmbd.o)
 .debug_info    0x00079303     0x3723 ./lib/smbd.a(server.o)
 .debug_info    0x0007ca26     0x3563 ./lib/smbd.a(n_packet.o)
 .debug_info    0x0007ff89     0x24f8 ./lib/smbd.a(intface.o)
 .debug_info    0x00082481     0x37c6 ./lib/smbd.a(nmblib.o)
 .debug_info    0x00085c47     0x2882 ./lib/smbd.a(utilsock.o)
 .debug_info    0x000884c9     0x324a ./lib/smbd.a(n_ann.o)
 .debug_info    0x0008b713     0x3334 ./lib/smbd.a(n_name.o)
 .debug_info    0x0008ea47     0x3006 ./lib/smbd.a(n_reg.o)
 .debug_info    0x00091a4d     0x32e7 ./lib/smbd.a(n_req.o)
 .debug_info    0x00094d34     0x3259 ./lib/smbd.a(n_subnet.o)
 .debug_info    0x00097f8d     0x38d8 ./lib/smbd.a(unistr.o)
 .debug_info    0x0009b865     0x294e ./lib/smbd.a(conn.o)
 .debug_info    0x0009e1b3     0x380d ./lib/smbd.a(process.o)
 .debug_info    0x000a19c0     0x39a6 ./lib/smbd.a(nttrans.o)
 .debug_info    0x000a5366     0x37da ./lib/smbd.a(pipes.o)
 .debug_info    0x000a8b40     0x3c15 ./lib/smbd.a(srvpipe.o)
 .debug_info    0x000ac755     0x3bba ./lib/smbd.a(parserpc.o)
 .debug_info    0x000b030f     0x3dd6 ./lib/smbd.a(parseprs.o)
 .debug_info    0x000b40e5     0x36f7 ./lib/smbd.a(spipe.o)
 .debug_info    0x000b77dc     0x3491 ./lib/smbd.a(reply.o)
 .debug_info    0x000bac6d     0x36fc ./lib/smbd.a(srvwksvc.o)
 .debug_info    0x000be369     0x4adf ./lib/smbd.a(srvsvc.o)
 .debug_info    0x000c2e48     0x43ce ./lib/smbd.a(srvreg.o)
 .debug_info    0x000c7216     0x3806 ./lib/smbd.a(parsewks.o)
 .debug_info    0x000caa1c     0x3a9e ./lib/smbd.a(parsemis.o)
 .debug_info    0x000ce4ba     0x4ebc ./lib/smbd.a(parsesrv.o)
 .debug_info    0x000d3376     0x213e ./lib/smbd.a(util_hnd.o)
 .debug_info    0x000d54b4     0x43fd ./lib/smbd.a(parsereg.o)
 .debug_info    0x000d98b1     0x531e ./lib/smbd.a(ipc.o)
 .debug_info    0x000debcf     0x2de0 ./lib/smbd.a(smbutil.o)
 .debug_info    0x000e19af     0x271f ./lib/smbd.a(negprot.o)
 .debug_info    0x000e40ce     0x2673 ./lib/telnet.a(telserv.o)
 .debug_info    0x000e6741     0x4d2b ./lib/telnet.a(telutil.o)
 .debug_info    0x000eb46c     0x2a72 ./lib/telnet.a(menu.o)
 .debug_info    0x000edede     0x33dc ./lib/tftp_zot.a(tftpd.o)
 .debug_info    0x000f12ba     0x1ac8 ./lib/tcpip.a(etharp.o)
 .debug_info    0x000f2d82     0x2ffd ./lib/tcpip.a(tcpip.o)
 .debug_info    0x000f5d7f     0x201f ./lib/tcpip.a(ip.o)
 .debug_info    0x000f7d9e     0x168c ./lib/tcpip.a(icmp.o)
 .debug_info    0x000f942a     0x1193 ./lib/tcpip.a(ip_addr.o)
 .debug_info    0x000fa5bd     0x1878 ./lib/tcpip.a(ip_frag.o)
 .debug_info    0x000fbe35     0x2ba3 ./lib/tcpip.a(sockets.o)
 .debug_info    0x000fe9d8     0x271a ./lib/tcpip.a(api_lib.o)
 .debug_info    0x001010f2     0x256c ./lib/tcpip.a(api_msg.o)
 .debug_info    0x0010365e     0x11df ./lib/tcpip.a(mem.o)
 .debug_info    0x0010483d     0x23bc ./lib/tcpip.a(memp.o)
 .debug_info    0x00106bf9     0x1006 ./lib/tcpip.a(sys.o)
 .debug_info    0x00107bff     0x14f0 ./lib/tcpip.a(pbuf.o)
 .debug_info    0x001090ef      0x523 ./lib/tcpip.a(stats.o)
 .debug_info    0x00109612     0x17c3 ./lib/tcpip.a(raw.o)
 .debug_info    0x0010add5     0x1aa7 ./lib/tcpip.a(udp.o)
 .debug_info    0x0010c87c     0x2215 ./lib/tcpip.a(tcp.o)
 .debug_info    0x0010ea91     0x1fbd ./lib/tcpip.a(tcp_in.o)
 .debug_info    0x00110a4e     0x2005 ./lib/tcpip.a(tcp_out.o)
 .debug_info    0x00112a53     0x2cb5 ./lib/tcpip.a(dhcp.o)
 .debug_info    0x00115708     0x1c94 ./lib/tcpip.a(netif.o)
 .debug_info    0x0011739c      0x635 ./lib/tcpip.a(inet.o)
 .debug_info    0x001179d1     0x13c7 ./lib/tcpip.a(sys_arch.o)
 .debug_info    0x00118d98     0x2418 ./lib/atalk.a(ddp.o)
 .debug_info    0x0011b1b0     0x2b80 ./lib/atalk.a(aarp.o)
 .debug_info    0x0011dd30     0x1cca ./lib/atalk.a(aep.o)
 .debug_info    0x0011f9fa     0x2d9f ./lib/atalk.a(nbp.o)
 .debug_info    0x00122799     0x2298 ./lib/atalk.a(atalkd.o)
 .debug_info    0x00124a31     0x2685 ./lib/atalk.a(zip.o)
 .debug_info    0x001270b6     0x1fda ./lib/atalk.a(file.o)
 .debug_info    0x00129090     0x24e5 ./lib/atalk.a(papd.o)
 .debug_info    0x0012b575     0x2390 ./lib/atalk.a(socket2.o)
 .debug_info    0x0012d905     0x1e53 ./lib/atalk.a(ddpsock.o)
 .debug_info    0x0012f758     0x2050 ./lib/atalk.a(atp_open.o)
 .debug_info    0x001317a8     0x203b ./lib/atalk.a(atp_clos.o)
 .debug_info    0x001337e3     0x1d8d ./lib/atalk.a(atp_bufs.o)
 .debug_info    0x00135570     0x215e ./lib/atalk.a(atp_rsel.o)
 .debug_info    0x001376ce     0x1d73 ./lib/atalk.a(atp_rreq.o)
 .debug_info    0x00139441     0x1d70 ./lib/atalk.a(atp_srsp.o)
 .debug_info    0x0013b1b1     0x2c2d ./lib/atalk.a(session.o)
 .debug_info    0x0013ddde     0x1666 ./lib/atalk.a(atp_pkt.o)
 .debug_info    0x0013f444     0x1d2b ./lib/atalk.a(atp_rrsp.o)
 .debug_info    0x0014116f     0x206c ./lib/atalk.a(atp_sreq.o)
 .debug_info    0x001431db     0x24bb ./lib/atalk.a(magics.o)
 .debug_info    0x00145696     0x2147 ./lib/atalk.a(comment.o)
 .debug_info    0x001477dd     0x21b9 ./lib/atalk.a(queries.o)
 .debug_info    0x00149996     0x2af0 ./lib/atalk.a(paprint.o)
 .debug_info    0x0014c486     0x2361 ./lib/snmp.a(snmpd.o)
 .debug_info    0x0014e7e7     0x100e ./lib/snmp.a(mibmodl.o)
 .debug_info    0x0014f7f5     0x2cca ./lib/snmp.a(snmpaget.o)
 .debug_info    0x001524bf     0x1d16 ./lib/snmp.a(asn1.o)
 .debug_info    0x001541d5     0x231a ./lib/snmp.a(snmp.o)
 .debug_info    0x001564ef     0x2c3b ./lib/snmp.a(snmp_api.o)
 .debug_info    0x0015912a     0x4e09 ./lib/snmp.a(snmpvars.o)
 .debug_info    0x0015df33     0x2651 ./lib/snmp.a(snmptrap.o)
 .debug_info    0x00160584      0xe4f ./lib/psutility.a(joblog.o)
 .debug_info    0x001613d3     0x2769 ./lib/psutility.a(alert.o)
 .debug_info    0x00163b3c     0x1856 ./lib/psutility.a(kmalloc.o)
 .debug_info    0x00165392      0x22c ./lib/uart.a(serial.o)
 .debug_info    0x001655be     0xb4f8 ./lib/realtek.a(rt8712_dep.o)
 .debug_info    0x00170ab6     0xaf5b ./lib/realtek.a(wlanif.o)
 .debug_info    0x0017ba11     0xad04 ./lib/realtek.a(osdep_service.)
 .debug_info    0x00186715     0xadb8 ./lib/realtek.a(xmit_linux.o)
 .debug_info    0x001914cd     0xbd96 ./lib/realtek.a(rtl871x_xmit.o)
 .debug_info    0x0019d263     0xadd3 ./lib/realtek.a(rtl871x_sta_mgt.o)
 .debug_info    0x001a8036     0xca08 ./lib/realtek.a(rtl871x_mlme.o)
 .debug_info    0x001b4a3e     0xc2b4 ./lib/realtek.a(rtl871x_cmd.o)
 .debug_info    0x001c0cf2     0xab93 ./lib/realtek.a(rtl8712_io.o)
 .debug_info    0x001cb885     0xb260 ./lib/realtek.a(usb_ops_linux.)
 .debug_info    0x001d6ae5     0xd624 ./lib/realtek.a(rtl871x_ioctl_linux.o)
 .debug_info    0x001e4109     0xb608 ./lib/realtek.a(os_intfs.o)
 .debug_info    0x001ef711     0xaa7a ./lib/realtek.a(rtl871x_io.o)
 .debug_info    0x001fa18b     0xbc05 ./lib/realtek.a(rtl871x_mp.o)
 .debug_info    0x00205d90     0xae74 ./lib/realtek.a(ieee80211.o)
 .debug_info    0x00210c04     0xc848 ./lib/realtek.a(r871x_tools.o)
 .debug_info    0x0021d44c     0xb061 ./lib/realtek.a(rtl8712_efuse.)
 .debug_info    0x002284ad     0xaa1e ./lib/realtek.a(recv_linux.o)
 .debug_info    0x00232ecb     0xbb7d ./lib/realtek.a(rtl871x_security.o)
 .debug_info    0x0023ea48     0xae5e ./lib/realtek.a(rtl871x_pwrctrl.o)
 .debug_info    0x002498a6     0xaa24 ./lib/realtek.a(mlme_linux.o)
 .debug_info    0x002542ca     0xb01b ./lib/realtek.a(rtl8712_xmit.o)
 .debug_info    0x0025f2e5     0xbf72 ./lib/realtek.a(rtl8712_recv.o)
 .debug_info    0x0026b257     0xb9a1 ./lib/realtek.a(rtl871x_recv.o)
 .debug_info    0x00276bf8     0xb109 ./lib/realtek.a(rtl8712_cmd.o)
 .debug_info    0x00281d01     0xab90 ./lib/realtek.a(usb_ops.o)
 .debug_info    0x0028c891     0xb260 ./lib/realtek.a(rtl871x_ioctl_set.o)
 .debug_info    0x00297af1     0xab4e ./lib/realtek.a(hal_init.o)
 .debug_info    0x002a263f     0xa730 ./lib/realtek.a(io_linux.o)
 .debug_info    0x002acd6f     0x1ec4 ./lib/wpa_supplicant.a(common.o)
 .debug_info    0x002aec33     0x2cdd ./lib/wpa_supplicant.a(wpa_main.o)
 .debug_info    0x002b1910     0x1a8c ./lib/wpa_supplicant.a(os_unix.o)
 .debug_info    0x002b339c     0x1d16 ./lib/wpa_supplicant.a(wpa_debug.o)
 .debug_info    0x002b50b2     0x7671 ./lib/wpa_supplicant.a(wpa_supplicant.o)
 .debug_info    0x002bc723     0x3777 ./lib/wpa_supplicant.a(wps.o)
 .debug_info    0x002bfe9a     0x31e4 ./lib/wpa_supplicant.a(wps_attr_build.o)
 .debug_info    0x002c307e     0x2d2f ./lib/wpa_supplicant.a(wps_attr_parse.o)
 .debug_info    0x002c5dad     0x31ee ./lib/wpa_supplicant.a(wps_dev_attr.o)
 .debug_info    0x002c8f9b     0x38e2 ./lib/wpa_supplicant.a(wps_enrollee.o)
 .debug_info    0x002cc87d     0x514c ./lib/wpa_supplicant.a(wps_registrar.)
 .debug_info    0x002d19c9     0x5aa8 ./lib/wpa_supplicant.a(wps_supplicant.o)
 .debug_info    0x002d7471     0x5b77 ./lib/wpa_supplicant.a(driver_wext.o)
 .debug_info    0x002dcfe8     0x5e95 ./lib/wpa_supplicant.a(wps_dep.o)
 .debug_info    0x002e2e7d     0x3550 ./lib/wpa_supplicant.a(eapol_supp_sm.)
 .debug_info    0x002e63cd     0x2036 ./lib/wpa_supplicant.a(aes_wrap.o)
 .debug_info    0x002e8403     0x182b ./lib/wpa_supplicant.a(base64.o)
 .debug_info    0x002e9c2e     0x2d06 ./lib/wpa_supplicant.a(blacklist.o)
 .debug_info    0x002ec934     0x4253 ./lib/wpa_supplicant.a(config.o)
 .debug_info    0x002f0b87     0x2d2f ./lib/wpa_supplicant.a(config_file.o)
 .debug_info    0x002f38b6     0x213a ./lib/wpa_supplicant.a(eloop.o)
 .debug_info    0x002f59f0     0x5eca ./lib/wpa_supplicant.a(events.o)
 .debug_info    0x002fb8ba     0x209f ./lib/wpa_supplicant.a(l2_packet_linux.o)
 .debug_info    0x002fd959     0x2647 ./lib/wpa_supplicant.a(eap_methods.o)
 .debug_info    0x002fffa0     0x3efc ./lib/wpa_supplicant.a(eap.o)
 .debug_info    0x00303e9c     0x166c ./lib/wpa_supplicant.a(drivers.o)
 .debug_info    0x00305508     0x1e20 ./lib/wpa_supplicant.a(dh_groups.o)
 .debug_info    0x00307328     0x39f2 ./lib/wpa_supplicant.a(ctrl_iface_unix.o)
 .debug_info    0x0030ad1a     0x1c5d ./lib/wpa_supplicant.a(md5.o)
 .debug_info    0x0030c977     0x2ed2 ./lib/wpa_supplicant.a(pmksa_cache.o)
 .debug_info    0x0030f849     0x405e ./lib/wpa_supplicant.a(preauth.o)
 .debug_info    0x003138a7     0x19af ./lib/wpa_supplicant.a(rc4.o)
 .debug_info    0x00315256     0x4378 ./lib/wpa_supplicant.a(scan.o)
 .debug_info    0x003195ce     0x3153 ./lib/wpa_supplicant.a(scan_helpers.o)
 .debug_info    0x0031c721     0x236f ./lib/wpa_supplicant.a(sha1.o)
 .debug_info    0x0031ea90     0x1dcd ./lib/wpa_supplicant.a(sha256.o)
 .debug_info    0x0032085d     0x1b2a ./lib/wpa_supplicant.a(tls_none.o)
 .debug_info    0x00322387     0x1a4b ./lib/wpa_supplicant.a(uuid.o)
 .debug_info    0x00323dd2     0x4b6d ./lib/wpa_supplicant.a(wpa.o)
 .debug_info    0x0032893f     0x1cf1 ./lib/wpa_supplicant.a(wpabuf.o)
 .debug_info    0x0032a630     0x2656 ./lib/wpa_supplicant.a(wpa_common.o)
 .debug_info    0x0032cc86     0x3030 ./lib/wpa_supplicant.a(wpa_ie.o)
 .debug_info    0x0032fcb6     0x5cc6 ./lib/wpa_supplicant.a(wpas_glue.o)
 .debug_info    0x0033597c     0x3022 ./lib/wpa_supplicant.a(wps_attr_process.o)
 .debug_info    0x0033899e     0x32ab ./lib/wpa_supplicant.a(wps_common.o)
 .debug_info    0x0033bc49     0x1f08 ./lib/wpa_supplicant.a(crypto_openssl.o)
 .debug_info    0x0033db51     0x1c16 ./lib/wpa_supplicant.a(aes.o)
 .debug_info    0x0033f767     0x363b ./lib/wpa_supplicant.a(eap_wsc.o)
 .debug_info    0x00342da2     0x1d23 ./lib/wpa_supplicant.a(eap_common.o)
 .debug_info    0x00344ac5     0x66fc ./lib/wpa_supplicant.a(ctrl_iface.o)
 .debug_info    0x0034b1c1     0x269c ./lib/wpa_supplicant.a(eap_wsc_common.o)
 .debug_info    0x0034d85d     0x9504 /cygdrive/Z/ZOT716U2W_SDK_0.01/ecos/ecos_install/lib/extras.o
 .debug_info    0x00356d61     0x4d06 /cygdrive/Z/ZOT716U2W_SDK_0.01/ecos/ecos_install/lib/libtarget.a(infra_startup.o)
 .debug_info    0x0035ba67      0x3ec /cygdrive/Z/ZOT716U2W_SDK_0.01/ecos/ecos_install/lib/libtarget.a(infra_prestart.o)
 .debug_info    0x0035be53      0x3f1 /cygdrive/Z/ZOT716U2W_SDK_0.01/ecos/ecos_install/lib/libtarget.a(infra_pkgstart.o)
 .debug_info    0x0035c244      0xc9f /cygdrive/Z/ZOT716U2W_SDK_0.01/ecos/ecos_install/lib/libtarget.a(infra_diag.o)
 .debug_info    0x0035cee3      0x4ae /cygdrive/Z/ZOT716U2W_SDK_0.01/ecos/ecos_install/lib/libtarget.a(infra_memcpy.o)
 .debug_info    0x0035d391      0x4b7 /cygdrive/Z/ZOT716U2W_SDK_0.01/ecos/ecos_install/lib/libtarget.a(infra_memset.o)
 .debug_info    0x0035d848     0xd4a6 /cygdrive/Z/ZOT716U2W_SDK_0.01/ecos/ecos_install/lib/libtarget.a(kernel_kapi.o)
 .debug_info    0x0036acee     0x73e1 /cygdrive/Z/ZOT716U2W_SDK_0.01/ecos/ecos_install/lib/libtarget.a(kernel_thread.o)
 .debug_info    0x003720cf     0x4ee1 /cygdrive/Z/ZOT716U2W_SDK_0.01/ecos/ecos_install/lib/libtarget.a(kernel_except.o)
 .debug_info    0x00376fb0     0x5d29 /cygdrive/Z/ZOT716U2W_SDK_0.01/ecos/ecos_install/lib/libtarget.a(kernel_intr.o)
 .debug_info    0x0037ccd9     0x737b /cygdrive/Z/ZOT716U2W_SDK_0.01/ecos/ecos_install/lib/libtarget.a(kernel_memfixed.o)
 .debug_info    0x00384054     0x78cd /cygdrive/Z/ZOT716U2W_SDK_0.01/ecos/ecos_install/lib/libtarget.a(kernel_memvar.o)
 .debug_info    0x0038b921     0x54d7 /cygdrive/Z/ZOT716U2W_SDK_0.01/ecos/ecos_install/lib/libtarget.a(kernel_mlqueue.o)
 .debug_info    0x00390df8     0x5691 /cygdrive/Z/ZOT716U2W_SDK_0.01/ecos/ecos_install/lib/libtarget.a(kernel_sched.o)
 .debug_info    0x00396489     0x5e6d /cygdrive/Z/ZOT716U2W_SDK_0.01/ecos/ecos_install/lib/libtarget.a(kernel_cnt_sem.o)
 .debug_info    0x0039c2f6     0x5e1f /cygdrive/Z/ZOT716U2W_SDK_0.01/ecos/ecos_install/lib/libtarget.a(kernel_flag.o)
 .debug_info    0x003a2115     0x7556 /cygdrive/Z/ZOT716U2W_SDK_0.01/ecos/ecos_install/lib/libtarget.a(kernel_mbox.o)
 .debug_info    0x003a966b     0x6535 /cygdrive/Z/ZOT716U2W_SDK_0.01/ecos/ecos_install/lib/libtarget.a(kernel_mutex.o)
 .debug_info    0x003afba0      0x39f /cygdrive/Z/ZOT716U2W_SDK_0.01/ecos/ecos_install/lib/libtarget.a(language_c_libc_isalnum.o)
 .debug_info    0x003aff3f      0x39f /cygdrive/Z/ZOT716U2W_SDK_0.01/ecos/ecos_install/lib/libtarget.a(language_c_libc_isalpha.o)
 .debug_info    0x003b02de      0x39f /cygdrive/Z/ZOT716U2W_SDK_0.01/ecos/ecos_install/lib/libtarget.a(language_c_libc_isdigit.o)
 .debug_info    0x003b067d      0x39f /cygdrive/Z/ZOT716U2W_SDK_0.01/ecos/ecos_install/lib/libtarget.a(language_c_libc_islower.o)
 .debug_info    0x003b0a1c      0x39f /cygdrive/Z/ZOT716U2W_SDK_0.01/ecos/ecos_install/lib/libtarget.a(language_c_libc_isprint.o)
 .debug_info    0x003b0dbb      0x39f /cygdrive/Z/ZOT716U2W_SDK_0.01/ecos/ecos_install/lib/libtarget.a(language_c_libc_isupper.o)
 .debug_info    0x003b115a      0x3a1 /cygdrive/Z/ZOT716U2W_SDK_0.01/ecos/ecos_install/lib/libtarget.a(language_c_libc_isxdigit.o)
 .debug_info    0x003b14fb      0x39f /cygdrive/Z/ZOT716U2W_SDK_0.01/ecos/ecos_install/lib/libtarget.a(language_c_libc_toupper.o)
 .debug_info    0x003b189a      0x409 /cygdrive/Z/ZOT716U2W_SDK_0.01/ecos/ecos_install/lib/libtarget.a(language_c_libc_errno.o)
 .debug_info    0x003b1ca3     0x3217 /cygdrive/Z/ZOT716U2W_SDK_0.01/ecos/ecos_install/lib/libtarget.a(language_c_libc_snprintf.o)
 .debug_info    0x003b4eba     0x31fd /cygdrive/Z/ZOT716U2W_SDK_0.01/ecos/ecos_install/lib/libtarget.a(language_c_libc_sprintf.o)
 .debug_info    0x003b80b7     0x3385 /cygdrive/Z/ZOT716U2W_SDK_0.01/ecos/ecos_install/lib/libtarget.a(language_c_libc_stdioinlines.o)
 .debug_info    0x003bb43c     0x37f3 /cygdrive/Z/ZOT716U2W_SDK_0.01/ecos/ecos_install/lib/libtarget.a(language_c_libc_stdout.o)
 .debug_info    0x003bec2f     0x35df /cygdrive/Z/ZOT716U2W_SDK_0.01/ecos/ecos_install/lib/libtarget.a(language_c_libc_stream.o)
 .debug_info    0x003c220e     0x3346 /cygdrive/Z/ZOT716U2W_SDK_0.01/ecos/ecos_install/lib/libtarget.a(language_c_libc_vsnprintf.o)
 .debug_info    0x003c5554     0x327a /cygdrive/Z/ZOT716U2W_SDK_0.01/ecos/ecos_install/lib/libtarget.a(language_c_libc_fgets.o)
 .debug_info    0x003c87ce     0x3208 /cygdrive/Z/ZOT716U2W_SDK_0.01/ecos/ecos_install/lib/libtarget.a(language_c_libc_fprintf.o)
 .debug_info    0x003cb9d6     0x11c0 /cygdrive/Z/ZOT716U2W_SDK_0.01/ecos/ecos_install/lib/libtarget.a(language_c_libc_fputc.o)
 .debug_info    0x003ccb96     0x327b /cygdrive/Z/ZOT716U2W_SDK_0.01/ecos/ecos_install/lib/libtarget.a(language_c_libc_fputs.o)
 .debug_info    0x003cfe11     0x320f /cygdrive/Z/ZOT716U2W_SDK_0.01/ecos/ecos_install/lib/libtarget.a(language_c_libc_printf.o)
 .debug_info    0x003d3020     0x1617 /cygdrive/Z/ZOT716U2W_SDK_0.01/ecos/ecos_install/lib/libtarget.a(language_c_libc_vfnprintf.o)
 .debug_info    0x003d4637      0x612 /cygdrive/Z/ZOT716U2W_SDK_0.01/ecos/ecos_install/lib/libtarget.a(language_c_libc_abort.o)
 .debug_info    0x003d4c49      0x647 /cygdrive/Z/ZOT716U2W_SDK_0.01/ecos/ecos_install/lib/libtarget.a(language_c_libc_atoi.o)
 .debug_info    0x003d5290      0x647 /cygdrive/Z/ZOT716U2W_SDK_0.01/ecos/ecos_install/lib/libtarget.a(language_c_libc_atol.o)
 .debug_info    0x003d58d7     0x5d98 /cygdrive/Z/ZOT716U2W_SDK_0.01/ecos/ecos_install/lib/libtarget.a(language_c_libc_malloc.o)
 .debug_info    0x003db66f     0x129f /cygdrive/Z/ZOT716U2W_SDK_0.01/ecos/ecos_install/lib/libtarget.a(language_c_libc_qsort.o)
 .debug_info    0x003dc90e      0x6d6 /cygdrive/Z/ZOT716U2W_SDK_0.01/ecos/ecos_install/lib/libtarget.a(language_c_libc_rand.o)
 .debug_info    0x003dcfe4      0x6e7 /cygdrive/Z/ZOT716U2W_SDK_0.01/ecos/ecos_install/lib/libtarget.a(language_c_libc_strtol.o)
 .debug_info    0x003dd6cb      0x54b /cygdrive/Z/ZOT716U2W_SDK_0.01/ecos/ecos_install/lib/libtarget.a(language_c_libc_memchr.o)
 .debug_info    0x003ddc16      0x4fb /cygdrive/Z/ZOT716U2W_SDK_0.01/ecos/ecos_install/lib/libtarget.a(language_c_libc_memcmp.o)
 .debug_info    0x003de111      0x4af /cygdrive/Z/ZOT716U2W_SDK_0.01/ecos/ecos_install/lib/libtarget.a(language_c_libc_memmove.o)
 .debug_info    0x003de5c0      0x4fd /cygdrive/Z/ZOT716U2W_SDK_0.01/ecos/ecos_install/lib/libtarget.a(language_c_libc_strcat.o)
 .debug_info    0x003deabd      0x50c /cygdrive/Z/ZOT716U2W_SDK_0.01/ecos/ecos_install/lib/libtarget.a(language_c_libc_strchr.o)
 .debug_info    0x003defc9      0x52f /cygdrive/Z/ZOT716U2W_SDK_0.01/ecos/ecos_install/lib/libtarget.a(language_c_libc_strcmp.o)
 .debug_info    0x003df4f8      0x51f /cygdrive/Z/ZOT716U2W_SDK_0.01/ecos/ecos_install/lib/libtarget.a(language_c_libc_strcpy.o)
 .debug_info    0x003dfa17      0x4fa /cygdrive/Z/ZOT716U2W_SDK_0.01/ecos/ecos_install/lib/libtarget.a(language_c_libc_strlen.o)
 .debug_info    0x003dff11      0x51c /cygdrive/Z/ZOT716U2W_SDK_0.01/ecos/ecos_install/lib/libtarget.a(language_c_libc_strncmp.o)
 .debug_info    0x003e042d      0x536 /cygdrive/Z/ZOT716U2W_SDK_0.01/ecos/ecos_install/lib/libtarget.a(language_c_libc_strncpy.o)
 .debug_info    0x003e0963      0x490 /cygdrive/Z/ZOT716U2W_SDK_0.01/ecos/ecos_install/lib/libtarget.a(language_c_libc_strrchr.o)
 .debug_info    0x003e0df3      0x49d /cygdrive/Z/ZOT716U2W_SDK_0.01/ecos/ecos_install/lib/libtarget.a(language_c_libc_strspn.o)
 .debug_info    0x003e1290      0x49e /cygdrive/Z/ZOT716U2W_SDK_0.01/ecos/ecos_install/lib/libtarget.a(language_c_libc_strstr.o)
 .debug_info    0x003e172e      0x3c5 /cygdrive/Z/ZOT716U2W_SDK_0.01/ecos/ecos_install/lib/libtarget.a(language_c_libc_strsuppt.o)
 .debug_info    0x003e1af3      0x53f /cygdrive/Z/ZOT716U2W_SDK_0.01/ecos/ecos_install/lib/libtarget.a(language_c_libc_strtok.o)
 .debug_info    0x003e2032      0x7ba /cygdrive/Z/ZOT716U2W_SDK_0.01/ecos/ecos_install/lib/libtarget.a(language_c_libc_ctime.o)
 .debug_info    0x003e27ec      0x7c8 /cygdrive/Z/ZOT716U2W_SDK_0.01/ecos/ecos_install/lib/libtarget.a(language_c_libc_gmtime.o)
 .debug_info    0x003e2fb4      0x888 /cygdrive/Z/ZOT716U2W_SDK_0.01/ecos/ecos_install/lib/libtarget.a(language_c_libc_gmtime_r.o)
 .debug_info    0x003e383c      0x7d1 /cygdrive/Z/ZOT716U2W_SDK_0.01/ecos/ecos_install/lib/libtarget.a(language_c_libc_localtime.o)
 .debug_info    0x003e400d      0x808 /cygdrive/Z/ZOT716U2W_SDK_0.01/ecos/ecos_install/lib/libtarget.a(language_c_libc_localtime_r.o)
 .debug_info    0x003e4815      0x88b /cygdrive/Z/ZOT716U2W_SDK_0.01/ecos/ecos_install/lib/libtarget.a(language_c_libc_mktime.o)
 .debug_info    0x003e50a0      0x953 /cygdrive/Z/ZOT716U2W_SDK_0.01/ecos/ecos_install/lib/libtarget.a(language_c_libc_time.o)
 .debug_info    0x003e59f3      0xb87 /cygdrive/Z/ZOT716U2W_SDK_0.01/ecos/ecos_install/lib/libtarget.a(language_c_libc_timeutil.o)
 .debug_info    0x003e657a     0x51b7 /cygdrive/Z/ZOT716U2W_SDK_0.01/ecos/ecos_install/lib/libtarget.a(devs_wallclock_emulate.o)
 .debug_info    0x003eb731      0x42c /cygdrive/Z/ZOT716U2W_SDK_0.01/ecos/ecos_install/lib/libtarget.a(error_strerror.o)
 .debug_info    0x003ebb5d      0x6c8 /cygdrive/Z/ZOT716U2W_SDK_0.01/ecos/ecos_install/lib/libtarget.a(hal_arm_arch_hal_misc.o)
 .debug_info    0x003ec225      0xa43 /cygdrive/Z/ZOT716U2W_SDK_0.01/ecos/ecos_install/lib/libtarget.a(hal_arm_zot716u2_zot716u2_misc.o)
 .debug_info    0x003ecc68      0x5ff /cygdrive/Z/ZOT716U2W_SDK_0.01/ecos/ecos_install/lib/libtarget.a(hal_arm_zot716u2_hal_diag.o)
 .debug_info    0x003ed267      0x3e0 /cygdrive/Z/ZOT716U2W_SDK_0.01/ecos/ecos_install/lib/libtarget.a(infra_delete.o)
 .debug_info    0x003ed647     0x63f1 /cygdrive/Z/ZOT716U2W_SDK_0.01/ecos/ecos_install/lib/libtarget.a(kernel_clock.o)
 .debug_info    0x003f3a38      0x39f /cygdrive/Z/ZOT716U2W_SDK_0.01/ecos/ecos_install/lib/libtarget.a(language_c_libc_isspace.o)
 .debug_info    0x003f3dd7     0x3213 /cygdrive/Z/ZOT716U2W_SDK_0.01/ecos/ecos_install/lib/libtarget.a(language_c_libc_setvbuf.o)
 .debug_info    0x003f6fea     0x37f3 /cygdrive/Z/ZOT716U2W_SDK_0.01/ecos/ecos_install/lib/libtarget.a(language_c_libc_stderr.o)
 .debug_info    0x003fa7dd     0x1382 /cygdrive/Z/ZOT716U2W_SDK_0.01/ecos/ecos_install/lib/libtarget.a(language_c_libc_stdiofiles.o)
 .debug_info    0x003fbb5f     0x3200 /cygdrive/Z/ZOT716U2W_SDK_0.01/ecos/ecos_install/lib/libtarget.a(language_c_libc_stdiosupp.o)
 .debug_info    0x003fed5f      0x649 /cygdrive/Z/ZOT716U2W_SDK_0.01/ecos/ecos_install/lib/libtarget.a(language_c_libc_div.o)
 .debug_info    0x003ff3a8      0x7e2 /cygdrive/Z/ZOT716U2W_SDK_0.01/ecos/ecos_install/lib/libtarget.a(language_c_libc_asctime.o)
 .debug_info    0x003ffb8a      0xadd /cygdrive/Z/ZOT716U2W_SDK_0.01/ecos/ecos_install/lib/libtarget.a(language_c_libc_asctime_r.o)
 .debug_info    0x00400667      0x74d /cygdrive/Z/ZOT716U2W_SDK_0.01/ecos/ecos_install/lib/libtarget.a(language_c_libc_itoa.o)
 .debug_info    0x00400db4       0x62 /tools/H-i686-pc-cygwin/lib/gcc-lib/arm-elf/2.95.2/libgcc.a(_ctors.o)
 .debug_info    0x00400e16       0xa0 /tools/H-i686-pc-cygwin/lib/gcc-lib/arm-elf/2.95.2/libgcc.a(_udivdi3.o)
 .debug_info    0x00400eb6       0xa0 /tools/H-i686-pc-cygwin/lib/gcc-lib/arm-elf/2.95.2/libgcc.a(_umoddi3.o)

.debug_abbrev   0x00000000    0x30ada
 *(.debug_abbrev)
 .debug_abbrev  0x00000000      0x1c3 /cygdrive/Z/ZOT716U2W_SDK_0.01/prod/zot716u2w/build/obj/zotmain.o
 .debug_abbrev  0x000001c3      0x336 ./lib/mac.a(star_nic.o)
 .debug_abbrev  0x000004f9      0x3ad ./lib/usb_host.a(usb.o)
 .debug_abbrev  0x000008a6      0x348 ./lib/usb_host.a(hub.o)
 .debug_abbrev  0x00000bee      0x396 ./lib/usb_host.a(printer.o)
 .debug_abbrev  0x00000f84      0x399 ./lib/usb_host.a(ehcihcd.o)
 .debug_abbrev  0x0000131d      0x29b ./lib/usb_host.a(ehcihub.o)
 .debug_abbrev  0x000015b8      0x284 ./lib/usb_host.a(ehcimem.o)
 .debug_abbrev  0x0000183c      0x3a1 ./lib/usb_host.a(ehciq.o)
 .debug_abbrev  0x00001bdd      0x35d ./lib/usb_host.a(ehcische.o)
 .debug_abbrev  0x00001f3a      0x385 ./lib/usb_host.a(u2hcd.o)
 .debug_abbrev  0x000022bf      0x424 ./lib/usb_host.a(ohci.o)
 .debug_abbrev  0x000026e3      0x3b9 ./lib/usb_host.a(usbnet.o)
 .debug_abbrev  0x00002a9c       0x42 ./lib/usb_host.a(hp1020.o)
 .debug_abbrev  0x00002ade      0x39e ./lib/psglobal.a(psmain.o)
 .debug_abbrev  0x00002e7c      0x2ad ./lib/psglobal.a(eeprom.o)
 .debug_abbrev  0x00003129      0x2da ./lib/psglobal.a(rwflash.o)
 .debug_abbrev  0x00003403      0x1cf ./lib/psglobal.a(led.o)
 .debug_abbrev  0x000035d2      0x38b ./lib/psglobal.a(pkdriver.o)
 .debug_abbrev  0x0000395d      0x1d9 ./lib/psglobal.a(io.o)
 .debug_abbrev  0x00003b36      0x252 ./lib/psglobal.a(spiflash.o)
 .debug_abbrev  0x00003d88       0x83 ./lib/psglobal.a(crc32.o)
 .debug_abbrev  0x00003e0b      0x1a1 ./lib/psglobal.a(pm.o)
 .debug_abbrev  0x00003fac      0x202 ./lib/psglobal.a(bridge.o)
 .debug_abbrev  0x000041ae       0x52 ./lib/http_zot.a(endmark.o)
 .debug_abbrev  0x00004200      0x374 ./lib/http_zot.a(httpd.o)
 .debug_abbrev  0x00004574      0x188 ./lib/http_zot.a(http_constant.o)
 .debug_abbrev  0x000046fc      0x13e ./lib/http_zot.a(gmtime.o)
 .debug_abbrev  0x0000483a      0x1ae ./lib/http_zot.a(pfs.o)
 .debug_abbrev  0x000049e8      0x2cd ./lib/ipxbeui.a(ipx.o)
 .debug_abbrev  0x00004cb5      0x2e5 ./lib/ipxbeui.a(netbeui.o)
 .debug_abbrev  0x00004f9a      0x2e6 ./lib/ntps.a(ntps.o)
 .debug_abbrev  0x00005280      0x34d ./lib/ntps.a(ntudp.o)
 .debug_abbrev  0x000055cd      0x2dc ./lib/ntps.a(ntutil.o)
 .debug_abbrev  0x000058a9      0x3de ./lib/ntps.a(ntipxbeui.o)
 .debug_abbrev  0x00005c87      0x24d ./lib/spooler.a(prnport.o)
 .debug_abbrev  0x00005ed4      0x27e ./lib/spooler.a(prnqueue.o)
 .debug_abbrev  0x00006152      0x35b ./lib/novell.a(nps3.o)
 .debug_abbrev  0x000064ad       0xe1 ./lib/novell.a(banner.o)
 .debug_abbrev  0x0000658e       0xe2 ./lib/nds.a(nwcrypt.o)
 .debug_abbrev  0x00006670      0x351 ./lib/nds.a(ndsqueue.o)
 .debug_abbrev  0x000069c1      0x32e ./lib/nds.a(ndsmain.o)
 .debug_abbrev  0x00006cef      0x375 ./lib/nds.a(ndslogin.o)
 .debug_abbrev  0x00007064      0x274 ./lib/nds.a(mpilib.o)
 .debug_abbrev  0x000072d8      0x202 ./lib/nds.a(ndscrypt.o)
 .debug_abbrev  0x000074da      0x2c7 ./lib/lpd.a(lpd.o)
 .debug_abbrev  0x000077a1      0x1ed ./lib/rawtcpd.a(rawtcpd.o)
 .debug_abbrev  0x0000798e      0x2e4 ./lib/ippd.a(ippd.o)
 .debug_abbrev  0x00007c72      0x140 ./lib/ippd.a(ippd_constant.o)
 .debug_abbrev  0x00007db2      0x1fe ./lib/smbd.a(smbinit.o)
 .debug_abbrev  0x00007fb0      0x2ad ./lib/smbd.a(nmbd.o)
 .debug_abbrev  0x0000825d      0x232 ./lib/smbd.a(server.o)
 .debug_abbrev  0x0000848f      0x33c ./lib/smbd.a(n_packet.o)
 .debug_abbrev  0x000087cb      0x1f9 ./lib/smbd.a(intface.o)
 .debug_abbrev  0x000089c4      0x2c6 ./lib/smbd.a(nmblib.o)
 .debug_abbrev  0x00008c8a      0x25b ./lib/smbd.a(utilsock.o)
 .debug_abbrev  0x00008ee5      0x255 ./lib/smbd.a(n_ann.o)
 .debug_abbrev  0x0000913a      0x2c1 ./lib/smbd.a(n_name.o)
 .debug_abbrev  0x000093fb      0x20a ./lib/smbd.a(n_reg.o)
 .debug_abbrev  0x00009605      0x2d1 ./lib/smbd.a(n_req.o)
 .debug_abbrev  0x000098d6      0x24e ./lib/smbd.a(n_subnet.o)
 .debug_abbrev  0x00009b24      0x21a ./lib/smbd.a(unistr.o)
 .debug_abbrev  0x00009d3e      0x240 ./lib/smbd.a(conn.o)
 .debug_abbrev  0x00009f7e      0x2fb ./lib/smbd.a(process.o)
 .debug_abbrev  0x0000a279      0x271 ./lib/smbd.a(nttrans.o)
 .debug_abbrev  0x0000a4ea      0x29d ./lib/smbd.a(pipes.o)
 .debug_abbrev  0x0000a787      0x2d3 ./lib/smbd.a(srvpipe.o)
 .debug_abbrev  0x0000aa5a      0x271 ./lib/smbd.a(parserpc.o)
 .debug_abbrev  0x0000accb      0x274 ./lib/smbd.a(parseprs.o)
 .debug_abbrev  0x0000af3f      0x248 ./lib/smbd.a(spipe.o)
 .debug_abbrev  0x0000b187      0x295 ./lib/smbd.a(reply.o)
 .debug_abbrev  0x0000b41c      0x235 ./lib/smbd.a(srvwksvc.o)
 .debug_abbrev  0x0000b651      0x30d ./lib/smbd.a(srvsvc.o)
 .debug_abbrev  0x0000b95e      0x24f ./lib/smbd.a(srvreg.o)
 .debug_abbrev  0x0000bbad      0x1fc ./lib/smbd.a(parsewks.o)
 .debug_abbrev  0x0000bda9      0x233 ./lib/smbd.a(parsemis.o)
 .debug_abbrev  0x0000bfdc      0x2bb ./lib/smbd.a(parsesrv.o)
 .debug_abbrev  0x0000c297      0x19c ./lib/smbd.a(util_hnd.o)
 .debug_abbrev  0x0000c433      0x1ef ./lib/smbd.a(parsereg.o)
 .debug_abbrev  0x0000c622      0x306 ./lib/smbd.a(ipc.o)
 .debug_abbrev  0x0000c928      0x2aa ./lib/smbd.a(smbutil.o)
 .debug_abbrev  0x0000cbd2      0x229 ./lib/smbd.a(negprot.o)
 .debug_abbrev  0x0000cdfb      0x2a2 ./lib/telnet.a(telserv.o)
 .debug_abbrev  0x0000d09d      0x34e ./lib/telnet.a(telutil.o)
 .debug_abbrev  0x0000d3eb      0x19c ./lib/telnet.a(menu.o)
 .debug_abbrev  0x0000d587      0x364 ./lib/tftp_zot.a(tftpd.o)
 .debug_abbrev  0x0000d8eb      0x23b ./lib/tcpip.a(etharp.o)
 .debug_abbrev  0x0000db26      0x36a ./lib/tcpip.a(tcpip.o)
 .debug_abbrev  0x0000de90      0x211 ./lib/tcpip.a(ip.o)
 .debug_abbrev  0x0000e0a1      0x191 ./lib/tcpip.a(icmp.o)
 .debug_abbrev  0x0000e232      0x17c ./lib/tcpip.a(ip_addr.o)
 .debug_abbrev  0x0000e3ae      0x240 ./lib/tcpip.a(ip_frag.o)
 .debug_abbrev  0x0000e5ee      0x29c ./lib/tcpip.a(sockets.o)
 .debug_abbrev  0x0000e88a      0x2a8 ./lib/tcpip.a(api_lib.o)
 .debug_abbrev  0x0000eb32      0x289 ./lib/tcpip.a(api_msg.o)
 .debug_abbrev  0x0000edbb      0x1e6 ./lib/tcpip.a(mem.o)
 .debug_abbrev  0x0000efa1      0x20c ./lib/tcpip.a(memp.o)
 .debug_abbrev  0x0000f1ad      0x214 ./lib/tcpip.a(sys.o)
 .debug_abbrev  0x0000f3c1      0x277 ./lib/tcpip.a(pbuf.o)
 .debug_abbrev  0x0000f638       0xd1 ./lib/tcpip.a(stats.o)
 .debug_abbrev  0x0000f709      0x229 ./lib/tcpip.a(raw.o)