Archive member included       because of file (symbol)

./lib/mac.a(star_nic.o)       /cygdrive/Z/ZOT716U2W_SDK_0.01/prod/zot716u2w/build/obj/zotmain.o (star_nic_lan_init)
./lib/usb_host.a(usb.o)       /cygdrive/Z/ZOT716U2W_SDK_0.01/prod/zot716u2w/build/obj/zotmain.o (usb_init)
./lib/usb_host.a(hub.o)       ./lib/usb_host.a(usb.o) (usb_hub_init)
./lib/usb_host.a(printer.o)   /cygdrive/Z/ZOT716U2W_SDK_0.01/prod/zot716u2w/build/obj/zotmain.o (usblp_init)
./lib/usb_host.a(ehcihcd.o)   /cygdrive/Z/ZOT716U2W_SDK_0.01/prod/zot716u2w/build/obj/zotmain.o (ehci_hcd_init)
./lib/usb_host.a(ehcihub.o)   ./lib/usb_host.a(ehcihcd.o) (ehci_hub_status_data)
./lib/usb_host.a(ehcimem.o)   ./lib/usb_host.a(ehcihcd.o) (ehci_hcd_alloc)
./lib/usb_host.a(ehciq.o)     ./lib/usb_host.a(ehcihcd.o) (qh_completions)
./lib/usb_host.a(ehcische.o)  ./lib/usb_host.a(ehcihcd.o) (intr_deschedule)
./lib/usb_host.a(u2hcd.o)     ./lib/usb_host.a(ehciq.o) (usb_hcd_giveback_urb)
./lib/usb_host.a(ohci.o)      /cygdrive/Z/ZOT716U2W_SDK_0.01/prod/zot716u2w/build/obj/zotmain.o (ohci_hcd_init)
./lib/usb_host.a(usbnet.o)    /cygdrive/Z/ZOT716U2W_SDK_0.01/prod/zot716u2w/build/obj/zotmain.o (usbnet_init)
./lib/usb_host.a(hp1020.o)    ./lib/usb_host.a(printer.o) (HP1020_BIN)
./lib/psglobal.a(psmain.o)    ./lib/usb_host.a(ehcihcd.o) (restore)
./lib/psglobal.a(eeprom.o)    ./lib/usb_host.a(usbnet.o) (EEPROM_Data)
./lib/psglobal.a(rwflash.o)   ./lib/psglobal.a(eeprom.o) (ReadFromFlash)
./lib/psglobal.a(led.o)       ./lib/usb_host.a(printer.o) (USB11LightToggle)
./lib/psglobal.a(pkdriver.o)  ./lib/mac.a(star_nic.o) (cpyfrompbuf)
./lib/psglobal.a(io.o)        /cygdrive/Z/ZOT716U2W_SDK_0.01/prod/zot716u2w/build/obj/zotmain.o (CacheEnable)
./lib/psglobal.a(spiflash.o)  ./lib/psglobal.a(eeprom.o) (read_flash)
./lib/psglobal.a(crc32.o)     ./lib/psglobal.a(rwflash.o) (crc32)
./lib/psglobal.a(pm.o)        /cygdrive/Z/ZOT716U2W_SDK_0.01/prod/zot716u2w/build/obj/zotmain.o (zot_idle_task_init)
./lib/psglobal.a(bridge.o)    ./lib/psglobal.a(pkdriver.o) (bdginit)
./lib/http_zot.a(endmark.o)   ./lib/psglobal.a(eeprom.o) (MyDataSize)
./lib/http_zot.a(httpd.o)     ./lib/psglobal.a(eeprom.o) (WebLangVersion)
./lib/http_zot.a(http_constant.o)
                              ./lib/http_zot.a(httpd.o) (wHdrs)
./lib/http_zot.a(gmtime.o)    ./lib/http_zot.a(httpd.o) (gmt_ptime)
./lib/http_zot.a(pfs.o)       ./lib/http_zot.a(httpd.o) (PFSopen)
./lib/ipxbeui.a(ipx.o)        /cygdrive/Z/ZOT716U2W_SDK_0.01/prod/zot716u2w/build/obj/zotmain.o (IPXInitialize)
./lib/ipxbeui.a(netbeui.o)    /cygdrive/Z/ZOT716U2W_SDK_0.01/prod/zot716u2w/build/obj/zotmain.o (NETBEUInit)
./lib/ntps.a(ntps.o)          ./lib/psglobal.a(psmain.o) (NTPrinterServerInit)
./lib/ntps.a(ntudp.o)         ./lib/ntps.a(ntps.o) (NTRequestUDP)
./lib/ntps.a(ntutil.o)        ./lib/http_zot.a(httpd.o) (ANYESS)
./lib/ntps.a(ntipxbeui.o)     ./lib/ntps.a(ntps.o) (NTRequestECB)
./lib/spooler.a(prnport.o)    ./lib/usb_host.a(printer.o) (PortIO)
./lib/spooler.a(prnqueue.o)   ./lib/http_zot.a(httpd.o) (PrnUsedMessage)
./lib/novell.a(nps3.o)        ./lib/psglobal.a(psmain.o) (NovellPrintServerInit)
./lib/novell.a(banner.o)      ./lib/novell.a(nps3.o) (BannerData)
./lib/nds.a(nwcrypt.o)        ./lib/novell.a(nps3.o) (shuffle)
./lib/nds.a(ndsqueue.o)       ./lib/http_zot.a(httpd.o) (NDSConnectFlag)
./lib/nds.a(ndsmain.o)        ./lib/psglobal.a(psmain.o) (NDSmain)
./lib/nds.a(ndslogin.o)       ./lib/nds.a(ndsqueue.o) (NDSu2c_strcpy)
./lib/nds.a(mpilib.o)         ./lib/nds.a(ndslogin.o) (global_precision)
./lib/nds.a(ndscrypt.o)       ./lib/nds.a(ndslogin.o) (nwencrypt)
./lib/lpd.a(lpd.o)            ./lib/psglobal.a(psmain.o) (lpdstart)
./lib/rawtcpd.a(rawtcpd.o)    ./lib/psglobal.a(psmain.o) (rawtcpd)
./lib/ippd.a(ippd.o)          ./lib/http_zot.a(httpd.o) (zot_recv)
./lib/ippd.a(ippd_constant.o)
                              ./lib/ippd.a(ippd.o) (AttribTAG)
./lib/smbd.a(smbinit.o)       ./lib/psglobal.a(psmain.o) (SMBInit)
./lib/smbd.a(nmbd.o)          ./lib/smbd.a(smbinit.o) (nb_init)
./lib/smbd.a(server.o)        ./lib/smbd.a(smbinit.o) (smbmain)
./lib/smbd.a(n_packet.o)      ./lib/smbd.a(nmbd.o) (run_packet_queue)
./lib/smbd.a(intface.o)       ./lib/smbd.a(n_packet.o) (ismyip)
./lib/smbd.a(nmblib.o)        ./lib/smbd.a(n_packet.o) (free_packet)
./lib/smbd.a(utilsock.o)      ./lib/smbd.a(nmblib.o) (lastport)
./lib/smbd.a(n_ann.o)         ./lib/smbd.a(nmbd.o) (announce_my_server_names)
./lib/smbd.a(n_name.o)        ./lib/smbd.a(n_packet.o) (find_name_on_subnet)
./lib/smbd.a(n_reg.o)         ./lib/smbd.a(n_packet.o) (register_name_timeout_response)
./lib/smbd.a(n_req.o)         ./lib/smbd.a(n_packet.o) (process_name_query_request)
./lib/smbd.a(n_subnet.o)      ./lib/smbd.a(n_packet.o) (unicast_subnet)
./lib/smbd.a(unistr.o)        ./lib/smbd.a(n_ann.o) (skip_string)
./lib/smbd.a(conn.o)          ./lib/smbd.a(server.o) (Connections)
./lib/smbd.a(process.o)       ./lib/smbd.a(server.o) (max_send)
[...]
Memory Configuration

Name             Origin             Length             Attributes
ram              0x00000000         0x00800000
*default*        0x00000000         0xffffffff

Linker script and memory map

LOAD /cygdrive/Z/ZOT716U2W_SDK_0.01/ecos/ecos_install/lib/vectors.o
LOAD /cygdrive/Z/ZOT716U2W_SDK_0.01/prod/zot716u2w/build/obj/zotmain.o
LOAD ./lib/mac.a
LOAD ./lib/usb_host.a
LOAD ./lib/psglobal.a
LOAD ./lib/http_zot.a
LOAD ./lib/ipxbeui.a
LOAD ./lib/ntps.a
LOAD ./lib/spooler.a
LOAD ./lib/novell.a
LOAD ./lib/nds.a
LOAD ./lib/lpd.a
LOAD ./lib/rawtcpd.a
LOAD ./lib/ippd.a
LOAD ./lib/smbd.a
LOAD ./lib/telnet.a
LOAD ./lib/tftp_zot.a
LOAD ./lib/tcpip.a
LOAD ./lib/atalk.a
LOAD ./lib/snmp.a
LOAD ./lib/psutility.a
LOAD ./lib/uart.a
LOAD ./lib/rendezvous.a
LOAD ./lib/mtk7601.a
LOAD /cygdrive/Z/ZOT716U2W_SDK_0.01/ecos/ecos_install/lib/extras.o
START GROUP
LOAD /cygdrive/Z/ZOT716U2W_SDK_0.01/ecos/ecos_install/lib/libtarget.a
LOAD /tools/H-i686-pc-cygwin/lib/gcc-lib/arm-elf/2.95.2/libgcc.a
END GROUP

.debug_aranges  0x00000000     0xbbf0
 *(.debug_aranges)
 .debug_aranges
                0x00000000       0x40 /cygdrive/Z/ZOT716U2W_SDK_0.01/prod/zot716u2w/build/obj/zotmain.o
 .debug_aranges
                0x00000040      0x1c8 ./lib/mac.a(star_nic.o)
 .debug_aranges
                0x00000208      0x2c0 ./lib/usb_host.a(usb.o)
 .debug_aranges
                0x000004c8      0x150 ./lib/usb_host.a(hub.o)
 .debug_aranges
                0x00000618      0x130 ./lib/usb_host.a(printer.o)
 .debug_aranges
                0x00000748       0xe0 ./lib/usb_host.a(ehcihcd.o)
 .debug_aranges
                0x00000828       0x80 ./lib/usb_host.a(ehcihub.o)
 .debug_aranges
                0x000008a8       0xc0 ./lib/usb_host.a(ehcimem.o)
 .debug_aranges
                0x00000968       0xd8 ./lib/usb_host.a(ehciq.o)
 .debug_aranges
                0x00000a40       0xf0 ./lib/usb_host.a(ehcische.o)
 .debug_aranges
                0x00000b30      0x108 ./lib/usb_host.a(u2hcd.o)
 .debug_aranges
                0x00000c38      0x238 ./lib/usb_host.a(ohci.o)
 .debug_aranges
                0x00000e70      0x1a8 ./lib/usb_host.a(usbnet.o)
 .debug_aranges
                0x00001018      0x128 ./lib/psglobal.a(psmain.o)
 .debug_aranges
                0x00001140       0x60 ./lib/psglobal.a(eeprom.o)
 .debug_aranges
                0x000011a0       0xe8 ./lib/psglobal.a(rwflash.o)
 .debug_aranges
                0x00001288       0x48 ./lib/psglobal.a(led.o)
 .debug_aranges
                0x000012d0       0xb0 ./lib/psglobal.a(pkdriver.o)
 .debug_aranges
                0x00001380       0x38 ./lib/psglobal.a(io.o)
 .debug_aranges
                0x000013b8       0xa8 ./lib/psglobal.a(spiflash.o)
 .debug_aranges
                0x00001460       0x28 ./lib/psglobal.a(crc32.o)
 .debug_aranges
                0x00001488       0x30 ./lib/psglobal.a(pm.o)
 .debug_aranges
                0x000014b8       0x50 ./lib/psglobal.a(bridge.o)
 .debug_aranges
                0x00001508      0x180 ./lib/http_zot.a(httpd.o)
 .debug_aranges
                0x00001688       0x30 ./lib/http_zot.a(gmtime.o)
 .debug_aranges
                0x000016b8       0x50 ./lib/http_zot.a(pfs.o)
 .debug_aranges
                0x00001708       0x60 ./lib/ipxbeui.a(ipx.o)
 .debug_aranges
                0x00001768       0x40 ./lib/ipxbeui.a(netbeui.o)
 .debug_aranges
                0x000017a8       0x38 ./lib/ntps.a(ntps.o)
 .debug_aranges
                0x000017e0       0xb8 ./lib/ntps.a(ntudp.o)
 .debug_aranges
                0x00001898       0x68 ./lib/ntps.a(ntutil.o)
 .debug_aranges
                0x00001900      0x188 ./lib/ntps.a(ntipxbeui.o)
 .debug_aranges
                0x00001a88       0xa0 ./lib/spooler.a(prnport.o)
 .debug_aranges
                0x00001b28       0xc8 ./lib/spooler.a(prnqueue.o)
 .debug_aranges
                0x00001bf0      0x188 ./lib/novell.a(nps3.o)
 .debug_aranges
                0x00001d78       0x28 ./lib/novell.a(banner.o)
 .debug_aranges
                0x00001da0       0x38 ./lib/nds.a(nwcrypt.o)
 .debug_aranges
                0x00001dd8       0xa0 ./lib/nds.a(ndsqueue.o)
 .debug_aranges
                0x00001e78       0x78 ./lib/nds.a(ndsmain.o)
 .debug_aranges
                0x00001ef0      0x130 ./lib/nds.a(ndslogin.o)
 .debug_aranges
                0x00002020       0xf8 ./lib/nds.a(mpilib.o)
 .debug_aranges
                0x00002118       0x78 ./lib/nds.a(ndscrypt.o)
 .debug_aranges
                0x00002190       0x88 ./lib/lpd.a(lpd.o)
 .debug_aranges
                0x00002218       0x28 ./lib/rawtcpd.a(rawtcpd.o)
 .debug_aranges
                0x00002240       0xf0 ./lib/ippd.a(ippd.o)
 .debug_aranges
                0x00002330       0x28 ./lib/smbd.a(smbinit.o)
 .debug_aranges
                0x00002358       0x40 ./lib/smbd.a(nmbd.o)
 .debug_aranges
                0x00002398       0x38 ./lib/smbd.a(server.o)
 .debug_aranges
                0x000023d0       0xa0 ./lib/smbd.a(n_packet.o)
 .debug_aranges
                0x00002470       0x40 ./lib/smbd.a(intface.o)
 .debug_aranges
                0x000024b0       0xc0 ./lib/smbd.a(nmblib.o)
 .debug_aranges
                0x00002570       0x78 ./lib/smbd.a(utilsock.o)
 .debug_aranges
                0x000025e8       0x40 ./lib/smbd.a(n_ann.o)
 .debug_aranges
                0x00002628       0x58 ./lib/smbd.a(n_name.o)
 .debug_aranges
                0x00002680       0x28 ./lib/smbd.a(n_reg.o)
 .debug_aranges
                0x000026a8       0x40 ./lib/smbd.a(n_req.o)
 .debug_aranges
                0x000026e8       0x40 ./lib/smbd.a(n_subnet.o)
 .debug_aranges
                0x00002728       0x60 ./lib/smbd.a(unistr.o)
 .debug_aranges
                0x00002788       0x68 ./lib/smbd.a(conn.o)
 .debug_aranges
                0x000027f0       0x70 ./lib/smbd.a(process.o)
 .debug_aranges
                0x00002860       0x48 ./lib/smbd.a(nttrans.o)
 .debug_aranges
                0x000028a8       0x50 ./lib/smbd.a(pipes.o)
 .debug_aranges
                0x000028f8       0xb8 ./lib/smbd.a(srvpipe.o)
 .debug_aranges
                0x000029b0       0xc8 ./lib/smbd.a(parserpc.o)
 .debug_aranges
                0x00002a78       0xd8 ./lib/smbd.a(parseprs.o)
 .debug_aranges
                0x00002b50       0x40 ./lib/smbd.a(spipe.o)
 .debug_aranges
                0x00002b90       0xa8 ./lib/smbd.a(reply.o)
 .debug_aranges
                0x00002c38       0x40 ./lib/smbd.a(srvwksvc.o)
 .debug_aranges
                0x00002c78       0x68 ./lib/smbd.a(srvsvc.o)
 .debug_aranges
                0x00002ce0       0x38 ./lib/smbd.a(srvreg.o)
 .debug_aranges
                0x00002d18       0x50 ./lib/smbd.a(parsewks.o)
 .debug_aranges
                0x00002d68       0x98 ./lib/smbd.a(parsemis.o)
 .debug_aranges
                0x00002e00       0xd0 ./lib/smbd.a(parsesrv.o)
 .debug_aranges
                0x00002ed0       0x28 ./lib/smbd.a(util_hnd.o)
 .debug_aranges
                0x00002ef8       0x38 ./lib/smbd.a(parsereg.o)
 .debug_aranges
                0x00002f30      0x138 ./lib/smbd.a(ipc.o)
 .debug_aranges
                0x00003068       0x90 ./lib/smbd.a(smbutil.o)
 .debug_aranges
                0x000030f8       0x50 ./lib/smbd.a(negprot.o)
 .debug_aranges
                0x00003148       0x40 ./lib/telnet.a(telserv.o)
 .debug_aranges
                0x00003188      0x278 ./lib/telnet.a(telutil.o)
 .debug_aranges
                0x00003400       0xe0 ./lib/tftp_zot.a(tftpd.o)
 .debug_aranges
                0x000034e0       0x68 ./lib/tcpip.a(etharp.o)
 .debug_aranges
                0x00003548       0x98 ./lib/tcpip.a(tcpip.o)
 .debug_aranges
                0x000035e0       0x48 ./lib/tcpip.a(ip.o)
 .debug_aranges
                0x00003628       0x30 ./lib/tcpip.a(icmp.o)
 .debug_aranges
                0x00003658       0x28 ./lib/tcpip.a(ip_addr.o)
 .debug_aranges
                0x00003680       0x40 ./lib/tcpip.a(ip_frag.o)
 .debug_aranges
                0x000036c0       0xf0 ./lib/tcpip.a(sockets.o)
 .debug_aranges
                0x000037b0      0x118 ./lib/tcpip.a(api_lib.o)
 .debug_aranges
                0x000038c8       0xd0 ./lib/tcpip.a(api_msg.o)
 .debug_aranges
                0x00003998       0x50 ./lib/tcpip.a(mem.o)
 .debug_aranges
                0x000039e8       0x38 ./lib/tcpip.a(memp.o)
 .debug_aranges
                0x00003a20       0x68 ./lib/tcpip.a(sys.o)
 .debug_aranges
                0x00003a88       0x90 ./lib/tcpip.a(pbuf.o)
 .debug_aranges
                0x00003b18       0x28 ./lib/tcpip.a(stats.o)
 .debug_aranges
                0x00003b40       0x68 ./lib/tcpip.a(raw.o)
 .debug_aranges
                0x00003ba8       0x70 ./lib/tcpip.a(udp.o)
 .debug_aranges
                0x00003c18      0x110 ./lib/tcpip.a(tcp.o)
 .debug_aranges
                0x00003d28       0x50 ./lib/tcpip.a(tcp_in.o)
 .debug_aranges
                0x00003d78       0x68 ./lib/tcpip.a(tcp_out.o)
 .debug_aranges
                0x00003de0      0x138 ./lib/tcpip.a(dhcp.o)
 .debug_aranges
                0x00003f18       0x80 ./lib/tcpip.a(netif.o)
 .debug_aranges
                0x00003f98       0x88 ./lib/tcpip.a(inet.o)
 .debug_aranges
                0x00004020       0x98 ./lib/tcpip.a(sys_arch.o)
 .debug_aranges
                0x000040b8       0x78 ./lib/atalk.a(ddp.o)
 .debug_aranges
                0x00004130       0x80 ./lib/atalk.a(aarp.o)
 .debug_aranges
                0x000041b0       0x28 ./lib/atalk.a(aep.o)
 .debug_aranges
                0x000041d8       0x68 ./lib/atalk.a(nbp.o)
 .debug_aranges
                0x00004240       0x28 ./lib/atalk.a(atalkd.o)
 .debug_aranges
                0x00004268       0x30 ./lib/atalk.a(zip.o)
 .debug_aranges
                0x00004298       0x38 ./lib/atalk.a(file.o)
 .debug_aranges
                0x000042d0       0x40 ./lib/atalk.a(papd.o)
 .debug_aranges
                0x00004310       0xb0 ./lib/atalk.a(socket2.o)
 .debug_aranges
                0x000043c0       0x48 ./lib/atalk.a(ddpsock.o)
 .debug_aranges
                0x00004408       0x28 ./lib/atalk.a(atp_open.o)
 .debug_aranges
                0x00004430       0x28 ./lib/atalk.a(atp_clos.o)
 .debug_aranges
                0x00004458       0x38 ./lib/atalk.a(atp_bufs.o)
 .debug_aranges
                0x00004490       0x30 ./lib/atalk.a(atp_rsel.o)
 .debug_aranges
                0x000044c0       0x28 ./lib/atalk.a(atp_rreq.o)
 .debug_aranges
                0x000044e8       0x28 ./lib/atalk.a(atp_srsp.o)
 .debug_aranges
                0x00004510       0x28 ./lib/atalk.a(session.o)
 .debug_aranges
                0x00004538       0x40 ./lib/atalk.a(atp_pkt.o)
 .debug_aranges
                0x00004578       0x28 ./lib/atalk.a(atp_rrsp.o)
 .debug_aranges
                0x000045a0       0x28 ./lib/atalk.a(atp_sreq.o)
 .debug_aranges
                0x000045c8       0x40 ./lib/atalk.a(magics.o)
 .debug_aranges
                0x00004608       0x50 ./lib/atalk.a(comment.o)
 .debug_aranges
                0x00004658       0x40 ./lib/atalk.a(queries.o)
 .debug_aranges
                0x00004698       0x40 ./lib/atalk.a(paprint.o)
 .debug_aranges
                0x000046d8       0x38 ./lib/snmp.a(snmpd.o)
 .debug_aranges
                0x00004710       0x28 ./lib/snmp.a(mibmodl.o)
 .debug_aranges
                0x00004738       0x68 ./lib/snmp.a(snmpaget.o)
 .debug_aranges
                0x000047a0       0x98 ./lib/snmp.a(asn1.o)
 .debug_aranges
                0x00004838       0x30 ./lib/snmp.a(snmp.o)
 .debug_aranges
                0x00004868       0xb8 ./lib/snmp.a(snmp_api.o)
 .debug_aranges
                0x00004920      0x120 ./lib/snmp.a(snmpvars.o)
 .debug_aranges
                0x00004a40       0x28 ./lib/snmp.a(snmptrap.o)
 .debug_aranges
                0x00004a68       0x38 ./lib/psutility.a(joblog.o)
 .debug_aranges
                0x00004aa0       0x78 ./lib/psutility.a(alert.o)
 .debug_aranges
                0x00004b18       0x58 ./lib/psutility.a(kmalloc.o)
 .debug_aranges
                0x00004b70       0x70 ./lib/uart.a(serial.o)
 .debug_aranges
                0x00004be0      0x1d0 ./lib/mtk7601.a(mtk7601_dep.o)
 .debug_aranges
                0x00004db0      0x2d0 ./lib/mtk7601.a(rt_ate.o)
 .debug_aranges
                0x00005080      0x350 ./lib/mtk7601.a(rt_linux.o)
 .debug_aranges
                0x000053d0       0xd0 ./lib/mtk7601.a(rt_main_dev.o)
 .debug_aranges
                0x000054a0       0xa8 ./lib/mtk7601.a(rt_profile.o)
 .debug_aranges
                0x00005548      0x130 ./lib/mtk7601.a(rtmp_data.o)
 .debug_aranges
                0x00005678      0x188 ./lib/mtk7601.a(rtmp_init.o)
 .debug_aranges
                0x00005800       0x88 ./lib/mtk7601.a(rtmp_init_inf.)
 .debug_aranges
                0x00005888       0x90 ./lib/mtk7601.a(rtmp_mac.o)
 .debug_aranges
                0x00005918       0x78 ./lib/mtk7601.a(rtmp_mcu.o)
 .debug_aranges
                0x00005990       0xd8 ./lib/mtk7601.a(rtmp_phy.o)
 .debug_aranges
                0x00005a68      0x170 ./lib/mtk7601.a(rtmp_timer.o)
 .debug_aranges
                0x00005bd8      0x280 ./lib/mtk7601.a(rt_qa.o)
 .debug_aranges
                0x00005e58       0xf0 ./lib/mtk7601.a(rt_usb.o)
 .debug_aranges
                0x00005f48      0x128 ./lib/mtk7601.a(rtusb_bulk.o)
 .debug_aranges
                0x00006070      0x1d8 ./lib/mtk7601.a(rtusb_io.o)
 .debug_aranges
                0x00006248      0x1a8 ./lib/mtk7601.a(spectrum.o)
 .debug_aranges
                0x000063f0      0x1e8 ./lib/mtk7601.a(sta_ioctl.o)
 .debug_aranges
                0x000065d8      0x140 ./lib/mtk7601.a(sta_iwsc.o)
 .debug_aranges
                0x00006718      0x110 ./lib/mtk7601.a(sync.o)
 .debug_aranges
                0x00006828       0x98 ./lib/mtk7601.a(txpower.o)
 .debug_aranges
                0x000068c0       0xa0 ./lib/mtk7601.a(usb_main_dev.o)
 .debug_aranges
                0x00006960       0xa8 ./lib/mtk7601.a(wpa.o)
 .debug_aranges
                0x00006a08      0x320 ./lib/mtk7601.a(wsc.o)
 .debug_aranges
                0x00006d28       0xf8 ./lib/mtk7601.a(wlanif.o)
 .debug_aranges
                0x00006e20       0x88 ./lib/mtk7601.a(mgmt_entrytb.o)
 .debug_aranges
                0x00006ea8       0x90 ./lib/mtk7601.a(cmm_sync.o)
 .debug_aranges
                0x00006f38       0xb8 ./lib/mtk7601.a(rt_os_util.o)
 .debug_aranges
                0x00006ff0       0xb0 ./lib/mtk7601.a(mgmt_ht.o)
 .debug_aranges
                0x000070a0      0x128 ./lib/mtk7601.a(wsc_tlv.o)
 .debug_aranges
                0x000071c8       0x98 ./lib/mtk7601.a(ps.o)
 .debug_aranges
                0x00007260       0xe0 ./lib/mtk7601.a(ra_ctrl.o)
 .debug_aranges
                0x00007340       0x88 ./lib/mtk7601.a(wsc_v2.o)
 .debug_aranges
                0x000073c8       0xc8 ./lib/mtk7601.a(rt_usb_util.o)
 .debug_aranges
                0x00007490       0x78 ./lib/mtk7601.a(alg_legacy.o)
 .debug_aranges
                0x00007508       0x60 ./lib/mtk7601.a(rtusb_dev_id.o)
 .debug_aranges
                0x00007568       0xd0 ./lib/mtk7601.a(cmm_wpa_adhoc.o)
 .debug_aranges
                0x00007638       0xf0 ./lib/mtk7601.a(action.o)
 .debug_aranges
                0x00007728       0xf8 ./lib/mtk7601.a(assoc.o)
 .debug_aranges
                0x00007820       0xb8 ./lib/mtk7601.a(ate_usb.o)
 .debug_aranges
                0x000078d8       0xb0 ./lib/mtk7601.a(auth.o)
 .debug_aranges
                0x00007988      0x198 ./lib/mtk7601.a(ba_action.o)
 .debug_aranges
                0x00007b20      0x188 ./lib/mtk7601.a(cmm_asic.o)
 .debug_aranges
                0x00007ca8      0x130 ./lib/mtk7601.a(cmm_cfg.o)
 .debug_aranges
                0x00007dd8       0x78 ./lib/mtk7601.a(cmm_cmd.o)
 .debug_aranges
                0x00007e50      0x178 ./lib/mtk7601.a(cmm_data.o)
 .debug_aranges
                0x00007fc8      0x110 ./lib/mtk7601.a(cmm_data_usb.o)
 .debug_aranges
                0x000080d8      0x3f0 ./lib/mtk7601.a(cmm_info.o)
 .debug_aranges
                0x000084c8      0x110 ./lib/mtk7601.a(cmm_mac_usb.o)
 .debug_aranges
                0x000085d8      0x118 ./lib/mtk7601.a(cmm_profile.o)
 .debug_aranges
                0x000086f0       0x90 ./lib/mtk7601.a(cmm_radar.o)
 .debug_aranges
                0x00008780       0xe0 ./lib/mtk7601.a(cmm_sanity.o)
 .debug_aranges
                0x00008860       0xd8 ./lib/mtk7601.a(cmm_tkip.o)
 .debug_aranges
                0x00008938       0x88 ./lib/mtk7601.a(cmm_wep.o)
 .debug_aranges
                0x000089c0      0x200 ./lib/mtk7601.a(cmm_wpa.o)
 .debug_aranges
                0x00008bc0      0x150 ./lib/mtk7601.a(connect.o)
 .debug_aranges
                0x00008d10       0xc0 ./lib/mtk7601.a(crypt_aes.o)
 .debug_aranges
                0x00008dd0       0x78 ./lib/mtk7601.a(crypt_arc4.o)
 .debug_aranges
                0x00008e48       0x70 ./lib/mtk7601.a(crypt_dh.o)
 .debug_aranges
                0x00008eb8       0x78 ./lib/mtk7601.a(crypt_hmac.o)
 .debug_aranges
                0x00008f30       0x88 ./lib/mtk7601.a(crypt_md5.o)
 .debug_aranges
                0x00008fb8       0xb0 ./lib/mtk7601.a(crypt_sha2.o)
 .debug_aranges
                0x00009068      0x110 ./lib/mtk7601.a(ee_efuse.o)
 .debug_aranges
                0x00009178       0x68 ./lib/mtk7601.a(rt_eeprom.o)
 .debug_aranges
                0x000091e0       0x98 ./lib/mtk7601.a(frq_cal.o)
 .debug_aranges
                0x00009278      0x2b0 ./lib/mtk7601.a(mlme.o)
 .debug_aranges
                0x00009528       0xb0 ./lib/mtk7601.a(mt7601_ate.o)
 .debug_aranges
                0x000095d8      0x178 ./lib/mtk7601.a(mt7601.o)
 .debug_aranges
                0x00009750       0x78 ./lib/mtk7601.a(ral_omac.o)
 .debug_aranges
                0x000097c8       0x70 ./lib/mtk7601.a(rlt_rf.o)
 .debug_aranges
                0x00009838       0xc0 ./lib/mtk7601.a(rt_channel.o)
 .debug_aranges
                0x000098f8      0x1a0 ./lib/mtk7601.a(rtmp_and.o)
 .debug_aranges
                0x00009a98       0xd8 ./lib/mtk7601.a(rtmp_chip.o)
 .debug_aranges
                0x00009b70       0x90 ./lib/mtk7601.a(rtmp_M51.o)
 .debug_aranges
                0x00009c00       0x78 ./lib/mtk7601.a(sanity.o)
 .debug_aranges
                0x00009c78       0x80 ./lib/mtk7601.a(scan.o)
 .debug_aranges
                0x00009cf8      0x2f0 ./lib/mtk7601.a(sta_cfg.o)
 .debug_aranges
                0x00009fe8       0x78 ./lib/mtk7601.a(auth_rsp.o)
 .debug_aranges
                0x0000a060      0x100 ./lib/mtk7601.a(cmm_aes.o)
 .debug_aranges
                0x0000a160      0x100 ./lib/mtk7601.a(crypt_biginteger.o)
 .debug_aranges
                0x0000a260      0x178 /cygdrive/Z/ZOT716U2W_SDK_0.01/ecos/ecos_install/lib/extras.o
 .debug_aranges
                0x0000a3d8       0x28 /cygdrive/Z/ZOT716U2W_SDK_0.01/ecos/ecos_install/lib/libtarget.a(infra_startup.o)
 .debug_aranges
                0x0000a400       0x28 /cygdrive/Z/ZOT716U2W_SDK_0.01/ecos/ecos_install/lib/libtarget.a(infra_prestart.o)
 .debug_aranges
                0x0000a428       0x28 /cygdrive/Z/ZOT716U2W_SDK_0.01/ecos/ecos_install/lib/libtarget.a(infra_pkgstart.o)
 .debug_aranges
                0x0000a450       0x88 /cygdrive/Z/ZOT716U2W_SDK_0.01/ecos/ecos_install/lib/libtarget.a(infra_diag.o)
 .debug_aranges
                0x0000a4d8       0x28 /cygdrive/Z/ZOT716U2W_SDK_0.01/ecos/ecos_install/lib/libtarget.a(infra_memcpy.o)
 .debug_aranges
                0x0000a500       0x28 /cygdrive/Z/ZOT716U2W_SDK_0.01/ecos/ecos_install/lib/libtarget.a(infra_memset.o)
 .debug_aranges
                0x0000a528      0x3a0 /cygdrive/Z/ZOT716U2W_SDK_0.01/ecos/ecos_install/lib/libtarget.a(kernel_kapi.o)
 .debug_aranges
                0x0000a8c8       0xf8 /cygdrive/Z/ZOT716U2W_SDK_0.01/ecos/ecos_install/lib/libtarget.a(kernel_thread.o)
 .debug_aranges
                0x0000a9c0       0x60 /cygdrive/Z/ZOT716U2W_SDK_0.01/ecos/ecos_install/lib/libtarget.a(kernel_except.o)
 .debug_aranges
                0x0000aa20       0xb0 /cygdrive/Z/ZOT716U2W_SDK_0.01/ecos/ecos_install/lib/libtarget.a(kernel_intr.o)
 .debug_aranges
                0x0000aad0       0xe0 /cygdrive/Z/ZOT716U2W_SDK_0.01/ecos/ecos_install/lib/libtarget.a(kernel_memfixed.o)
 .debug_aranges
                0x0000abb0       0xe8 /cygdrive/Z/ZOT716U2W_SDK_0.01/ecos/ecos_install/lib/libtarget.a(kernel_memvar.o)
 .debug_aranges
                0x0000ac98       0xc8 /cygdrive/Z/ZOT716U2W_SDK_0.01/ecos/ecos_install/lib/libtarget.a(kernel_mlqueue.o)
 .debug_aranges
                0x0000ad60       0x60 /cygdrive/Z/ZOT716U2W_SDK_0.01/ecos/ecos_install/lib/libtarget.a(kernel_sched.o)
 .debug_aranges
                0x0000adc0       0x58 /cygdrive/Z/ZOT716U2W_SDK_0.01/ecos/ecos_install/lib/libtarget.a(kernel_cnt_sem.o)
 .debug_aranges
                0x0000ae18       0x58 /cygdrive/Z/ZOT716U2W_SDK_0.01/ecos/ecos_install/lib/libtarget.a(kernel_flag.o)
 .debug_aranges
                0x0000ae70       0xb0 /cygdrive/Z/ZOT716U2W_SDK_0.01/ecos/ecos_install/lib/libtarget.a(kernel_mbox.o)
 .debug_aranges
                0x0000af20       0x80 /cygdrive/Z/ZOT716U2W_SDK_0.01/ecos/ecos_install/lib/libtarget.a(kernel_mutex.o)
 .debug_aranges
                0x0000afa0       0x28 /cygdrive/Z/ZOT716U2W_SDK_0.01/ecos/ecos_install/lib/libtarget.a(language_c_libc_isalnum.o)
 .debug_aranges
                0x0000afc8       0x28 /cygdrive/Z/ZOT716U2W_SDK_0.01/ecos/ecos_install/lib/libtarget.a(language_c_libc_isalpha.o)
 .debug_aranges
                0x0000aff0       0x28 /cygdrive/Z/ZOT716U2W_SDK_0.01/ecos/ecos_install/lib/libtarget.a(language_c_libc_isdigit.o)
 .debug_aranges
                0x0000b018       0x28 /cygdrive/Z/ZOT716U2W_SDK_0.01/ecos/ecos_install/lib/libtarget.a(language_c_libc_islower.o)
 .debug_aranges
                0x0000b040       0x28 /cygdrive/Z/ZOT716U2W_SDK_0.01/ecos/ecos_install/lib/libtarget.a(language_c_libc_isprint.o)
 .debug_aranges
                0x0000b068       0x28 /cygdrive/Z/ZOT716U2W_SDK_0.01/ecos/ecos_install/lib/libtarget.a(language_c_libc_isspace.o)
 .debug_aranges
                0x0000b090       0x28 /cygdrive/Z/ZOT716U2W_SDK_0.01/ecos/ecos_install/lib/libtarget.a(language_c_libc_isupper.o)
 .debug_aranges
                0x0000b0b8       0x28 /cygdrive/Z/ZOT716U2W_SDK_0.01/ecos/ecos_install/lib/libtarget.a(language_c_libc_isxdigit.o)
 .debug_aranges
                0x0000b0e0       0x28 /cygdrive/Z/ZOT716U2W_SDK_0.01/ecos/ecos_install/lib/libtarget.a(language_c_libc_toupper.o)
 .debug_aranges
                0x0000b108       0x28 /cygdrive/Z/ZOT716U2W_SDK_0.01/ecos/ecos_install/lib/libtarget.a(language_c_libc_snprintf.o)
 .debug_aranges
                0x0000b130       0x28 /cygdrive/Z/ZOT716U2W_SDK_0.01/ecos/ecos_install/lib/libtarget.a(language_c_libc_sprintf.o)
 .debug_aranges
                0x0000b158       0x50 /cygdrive/Z/ZOT716U2W_SDK_0.01/ecos/ecos_install/lib/libtarget.a(language_c_libc_stdioinlines.o)
 .debug_aranges
                0x0000b1a8       0x38 /cygdrive/Z/ZOT716U2W_SDK_0.01/ecos/ecos_install/lib/libtarget.a(language_c_libc_stdout.o)
 .debug_aranges
                0x0000b1e0       0x58 /cygdrive/Z/ZOT716U2W_SDK_0.01/ecos/ecos_install/lib/libtarget.a(language_c_libc_stream.o)
 .debug_aranges
                0x0000b238       0x30 /cygdrive/Z/ZOT716U2W_SDK_0.01/ecos/ecos_install/lib/libtarget.a(language_c_libc_vsnprintf.o)
 .debug_aranges
                0x0000b268       0x28 /cygdrive/Z/ZOT716U2W_SDK_0.01/ecos/ecos_install/lib/libtarget.a(language_c_libc_fprintf.o)
 .debug_aranges
                0x0000b290       0x30 /cygdrive/Z/ZOT716U2W_SDK_0.01/ecos/ecos_install/lib/libtarget.a(language_c_libc_fputc.o)
 .debug_aranges
                0x0000b2c0       0x28 /cygdrive/Z/ZOT716U2W_SDK_0.01/ecos/ecos_install/lib/libtarget.a(language_c_libc_fputs.o)
 .debug_aranges
                0x0000b2e8       0x28 /cygdrive/Z/ZOT716U2W_SDK_0.01/ecos/ecos_install/lib/libtarget.a(language_c_libc_printf.o)
 .debug_aranges
                0x0000b310       0x30 /cygdrive/Z/ZOT716U2W_SDK_0.01/ecos/ecos_install/lib/libtarget.a(language_c_libc_vfnprintf.o)
 .debug_aranges
                0x0000b340       0x28 /cygdrive/Z/ZOT716U2W_SDK_0.01/ecos/ecos_install/lib/libtarget.a(language_c_libc_atoi.o)
 .debug_aranges
                0x0000b368       0x28 /cygdrive/Z/ZOT716U2W_SDK_0.01/ecos/ecos_install/lib/libtarget.a(language_c_libc_atol.o)
 .debug_aranges
                0x0000b390       0x60 /cygdrive/Z/ZOT716U2W_SDK_0.01/ecos/ecos_install/lib/libtarget.a(language_c_libc_malloc.o)
 .debug_aranges
                0x0000b3f0       0x28 /cygdrive/Z/ZOT716U2W_SDK_0.01/ecos/ecos_install/lib/libtarget.a(language_c_libc_qsort.o)
 .debug_aranges
                0x0000b418       0x38 /cygdrive/Z/ZOT716U2W_SDK_0.01/ecos/ecos_install/lib/libtarget.a(language_c_libc_rand.o)
 .debug_aranges
                0x0000b450       0x28 /cygdrive/Z/ZOT716U2W_SDK_0.01/ecos/ecos_install/lib/libtarget.a(language_c_libc_strtol.o)
 .debug_aranges
                0x0000b478       0x28 /cygdrive/Z/ZOT716U2W_SDK_0.01/ecos/ecos_install/lib/libtarget.a(language_c_libc_memchr.o)
 .debug_aranges
                0x0000b4a0       0x28 /cygdrive/Z/ZOT716U2W_SDK_0.01/ecos/ecos_install/lib/libtarget.a(language_c_libc_memcmp.o)
 .debug_aranges
                0x0000b4c8       0x28 /cygdrive/Z/ZOT716U2W_SDK_0.01/ecos/ecos_install/lib/libtarget.a(language_c_libc_memmove.o)
 .debug_aranges
                0x0000b4f0       0x28 /cygdrive/Z/ZOT716U2W_SDK_0.01/ecos/ecos_install/lib/libtarget.a(language_c_libc_strcat.o)
 .debug_aranges
                0x0000b518       0x28 /cygdrive/Z/ZOT716U2W_SDK_0.01/ecos/ecos_install/lib/libtarget.a(language_c_libc_strchr.o)
 .debug_aranges
                0x0000b540       0x28 /cygdrive/Z/ZOT716U2W_SDK_0.01/ecos/ecos_install/lib/libtarget.a(language_c_libc_strcmp.o)
 .debug_aranges
                0x0000b568       0x28 /cygdrive/Z/ZOT716U2W_SDK_0.01/ecos/ecos_install/lib/libtarget.a(language_c_libc_strcpy.o)
 .debug_aranges
                0x0000b590       0x28 /cygdrive/Z/ZOT716U2W_SDK_0.01/ecos/ecos_install/lib/libtarget.a(language_c_libc_strlen.o)
 .debug_aranges
                0x0000b5b8       0x28 /cygdrive/Z/ZOT716U2W_SDK_0.01/ecos/ecos_install/lib/libtarget.a(language_c_libc_strncmp.o)
 .debug_aranges
                0x0000b5e0       0x28 /cygdrive/Z/ZOT716U2W_SDK_0.01/ecos/ecos_install/lib/libtarget.a(language_c_libc_strncpy.o)
 .debug_aranges
                0x0000b608       0x28 /cygdrive/Z/ZOT716U2W_SDK_0.01/ecos/ecos_install/lib/libtarget.a(language_c_libc_strpbrk.o)
 .debug_aranges
                0x0000b630       0x28 /cygdrive/Z/ZOT716U2W_SDK_0.01/ecos/ecos_install/lib/libtarget.a(language_c_libc_strrchr.o)
 .debug_aranges
                0x0000b658       0x28 /cygdrive/Z/ZOT716U2W_SDK_0.01/ecos/ecos_install/lib/libtarget.a(language_c_libc_strspn.o)
 .debug_aranges
                0x0000b680       0x28 /cygdrive/Z/ZOT716U2W_SDK_0.01/ecos/ecos_install/lib/libtarget.a(language_c_libc_strstr.o)
 .debug_aranges
                0x0000b6a8       0x30 /cygdrive/Z/ZOT716U2W_SDK_0.01/ecos/ecos_install/lib/libtarget.a(language_c_libc_strtok.o)
 .debug_aranges
                0x0000b6d8       0x28 /cygdrive/Z/ZOT716U2W_SDK_0.01/ecos/ecos_install/lib/libtarget.a(language_c_libc_ctime.o)
 .debug_aranges
                0x0000b700       0x28 /cygdrive/Z/ZOT716U2W_SDK_0.01/ecos/ecos_install/lib/libtarget.a(language_c_libc_localtime.o)
 .debug_aranges
                0x0000b728       0x28 /cygdrive/Z/ZOT716U2W_SDK_0.01/ecos/ecos_install/lib/libtarget.a(language_c_libc_localtime_r.o)
 .debug_aranges
                0x0000b750       0x28 /cygdrive/Z/ZOT716U2W_SDK_0.01/ecos/ecos_install/lib/libtarget.a(language_c_libc_time.o)
 .debug_aranges
                0x0000b778       0x40 /cygdrive/Z/ZOT716U2W_SDK_0.01/ecos/ecos_install/lib/libtarget.a(language_c_libc_timeutil.o)
 .debug_aranges
                0x0000b7b8       0x48 /cygdrive/Z/ZOT716U2W_SDK_0.01/ecos/ecos_install/lib/libtarget.a(devs_wallclock_emulate.o)
 .debug_aranges
                0x0000b800       0x28 /cygdrive/Z/ZOT716U2W_SDK_0.01/ecos/ecos_install/lib/libtarget.a(error_strerror.o)
 .debug_aranges
                0x0000b828       0x50 /cygdrive/Z/ZOT716U2W_SDK_0.01/ecos/ecos_install/lib/libtarget.a(hal_arm_arch_hal_misc.o)
 .debug_aranges
                0x0000b878       0xa0 /cygdrive/Z/ZOT716U2W_SDK_0.01/ecos/ecos_install/lib/libtarget.a(hal_arm_zot716u2_zot716u2_misc.o)
 .debug_aranges
                0x0000b918       0x48 /cygdrive/Z/ZOT716U2W_SDK_0.01/ecos/ecos_install/lib/libtarget.a(hal_arm_zot716u2_hal_diag.o)
 .debug_aranges
                0x0000b960       0x30 /cygdrive/Z/ZOT716U2W_SDK_0.01/ecos/ecos_install/lib/libtarget.a(infra_delete.o)
 .debug_aranges
                0x0000b990       0xd0 /cygdrive/Z/ZOT716U2W_SDK_0.01/ecos/ecos_install/lib/libtarget.a(kernel_clock.o)
 .debug_aranges
                0x0000ba60       0x28 /cygdrive/Z/ZOT716U2W_SDK_0.01/ecos/ecos_install/lib/libtarget.a(language_c_libc_setvbuf.o)
 .debug_aranges
                0x0000ba88       0x38 /cygdrive/Z/ZOT716U2W_SDK_0.01/ecos/ecos_install/lib/libtarget.a(language_c_libc_stderr.o)
 .debug_aranges
                0x0000bac0       0x28 /cygdrive/Z/ZOT716U2W_SDK_0.01/ecos/ecos_install/lib/libtarget.a(language_c_libc_stdiosupp.o)
 .debug_aranges
                0x0000bae8       0x28 /cygdrive/Z/ZOT716U2W_SDK_0.01/ecos/ecos_install/lib/libtarget.a(language_c_libc_div.o)
 .debug_aranges
                0x0000bb10       0x28 /cygdrive/Z/ZOT716U2W_SDK_0.01/ecos/ecos_install/lib/libtarget.a(language_c_libc_asctime.o)
 .debug_aranges
                0x0000bb38       0x28 /cygdrive/Z/ZOT716U2W_SDK_0.01/ecos/ecos_install/lib/libtarget.a(language_c_libc_asctime_r.o)
 .debug_aranges
                0x0000bb60       0x28 /cygdrive/Z/ZOT716U2W_SDK_0.01/ecos/ecos_install/lib/libtarget.a(language_c_libc_gmtime_r.o)
 .debug_aranges
                0x0000bb88       0x28 /cygdrive/Z/ZOT716U2W_SDK_0.01/ecos/ecos_install/lib/libtarget.a(language_c_libc_itoa.o)
 .debug_aranges
                0x0000bbb0       0x20 /tools/H-i686-pc-cygwin/lib/gcc-lib/arm-elf/2.95.2/libgcc.a(_udivdi3.o)
 .debug_aranges
                0x0000bbd0       0x20 /tools/H-i686-pc-cygwin/lib/gcc-lib/arm-elf/2.95.2/libgcc.a(_umoddi3.o)

.debug_pubnames
                0x00000000    0x1695e
 *(.debug_pubnames)
 .debug_pubnames
                0x00000000       0x49 /cygdrive/Z/ZOT716U2W_SDK_0.01/prod/zot716u2w/build/obj/zotmain.o
 .debug_pubnames
                0x00000049      0x21f ./lib/mac.a(star_nic.o)
 .debug_pubnames
                0x00000268      0x4fd ./lib/usb_host.a(usb.o)
 .debug_pubnames
                0x00000765       0xfe ./lib/usb_host.a(hub.o)
 .debug_pubnames
                0x00000863      0x167 ./lib/usb_host.a(printer.o)
 .debug_pubnames
                0x000009ca       0xbb ./lib/usb_host.a(ehcihcd.o)
 .debug_pubnames
                0x00000a85       0x40 ./lib/usb_host.a(ehcihub.o)
 .debug_pubnames
                0x00000ac5       0xdd ./lib/usb_host.a(ehcimem.o)
 .debug_pubnames
                0x00000ba2       0xb9 ./lib/usb_host.a(ehciq.o)
 .debug_pubnames
                0x00000c5b       0x57 ./lib/usb_host.a(ehcische.o)
 .debug_pubnames
                0x00000cb2      0x188 ./lib/usb_host.a(u2hcd.o)
 .debug_pubnames
                0x00000e3a      0x167 ./lib/usb_host.a(ohci.o)
 .debug_pubnames
                0x00000fa1      0x123 ./lib/usb_host.a(usbnet.o)
 .debug_pubnames
                0x000010c4       0x21 ./lib/usb_host.a(hp1020.o)
 .debug_pubnames
                0x000010e5      0x1e2 ./lib/psglobal.a(psmain.o)
 .debug_pubnames
                0x000012c7      0x366 ./lib/psglobal.a(eeprom.o)
 .debug_pubnames
                0x0000162d      0x1e7 ./lib/psglobal.a(rwflash.o)
 .debug_pubnames
                0x00001814      0x11c ./lib/psglobal.a(led.o)
 .debug_pubnames
                0x00001930      0x27e ./lib/psglobal.a(pkdriver.o)
 .debug_pubnames
                0x00001bae       0x83 ./lib/psglobal.a(io.o)
 .debug_pubnames
                0x00001c31       0x96 ./lib/psglobal.a(spiflash.o)
 .debug_pubnames
                0x00001cc7       0x1c ./lib/psglobal.a(crc32.o)
 .debug_pubnames
                0x00001ce3       0x3b ./lib/psglobal.a(pm.o)
 .debug_pubnames
                0x00001d1e       0x93 ./lib/psglobal.a(bridge.o)
 .debug_pubnames
                0x00001db1       0x45 ./lib/http_zot.a(endmark.o)
 .debug_pubnames
                0x00001df6      0x447 ./lib/http_zot.a(httpd.o)
 .debug_pubnames
                0x0000223d       0x98 ./lib/http_zot.a(http_constant.o)
 .debug_pubnames
                0x000022d5       0x20 ./lib/http_zot.a(gmtime.o)
 .debug_pubnames
                0x000022f5       0x50 ./lib/http_zot.a(pfs.o)
 .debug_pubnames
                0x00002345      0x119 ./lib/ipxbeui.a(ipx.o)
 .debug_pubnames
                0x0000245e       0x72 ./lib/ipxbeui.a(netbeui.o)
 .debug_pubnames
                0x000024d0       0xd4 ./lib/ntps.a(ntps.o)
 .debug_pubnames
                0x000025a4       0xc5 ./lib/ntps.a(ntudp.o)
 .debug_pubnames
                0x00002669       0xe8 ./lib/ntps.a(ntutil.o)
 .debug_pubnames
                0x00002751      0x5f0 ./lib/ntps.a(ntipxbeui.o)
 .debug_pubnames
                0x00002d41      0x1fb ./lib/spooler.a(prnport.o)
 .debug_pubnames
                0x00002f3c      0x1dd ./lib/spooler.a(prnqueue.o)
 .debug_pubnames
                0x00003119      0x567 ./lib/novell.a(nps3.o)
 .debug_pubnames
                0x00003680       0x4c ./lib/novell.a(banner.o)
 .debug_pubnames
                0x000036cc       0x4e ./lib/nds.a(nwcrypt.o)
 .debug_pubnames
                0x0000371a      0x1ed ./lib/nds.a(ndsqueue.o)
 .debug_pubnames
                0x00003907      0x154 ./lib/nds.a(ndsmain.o)
 .debug_pubnames
                0x00003a5b      0x25e ./lib/nds.a(ndslogin.o)
 .debug_pubnames
                0x00003cb9      0x1b4 ./lib/nds.a(mpilib.o)
 .debug_pubnames
                0x00003e6d       0x9c ./lib/nds.a(ndscrypt.o)
 .debug_pubnames
                0x00003f09       0xba ./lib/lpd.a(lpd.o)
 .debug_pubnames
                0x00003fc3       0x1e ./lib/rawtcpd.a(rawtcpd.o)
 .debug_pubnames
                0x00003fe1       0xac ./lib/ippd.a(ippd.o)
 .debug_pubnames
                0x0000408d       0x4f ./lib/ippd.a(ippd_constant.o)
 .debug_pubnames
                0x000040dc       0x1e ./lib/smbd.a(smbinit.o)
 .debug_pubnames
                0x000040fa       0x9c ./lib/smbd.a(nmbd.o)
 .debug_pubnames
                0x00004196       0x3d ./lib/smbd.a(server.o)
 .debug_pubnames
                0x000041d3       0xb1 ./lib/smbd.a(n_packet.o)
 .debug_pubnames
                0x00004284       0x86 ./lib/smbd.a(intface.o)
 .debug_pubnames
                0x0000430a       0x7e ./lib/smbd.a(nmblib.o)
 .debug_pubnames
                0x00004388       0xdd ./lib/smbd.a(utilsock.o)
 .debug_pubnames
                0x00004465       0x2f ./lib/smbd.a(n_ann.o)
 .debug_pubnames
                0x00004494       0xb1 ./lib/smbd.a(n_name.o)
 .debug_pubnames
                0x00004545       0x35 ./lib/smbd.a(n_reg.o)
 .debug_pubnames
                0x0000457a       0x5e ./lib/smbd.a(n_req.o)
 .debug_pubnames
                0x000045d8       0x7b ./lib/smbd.a(n_subnet.o)
 .debug_pubnames
                0x00004653       0x8f ./lib/smbd.a(unistr.o)
 .debug_pubnames
                0x000046e2       0xcc ./lib/smbd.a(conn.o)
 .debug_pubnames
                0x000047ae       0xc6 ./lib/smbd.a(process.o)
 .debug_pubnames
                0x00004874       0x62 ./lib/smbd.a(nttrans.o)
 .debug_pubnames
                0x000048d6       0xc1 ./lib/smbd.a(pipes.o)
 .debug_pubnames
                0x00004997      0x131 ./lib/smbd.a(srvpipe.o)
 .debug_pubnames
                0x00004ac8      0x150 ./lib/smbd.a(parserpc.o)
 .debug_pubnames
                0x00004c18      0x19d ./lib/smbd.a(parseprs.o)
 .debug_pubnames
                0x00004db5       0x5e ./lib/smbd.a(spipe.o)
 .debug_pubnames
                0x00004e13      0x1ca ./lib/smbd.a(reply.o)
 .debug_pubnames
                0x00004fdd       0x36 ./lib/smbd.a(srvwksvc.o)
 .debug_pubnames
                0x00005013       0x36 ./lib/smbd.a(srvsvc.o)
 .debug_pubnames
                0x00005049       0x22 ./lib/smbd.a(srvreg.o)
 .debug_pubnames
                0x0000506b       0x8c ./lib/smbd.a(parsewks.o)
 .debug_pubnames
                0x000050f7      0x120 ./lib/smbd.a(parsemis.o)
 .debug_pubnames
                0x00005217      0x196 ./lib/smbd.a(parsesrv.o)
 .debug_pubnames
                0x000053ad       0x2d ./lib/smbd.a(util_hnd.o)
 .debug_pubnames
                0x000053da       0x4a ./lib/smbd.a(parsereg.o)
 .debug_pubnames
                0x00005424       0x48 ./lib/smbd.a(ipc.o)
 .debug_pubnames
                0x0000546c      0x14e ./lib/smbd.a(smbutil.o)
 .debug_pubnames
                0x000055ba       0x24 ./lib/smbd.a(negprot.o)
 .debug_pubnames
                0x000055de       0xe7 ./lib/telnet.a(telserv.o)
 .debug_pubnames
                0x000056c5      0x5a2 ./lib/telnet.a(telutil.o)
 .debug_pubnames
                0x00005c67      0x3f6 ./lib/telnet.a(menu.o)
 .debug_pubnames
                0x0000605d      0x14c ./lib/tftp_zot.a(tftpd.o)
 .debug_pubnames
                0x000061a9       0x90 ./lib/tcpip.a(etharp.o)
 .debug_pubnames
                0x00006239      0x174 ./lib/tcpip.a(tcpip.o)
 .debug_pubnames
                0x000063ad       0x57 ./lib/tcpip.a(ip.o)
 .debug_pubnames
                0x00006404       0x37 ./lib/tcpip.a(icmp.o)
 .debug_pubnames
                0x0000643b       0x50 ./lib/tcpip.a(ip_addr.o)
 .debug_pubnames
                0x0000648b       0x2b ./lib/tcpip.a(ip_frag.o)
 .debug_pubnames
                0x000064b6      0x189 ./lib/tcpip.a(sockets.o)
 .debug_pubnames
                0x0000663f      0x258 ./lib/tcpip.a(api_lib.o)
 .debug_pubnames
                0x00006897       0x35 ./lib/tcpip.a(api_msg.o)
 .debug_pubnames
                0x000068cc       0x5c ./lib/tcpip.a(mem.o)
 .debug_pubnames
                0x00006928       0x3e ./lib/tcpip.a(memp.o)
 .debug_pubnames
                0x00006966       0x96 ./lib/tcpip.a(sys.o)
 .debug_pubnames
                0x000069fc       0xd4 ./lib/tcpip.a(pbuf.o)
 .debug_pubnames
                0x00006ad0       0x30 ./lib/tcpip.a(stats.o)
 .debug_pubnames
                0x00006b00       0x8e ./lib/tcpip.a(raw.o)
 .debug_pubnames
                0x00006b8e       0xae ./lib/tcpip.a(udp.o)
 .debug_pubnames
                0x00006c3c      0x1ea ./lib/tcpip.a(tcp.o)
 .debug_pubnames
                0x00006e26       0x32 ./lib/tcpip.a(tcp_in.o)
 .debug_pubnames
                0x00006e58       0x91 ./lib/tcpip.a(tcp_out.o)
 .debug_pubnames
                0x00006ee9       0xfe ./lib/tcpip.a(dhcp.o)
 .debug_pubnames
                0x00006fe7      0x109 ./lib/tcpip.a(netif.o)
 .debug_pubnames
                0x000070f0       0xba ./lib/tcpip.a(inet.o)
 .debug_pubnames
                0x000071aa      0x123 ./lib/tcpip.a(sys_arch.o)
 .debug_pubnames
                0x000072cd       0xd9 ./lib/atalk.a(ddp.o)
 .debug_pubnames
                0x000073a6       0xc9 ./lib/atalk.a(aarp.o)
 .debug_pubnames
                0x0000746f       0x3f ./lib/atalk.a(aep.o)
 .debug_pubnames
                0x000074ae       0x9e ./lib/atalk.a(nbp.o)
 .debug_pubnames
                0x0000754c       0x51 ./lib/atalk.a(atalkd.o)
 .debug_pubnames
                0x0000759d       0x48 ./lib/atalk.a(zip.o)
 .debug_pubnames
                0x000075e5       0x4f ./lib/atalk.a(file.o)
 .debug_pubnames
                0x00007634       0x9e ./lib/atalk.a(papd.o)
 .debug_pubnames
                0x000076d2      0x141 ./lib/atalk.a(socket2.o)
 .debug_pubnames
                0x00007813       0x72 ./lib/atalk.a(ddpsock.o)
 .debug_pubnames
                0x00007885       0x2f ./lib/atalk.a(atp_open.o)
 .debug_pubnames
                0x000078b4       0x30 ./lib/atalk.a(atp_clos.o)
 .debug_pubnames
                0x000078e4       0x65 ./lib/atalk.a(atp_bufs.o)
 .debug_pubnames
                0x00007949       0x42 ./lib/atalk.a(atp_rsel.o)
 .debug_pubnames
                0x0000798b       0x2f ./lib/atalk.a(atp_rreq.o)
 .debug_pubnames
                0x000079ba       0x30 ./lib/atalk.a(atp_srsp.o)
 .debug_pubnames
                0x000079ea       0x32 ./lib/atalk.a(session.o)
 .debug_pubnames
                0x00007a1c       0x69 ./lib/atalk.a(atp_pkt.o)
 .debug_pubnames
                0x00007a85       0x30 ./lib/atalk.a(atp_rrsp.o)
 .debug_pubnames
                0x00007ab5       0x2f ./lib/atalk.a(atp_sreq.o)
 .debug_pubnames
                0x00007ae4       0x74 ./lib/atalk.a(magics.o)
 .debug_pubnames
                0x00007b58       0x78 ./lib/atalk.a(comment.o)
 .debug_pubnames
                0x00007bd0       0x69 ./lib/atalk.a(queries.o)
 .debug_pubnames
                0x00007c39       0xa0 ./lib/atalk.a(paprint.o)
 .debug_pubnames
                0x00007cd9       0x4c ./lib/snmp.a(snmpd.o)
 .debug_pubnames
                0x00007d25       0x23 ./lib/snmp.a(mibmodl.o)
 .debug_pubnames
                0x00007d48       0xea ./lib/snmp.a(snmpaget.o)
 .debug_pubnames
                0x00007e32      0x14c ./lib/snmp.a(asn1.o)
 .debug_pubnames
                0x00007f7e       0x3e ./lib/snmp.a(snmp.o)
 .debug_pubnames
                0x00007fbc      0x1ec ./lib/snmp.a(snmp_api.o)
 .debug_pubnames
                0x000081a8      0x711 ./lib/snmp.a(snmpvars.o)
 .debug_pubnames
                0x000088b9       0x35 ./lib/snmp.a(snmptrap.o)
 .debug_pubnames
                0x000088ee       0x83 ./lib/psutility.a(joblog.o)
 .debug_pubnames
                0x00008971       0xc7 ./lib/psutility.a(alert.o)
 .debug_pubnames
                0x00008a38       0xb6 ./lib/psutility.a(kmalloc.o)
 .debug_pubnames
                0x00008aee       0xed ./lib/uart.a(serial.o)
 .debug_pubnames
                0x00008bdb      0x364 ./lib/mtk7601.a(mtk7601_dep.o)
 .debug_pubnames
                0x00008f3f      0x6d2 ./lib/mtk7601.a(rt_ate.o)
 .debug_pubnames
                0x00009611      0x7a1 ./lib/mtk7601.a(rt_linux.o)
 .debug_pubnames
                0x00009db2      0x150 ./lib/mtk7601.a(rt_main_dev.o)
 .debug_pubnames
                0x00009f02       0xe2 ./lib/mtk7601.a(rt_profile.o)
 .debug_pubnames
                0x00009fe4      0x266 ./lib/mtk7601.a(rtmp_data.o)
 .debug_pubnames
                0x0000a24a      0x316 ./lib/mtk7601.a(rtmp_init.o)
 .debug_pubnames
                0x0000a560       0x70 ./lib/mtk7601.a(rtmp_init_inf.)
 .debug_pubnames
                0x0000a5d0       0x97 ./lib/mtk7601.a(rtmp_mac.o)
 .debug_pubnames
                0x0000a667       0x4a ./lib/mtk7601.a(rtmp_mcu.o)
 .debug_pubnames
                0x0000a6b1      0x188 ./lib/mtk7601.a(rtmp_phy.o)
 .debug_pubnames
                0x0000a839      0x43d ./lib/mtk7601.a(rtmp_timer.o)
 .debug_pubnames
                0x0000ac76      0x126 ./lib/mtk7601.a(rt_qa.o)
 .debug_pubnames
                0x0000ad9c       0x86 ./lib/mtk7601.a(rt_usb.o)
 .debug_pubnames
                0x0000ae22      0x2ad ./lib/mtk7601.a(rtusb_bulk.o)
 .debug_pubnames
                0x0000b0cf      0x257 ./lib/mtk7601.a(rtusb_io.o)
 .debug_pubnames
                0x0000b326      0x21c ./lib/mtk7601.a(spectrum.o)
 .debug_pubnames
                0x0000b542      0x33e ./lib/mtk7601.a(sta_ioctl.o)
 .debug_pubnames
                0x0000b880      0x2b3 ./lib/mtk7601.a(sta_iwsc.o)
 .debug_pubnames
                0x0000bb33      0x1f8 ./lib/mtk7601.a(sync.o)
 .debug_pubnames
                0x0000bd2b       0xd5 ./lib/mtk7601.a(txpower.o)
 .debug_pubnames
                0x0000be00       0x5f ./lib/mtk7601.a(usb_main_dev.o)
 .debug_pubnames
                0x0000be5f       0xd9 ./lib/mtk7601.a(wpa.o)
 .debug_pubnames
                0x0000bf38      0x7a5 ./lib/mtk7601.a(wsc.o)
 .debug_pubnames
                0x0000c6dd      0x492 ./lib/mtk7601.a(wlanif.o)
 .debug_pubnames
                0x0000cb6f       0x7d ./lib/mtk7601.a(mgmt_entrytb.o)
 .debug_pubnames
                0x0000cbec       0x96 ./lib/mtk7601.a(cmm_sync.o)
 .debug_pubnames
                0x0000cc82      0x12d ./lib/mtk7601.a(rt_os_util.o)
 .debug_pubnames
                0x0000cdaf       0xe0 ./lib/mtk7601.a(mgmt_ht.o)
 .debug_pubnames
                0x0000ce8f      0x1dc ./lib/mtk7601.a(wsc_tlv.o)
 .debug_pubnames
                0x0000d06b       0xb0 ./lib/mtk7601.a(ps.o)
 .debug_pubnames
                0x0000d11b      0x2f7 ./lib/mtk7601.a(ra_ctrl.o)
 .debug_pubnames
                0x0000d412       0x7c ./lib/mtk7601.a(wsc_v2.o)
 .debug_pubnames
                0x0000d48e      0x135 ./lib/mtk7601.a(rt_usb_util.o)
 .debug_pubnames
                0x0000d5c3       0x67 ./lib/mtk7601.a(alg_legacy.o)
 .debug_pubnames
                0x0000d62a       0x38 ./lib/mtk7601.a(rtusb_dev_id.o)
 .debug_pubnames
                0x0000d662      0x1a2 ./lib/mtk7601.a(cmm_wpa_adhoc.o)
 .debug_pubnames
                0x0000d804      0x149 ./lib/mtk7601.a(action.o)
 .debug_pubnames
                0x0000d94d      0x1ff ./lib/mtk7601.a(assoc.o)
 .debug_pubnames
                0x0000db4c       0xda ./lib/mtk7601.a(ate_usb.o)
 .debug_pubnames
                0x0000dc26       0xf3 ./lib/mtk7601.a(auth.o)
 .debug_pubnames
                0x0000dd19      0x329 ./lib/mtk7601.a(ba_action.o)
 .debug_pubnames
                0x0000e042      0x369 ./lib/mtk7601.a(cmm_asic.o)
 .debug_pubnames
                0x0000e3ab      0x217 ./lib/mtk7601.a(cmm_cfg.o)
 .debug_pubnames
                0x0000e5c2       0x57 ./lib/mtk7601.a(cmm_cmd.o)
 .debug_pubnames
                0x0000e619      0x372 ./lib/mtk7601.a(cmm_data.o)
 .debug_pubnames
                0x0000e98b      0x22e ./lib/mtk7601.a(cmm_data_usb.o)
 .debug_pubnames
                0x0000ebb9      0xac0 ./lib/mtk7601.a(cmm_info.o)
 .debug_pubnames
                0x0000f679      0x1f5 ./lib/mtk7601.a(cmm_mac_usb.o)
 .debug_pubnames
                0x0000f86e      0x1d5 ./lib/mtk7601.a(cmm_profile.o)
 .debug_pubnames
                0x0000fa43       0x9b ./lib/mtk7601.a(cmm_radar.o)
 .debug_pubnames
                0x0000fade      0x19e ./lib/mtk7601.a(cmm_sanity.o)
 .debug_pubnames
                0x0000fc7c      0x176 ./lib/mtk7601.a(cmm_tkip.o)
 .debug_pubnames
                0x0000fdf2       0x92 ./lib/mtk7601.a(cmm_wep.o)
 .debug_pubnames
                0x0000fe84      0x4f3 ./lib/mtk7601.a(cmm_wpa.o)
 .debug_pubnames
                0x00010377      0x2db ./lib/mtk7601.a(connect.o)
 .debug_pubnames
                0x00010652       0xfd ./lib/mtk7601.a(crypt_aes.o)
 .debug_pubnames
                0x0001074f       0x4c ./lib/mtk7601.a(crypt_arc4.o)
 .debug_pubnames
                0x0001079b       0x46 ./lib/mtk7601.a(crypt_dh.o)
 .debug_pubnames
                0x000107e1       0x46 ./lib/mtk7601.a(crypt_hmac.o)
 .debug_pubnames
                0x00010827       0x5e ./lib/mtk7601.a(crypt_md5.o)
 .debug_pubnames
                0x00010885       0xbe ./lib/mtk7601.a(crypt_sha2.o)
 .debug_pubnames
                0x00010943      0x1bf ./lib/mtk7601.a(ee_efuse.o)
 .debug_pubnames
                0x00010b02       0x2c ./lib/mtk7601.a(rt_eeprom.o)
 .debug_pubnames
                0x00010b2e       0xd6 ./lib/mtk7601.a(frq_cal.o)
 .debug_pubnames
                0x00010c04      0x85a ./lib/mtk7601.a(mlme.o)
 .debug_pubnames
                0x0001145e      0x167 ./lib/mtk7601.a(mt7601_ate.o)
 .debug_pubnames
                0x000115c5      0x4e8 ./lib/mtk7601.a(mt7601.o)
 .debug_pubnames
                0x00011aad       0x5f ./lib/mtk7601.a(ral_omac.o)
 .debug_pubnames
                0x00011b0c       0x33 ./lib/mtk7601.a(rlt_rf.o)
 .debug_pubnames
                0x00011b3f      0x5b5 ./lib/mtk7601.a(rt_channel.o)
 .debug_pubnames
                0x000120f4      0x241 ./lib/mtk7601.a(rtmp_and.o)
 .debug_pubnames
                0x00012335      0x14e ./lib/mtk7601.a(rtmp_chip.o)
 .debug_pubnames
                0x00012483       0xc3 ./lib/mtk7601.a(rtmp_M51.o)
 .debug_pubnames
                0x00012546       0x4e ./lib/mtk7601.a(sanity.o)
 .debug_pubnames
                0x00012594       0x36 ./lib/mtk7601.a(scan.o)
 .debug_pubnames
                0x000125ca      0x852 ./lib/mtk7601.a(sta_cfg.o)
 .debug_pubnames
                0x00012e1c       0x63 ./lib/mtk7601.a(auth_rsp.o)
 .debug_pubnames
                0x00012e7f      0x1ab ./lib/mtk7601.a(cmm_aes.o)
 .debug_pubnames
                0x0001302a      0x1f8 ./lib/mtk7601.a(crypt_biginteger.o)
 .debug_pubnames
                0x00013222      0x10b /cygdrive/Z/ZOT716U2W_SDK_0.01/ecos/ecos_install/lib/extras.o
 .debug_pubnames
                0x0001332d       0x20 /cygdrive/Z/ZOT716U2W_SDK_0.01/ecos/ecos_install/lib/libtarget.a(infra_startup.o)
 .debug_pubnames
                0x0001334d       0x23 /cygdrive/Z/ZOT716U2W_SDK_0.01/ecos/ecos_install/lib/libtarget.a(infra_prestart.o)
 .debug_pubnames
                0x00013370       0x28 /cygdrive/Z/ZOT716U2W_SDK_0.01/ecos/ecos_install/lib/libtarget.a(infra_pkgstart.o)
 .debug_pubnames
                0x00013398       0xb6 /cygdrive/Z/ZOT716U2W_SDK_0.01/ecos/ecos_install/lib/libtarget.a(infra_diag.o)
 .debug_pubnames
                0x0001344e       0x1e /cygdrive/Z/ZOT716U2W_SDK_0.01/ecos/ecos_install/lib/libtarget.a(infra_memcpy.o)
 .debug_pubnames
                0x0001346c       0x1e /cygdrive/Z/ZOT716U2W_SDK_0.01/ecos/ecos_install/lib/libtarget.a(infra_memset.o)
 .debug_pubnames
                0x0001348a      0xaa6 /cygdrive/Z/ZOT716U2W_SDK_0.01/ecos/ecos_install/lib/libtarget.a(kernel_kapi.o)
 .debug_pubnames
                0x00013f30      0x2ce /cygdrive/Z/ZOT716U2W_SDK_0.01/ecos/ecos_install/lib/libtarget.a(kernel_thread.o)
 .debug_pubnames
                0x000141fe      0x10b /cygdrive/Z/ZOT716U2W_SDK_0.01/ecos/ecos_install/lib/libtarget.a(kernel_except.o)
 .debug_pubnames
                0x00014309      0x25d /cygdrive/Z/ZOT716U2W_SDK_0.01/ecos/ecos_install/lib/libtarget.a(kernel_intr.o)
 .debug_pubnames
                0x00014566      0x4b1 /cygdrive/Z/ZOT716U2W_SDK_0.01/ecos/ecos_install/lib/libtarget.a(kernel_memfixed.o)
 .debug_pubnames
                0x00014a17      0x550 /cygdrive/Z/ZOT716U2W_SDK_0.01/ecos/ecos_install/lib/libtarget.a(kernel_memvar.o)
 .debug_pubnames
                0x00014f67      0x400 /cygdrive/Z/ZOT716U2W_SDK_0.01/ecos/ecos_install/lib/libtarget.a(kernel_mlqueue.o)
 .debug_pubnames
                0x00015367       0xe3 /cygdrive/Z/ZOT716U2W_SDK_0.01/ecos/ecos_install/lib/libtarget.a(kernel_sched.o)
 .debug_pubnames
                0x0001544a      0x121 /cygdrive/Z/ZOT716U2W_SDK_0.01/ecos/ecos_install/lib/libtarget.a(kernel_cnt_sem.o)
 .debug_pubnames
                0x0001556b       0xa7 /cygdrive/Z/ZOT716U2W_SDK_0.01/ecos/ecos_install/lib/libtarget.a(kernel_flag.o)
 .debug_pubnames
                0x00015612      0x1fd /cygdrive/Z/ZOT716U2W_SDK_0.01/ecos/ecos_install/lib/libtarget.a(kernel_mbox.o)
 .debug_pubnames
                0x0001580f      0x18f /cygdrive/Z/ZOT716U2W_SDK_0.01/ecos/ecos_install/lib/libtarget.a(kernel_mutex.o)
 .debug_pubnames
                0x0001599e       0x1f /cygdrive/Z/ZOT716U2W_SDK_0.01/ecos/ecos_install/lib/libtarget.a(language_c_libc_isalnum.o)
 .debug_pubnames
                0x000159bd       0x1f /cygdrive/Z/ZOT716U2W_SDK_0.01/ecos/ecos_install/lib/libtarget.a(language_c_libc_isalpha.o)
 .debug_pubnames
                0x000159dc       0x1f /cygdrive/Z/ZOT716U2W_SDK_0.01/ecos/ecos_install/lib/libtarget.a(language_c_libc_isdigit.o)
 .debug_pubnames
                0x000159fb       0x1f /cygdrive/Z/ZOT716U2W_SDK_0.01/ecos/ecos_install/lib/libtarget.a(language_c_libc_islower.o)
 .debug_pubnames
                0x00015a1a       0x1f /cygdrive/Z/ZOT716U2W_SDK_0.01/ecos/ecos_install/lib/libtarget.a(language_c_libc_isprint.o)
 .debug_pubnames
                0x00015a39       0x1f /cygdrive/Z/ZOT716U2W_SDK_0.01/ecos/ecos_install/lib/libtarget.a(language_c_libc_isspace.o)
 .debug_pubnames
                0x00015a58       0x1f /cygdrive/Z/ZOT716U2W_SDK_0.01/ecos/ecos_install/lib/libtarget.a(language_c_libc_isupper.o)
 .debug_pubnames
                0x00015a77       0x20 /cygdrive/Z/ZOT716U2W_SDK_0.01/ecos/ecos_install/lib/libtarget.a(language_c_libc_isxdigit.o)
 .debug_pubnames
                0x00015a97       0x1f /cygdrive/Z/ZOT716U2W_SDK_0.01/ecos/ecos_install/lib/libtarget.a(language_c_libc_toupper.o)
 .debug_pubnames
                0x00015ab6       0x20 /cygdrive/Z/ZOT716U2W_SDK_0.01/ecos/ecos_install/lib/libtarget.a(language_c_libc_snprintf.o)
 .debug_pubnames
                0x00015ad6       0x1f /cygdrive/Z/ZOT716U2W_SDK_0.01/ecos/ecos_install/lib/libtarget.a(language_c_libc_sprintf.o)
 .debug_pubnames
                0x00015af5       0x5d /cygdrive/Z/ZOT716U2W_SDK_0.01/ecos/ecos_install/lib/libtarget.a(language_c_libc_stdioinlines.o)
 .debug_pubnames
                0x00015b52       0x2c /cygdrive/Z/ZOT716U2W_SDK_0.01/ecos/ecos_install/lib/libtarget.a(language_c_libc_stdout.o)
 .debug_pubnames
                0x00015b7e       0xfd /cygdrive/Z/ZOT716U2W_SDK_0.01/ecos/ecos_install/lib/libtarget.a(language_c_libc_stream.o)
 .debug_pubnames
                0x00015c7b       0x21 /cygdrive/Z/ZOT716U2W_SDK_0.01/ecos/ecos_install/lib/libtarget.a(language_c_libc_vsnprintf.o)
 .debug_pubnames
                0x00015c9c       0x1f /cygdrive/Z/ZOT716U2W_SDK_0.01/ecos/ecos_install/lib/libtarget.a(language_c_libc_fprintf.o)
 .debug_pubnames
                0x00015cbb       0x2c /cygdrive/Z/ZOT716U2W_SDK_0.01/ecos/ecos_install/lib/libtarget.a(language_c_libc_fputc.o)
 .debug_pubnames
                0x00015ce7       0x1d /cygdrive/Z/ZOT716U2W_SDK_0.01/ecos/ecos_install/lib/libtarget.a(language_c_libc_fputs.o)
 .debug_pubnames
                0x00015d04       0x1e /cygdrive/Z/ZOT716U2W_SDK_0.01/ecos/ecos_install/lib/libtarget.a(language_c_libc_printf.o)
 .debug_pubnames
                0x00015d22       0x21 /cygdrive/Z/ZOT716U2W_SDK_0.01/ecos/ecos_install/lib/libtarget.a(language_c_libc_vfnprintf.o)
 .debug_pubnames
                0x00015d43       0x1c /cygdrive/Z/ZOT716U2W_SDK_0.01/ecos/ecos_install/lib/libtarget.a(language_c_libc_atoi.o)
 .debug_pubnames
                0x00015d5f       0x1c /cygdrive/Z/ZOT716U2W_SDK_0.01/ecos/ecos_install/lib/libtarget.a(language_c_libc_atol.o)
 .debug_pubnames
                0x00015d7b       0x7d /cygdrive/Z/ZOT716U2W_SDK_0.01/ecos/ecos_install/lib/libtarget.a(language_c_libc_malloc.o)
 .debug_pubnames
                0x00015df8       0x1d /cygdrive/Z/ZOT716U2W_SDK_0.01/ecos/ecos_install/lib/libtarget.a(language_c_libc_qsort.o)
 .debug_pubnames
                0x00015e15       0x33 /cygdrive/Z/ZOT716U2W_SDK_0.01/ecos/ecos_install/lib/libtarget.a(language_c_libc_rand.o)
 .debug_pubnames
                0x00015e48       0x1e /cygdrive/Z/ZOT716U2W_SDK_0.01/ecos/ecos_install/lib/libtarget.a(language_c_libc_strtol.o)
 .debug_pubnames
                0x00015e66       0x1e /cygdrive/Z/ZOT716U2W_SDK_0.01/ecos/ecos_install/lib/libtarget.a(language_c_libc_memchr.o)
 .debug_pubnames
                0x00015e84       0x1e /cygdrive/Z/ZOT716U2W_SDK_0.01/ecos/ecos_install/lib/libtarget.a(language_c_libc_memcmp.o)
 .debug_pubnames
                0x00015ea2       0x1f /cygdrive/Z/ZOT716U2W_SDK_0.01/ecos/ecos_install/lib/libtarget.a(language_c_libc_memmove.o)
 .debug_pubnames
                0x00015ec1       0x1e /cygdrive/Z/ZOT716U2W_SDK_0.01/ecos/ecos_install/lib/libtarget.a(language_c_libc_strcat.o)
 .debug_pubnames
                0x00015edf       0x1e /cygdrive/Z/ZOT716U2W_SDK_0.01/ecos/ecos_install/lib/libtarget.a(language_c_libc_strchr.o)
 .debug_pubnames
                0x00015efd       0x1e /cygdrive/Z/ZOT716U2W_SDK_0.01/ecos/ecos_install/lib/libtarget.a(language_c_libc_strcmp.o)
 .debug_pubnames
                0x00015f1b       0x1e /cygdrive/Z/ZOT716U2W_SDK_0.01/ecos/ecos_install/lib/libtarget.a(language_c_libc_strcpy.o)
 .debug_pubnames
                0x00015f39       0x1e /cygdrive/Z/ZOT716U2W_SDK_0.01/ecos/ecos_install/lib/libtarget.a(language_c_libc_strlen.o)
 .debug_pubnames
                0x00015f57       0x1f /cygdrive/Z/ZOT716U2W_SDK_0.01/ecos/ecos_install/lib/libtarget.a(language_c_libc_strncmp.o)
 .debug_pubnames
                0x00015f76       0x1f /cygdrive/Z/ZOT716U2W_SDK_0.01/ecos/ecos_install/lib/libtarget.a(language_c_libc_strncpy.o)
 .debug_pubnames
                0x00015f95       0x1f /cygdrive/Z/ZOT716U2W_SDK_0.01/ecos/ecos_install/lib/libtarget.a(language_c_libc_strpbrk.o)
 .debug_pubnames
                0x00015fb4       0x1f /cygdrive/Z/ZOT716U2W_SDK_0.01/ecos/ecos_install/lib/libtarget.a(language_c_libc_strrchr.o)
 .debug_pubnames
                0x00015fd3       0x1e /cygdrive/Z/ZOT716U2W_SDK_0.01/ecos/ecos_install/lib/libtarget.a(language_c_libc_strspn.o)
 .debug_pubnames
                0x00015ff1       0x1e /cygdrive/Z/ZOT716U2W_SDK_0.01/ecos/ecos_install/lib/libtarget.a(language_c_libc_strstr.o)
 .debug_pubnames
                0x0001600f       0x4c /cygdrive/Z/ZOT716U2W_SDK_0.01/ecos/ecos_install/lib/libtarget.a(language_c_libc_strsuppt.o)
 .debug_pubnames
                0x0001605b       0x2c /cygdrive/Z/ZOT716U2W_SDK_0.01/ecos/ecos_install/lib/libtarget.a(language_c_libc_strtok.o)
 .debug_pubnames
                0x00016087       0x1e /cygdrive/Z/ZOT716U2W_SDK_0.01/ecos/ecos_install/lib/libtarget.a(language_c_libc_ctime.o)
 .debug_pubnames
                0x000160a5       0x42 /cygdrive/Z/ZOT716U2W_SDK_0.01/ecos/ecos_install/lib/libtarget.a(language_c_libc_localtime.o)
 .debug_pubnames
                0x000160e7       0x24 /cygdrive/Z/ZOT716U2W_SDK_0.01/ecos/ecos_install/lib/libtarget.a(language_c_libc_localtime_r.o)
 .debug_pubnames
                0x0001610b       0x1d /cygdrive/Z/ZOT716U2W_SDK_0.01/ecos/ecos_install/lib/libtarget.a(language_c_libc_time.o)
 .debug_pubnames
                0x00016128      0x197 /cygdrive/Z/ZOT716U2W_SDK_0.01/ecos/ecos_install/lib/libtarget.a(language_c_libc_timeutil.o)
 .debug_pubnames
                0x000162bf       0x7b /cygdrive/Z/ZOT716U2W_SDK_0.01/ecos/ecos_install/lib/libtarget.a(devs_wallclock_emulate.o)
 .debug_pubnames
                0x0001633a       0x20 /cygdrive/Z/ZOT716U2W_SDK_0.01/ecos/ecos_install/lib/libtarget.a(error_strerror.o)
 .debug_pubnames
                0x0001635a       0x99 /cygdrive/Z/ZOT716U2W_SDK_0.01/ecos/ecos_install/lib/libtarget.a(hal_arm_arch_hal_misc.o)
 .debug_pubnames
                0x000163f3      0x113 /cygdrive/Z/ZOT716U2W_SDK_0.01/ecos/ecos_install/lib/libtarget.a(hal_arm_zot716u2_zot716u2_misc.o)
 .debug_pubnames
                0x00016506       0x53 /cygdrive/Z/ZOT716U2W_SDK_0.01/ecos/ecos_install/lib/libtarget.a(hal_arm_zot716u2_hal_diag.o)
 .debug_pubnames
                0x00016559       0x3d /cygdrive/Z/ZOT716U2W_SDK_0.01/ecos/ecos_install/lib/libtarget.a(infra_delete.o)
 .debug_pubnames
                0x00016596      0x22d /cygdrive/Z/ZOT716U2W_SDK_0.01/ecos/ecos_install/lib/libtarget.a(kernel_clock.o)
 .debug_pubnames
                0x000167c3       0x1c /cygdrive/Z/ZOT716U2W_SDK_0.01/ecos/ecos_install/lib/libtarget.a(language_c_libc_errno.o)
 .debug_pubnames
                0x000167df       0x1f /cygdrive/Z/ZOT716U2W_SDK_0.01/ecos/ecos_install/lib/libtarget.a(language_c_libc_setvbuf.o)
 .debug_pubnames
                0x000167fe       0x2c /cygdrive/Z/ZOT716U2W_SDK_0.01/ecos/ecos_install/lib/libtarget.a(language_c_libc_stderr.o)
 .debug_pubnames
                0x0001682a       0x33 /cygdrive/Z/ZOT716U2W_SDK_0.01/ecos/ecos_install/lib/libtarget.a(language_c_libc_stdiosupp.o)
 .debug_pubnames
                0x0001685d       0x1c /cygdrive/Z/ZOT716U2W_SDK_0.01/ecos/ecos_install/lib/libtarget.a(language_c_libc_div.o)
 .debug_pubnames
                0x00016879       0x3e /cygdrive/Z/ZOT716U2W_SDK_0.01/ecos/ecos_install/lib/libtarget.a(language_c_libc_asctime.o)
 .debug_pubnames
                0x000168b7       0x22 /cygdrive/Z/ZOT716U2W_SDK_0.01/ecos/ecos_install/lib/libtarget.a(language_c_libc_asctime_r.o)
 .debug_pubnames
                0x000168d9       0x21 /cygdrive/Z/ZOT716U2W_SDK_0.01/ecos/ecos_install/lib/libtarget.a(language_c_libc_gmtime_r.o)
 .debug_pubnames
                0x000168fa       0x24 /cygdrive/Z/ZOT716U2W_SDK_0.01/ecos/ecos_install/lib/libtarget.a(language_c_libc_itoa.o)
 .debug_pubnames
                0x0001691e       0x20 /tools/H-i686-pc-cygwin/lib/gcc-lib/arm-elf/2.95.2/libgcc.a(_udivdi3.o)
 .debug_pubnames
                0x0001693e       0x20 /tools/H-i686-pc-cygwin/lib/gcc-lib/arm-elf/2.95.2/libgcc.a(_umoddi3.o)

.debug_info     0x00000000   0xa4a81e
 *(.debug_info)
 .debug_info    0x00000000      0xebd /cygdrive/Z/ZOT716U2W_SDK_0.01/prod/zot716u2w/build/obj/zotmain.o
 .debug_info    0x00000ebd     0x24e5 ./lib/mac.a(star_nic.o)
 .debug_info    0x000033a2     0x3871 ./lib/usb_host.a(usb.o)
 .debug_info    0x00006c13     0x29dc ./lib/usb_host.a(hub.o)
 .debug_info    0x000095ef     0x3329 ./lib/usb_host.a(printer.o)
 .debug_info    0x0000c918     0x30b1 ./lib/usb_host.a(ehcihcd.o)
 .debug_info    0x0000f9c9     0x2b89 ./lib/usb_host.a(ehcihub.o)
 .debug_info    0x00012552     0x2ac7 ./lib/usb_host.a(ehcimem.o)
 .debug_info    0x00015019     0x32ae ./lib/usb_host.a(ehciq.o)
 .debug_info    0x000182c7     0x3547 ./lib/usb_host.a(ehcische.o)
 .debug_info    0x0001b80e     0x34f1 ./lib/usb_host.a(u2hcd.o)
 .debug_info    0x0001ecff     0x4033 ./lib/usb_host.a(ohci.o)
 .debug_info    0x00022d32     0x4e76 ./lib/usb_host.a(usbnet.o)
 .debug_info    0x00027ba8       0x59 ./lib/usb_host.a(hp1020.o)
 .debug_info    0x00027c01     0x2a30 ./lib/psglobal.a(psmain.o)
 .debug_info    0x0002a631     0x1b7a ./lib/psglobal.a(eeprom.o)
 .debug_info    0x0002c1ab     0x22f2 ./lib/psglobal.a(rwflash.o)
 .debug_info    0x0002e49d      0xe69 ./lib/psglobal.a(led.o)
 .debug_info    0x0002f306     0x3aa2 ./lib/psglobal.a(pkdriver.o)
 .debug_info    0x00032da8      0xf43 ./lib/psglobal.a(io.o)
 .debug_info    0x00033ceb     0x1150 ./lib/psglobal.a(spiflash.o)
 .debug_info    0x00034e3b       0xaa ./lib/psglobal.a(crc32.o)
 .debug_info    0x00034ee5      0xd44 ./lib/psglobal.a(pm.o)
 .debug_info    0x00035c29     0x2351 ./lib/psglobal.a(bridge.o)
 .debug_info    0x00037f7a       0xdb ./lib/http_zot.a(endmark.o)
 .debug_info    0x00038055     0x5830 ./lib/http_zot.a(httpd.o)
 .debug_info    0x0003d885     0x10fb ./lib/http_zot.a(http_constant.o)
 .debug_info    0x0003e980      0x441 ./lib/http_zot.a(gmtime.o)
 .debug_info    0x0003edc1     0x1069 ./lib/http_zot.a(pfs.o)
 .debug_info    0x0003fe2a     0x14dc ./lib/ipxbeui.a(ipx.o)
 .debug_info    0x00041306     0x3abc ./lib/ipxbeui.a(netbeui.o)
 .debug_info    0x00044dc2     0x3b7d ./lib/ntps.a(ntps.o)
 .debug_info    0x0004893f     0x4403 ./lib/ntps.a(ntudp.o)
 .debug_info    0x0004cd42     0x34ce ./lib/ntps.a(ntutil.o)
 .debug_info    0x00050210     0x4b3a ./lib/ntps.a(ntipxbeui.o)
 .debug_info    0x00054d4a     0x1501 ./lib/spooler.a(prnport.o)
 .debug_info    0x0005624b     0x19a3 ./lib/spooler.a(prnqueue.o)
 .debug_info    0x00057bee     0x43f8 ./lib/novell.a(nps3.o)
 .debug_info    0x0005bfe6      0x361 ./lib/novell.a(banner.o)
 .debug_info    0x0005c347      0x3c7 ./lib/nds.a(nwcrypt.o)
 .debug_info    0x0005c70e     0x2a11 ./lib/nds.a(ndsqueue.o)
 .debug_info    0x0005f11f     0x264d ./lib/nds.a(ndsmain.o)
 .debug_info    0x0006176c     0x3898 ./lib/nds.a(ndslogin.o)
 .debug_info    0x00065004     0x18d7 ./lib/nds.a(mpilib.o)
 .debug_info    0x000668db     0x118f ./lib/nds.a(ndscrypt.o)
 .debug_info    0x00067a6a     0x37f8 ./lib/lpd.a(lpd.o)
 .debug_info    0x0006b262     0x21ba ./lib/rawtcpd.a(rawtcpd.o)
 .debug_info    0x0006d41c     0x3774 ./lib/ippd.a(ippd.o)
 .debug_info    0x00070b90      0xce6 ./lib/ippd.a(ippd_constant.o)
 .debug_info    0x00071876     0x582b ./lib/smbd.a(smbinit.o)
 .debug_info    0x000770a1     0x2694 ./lib/smbd.a(nmbd.o)
 .debug_info    0x00079735     0x3723 ./lib/smbd.a(server.o)
 .debug_info    0x0007ce58     0x3563 ./lib/smbd.a(n_packet.o)
 .debug_info    0x000803bb     0x24f8 ./lib/smbd.a(intface.o)
 .debug_info    0x000828b3     0x37c6 ./lib/smbd.a(nmblib.o)
 .debug_info    0x00086079     0x2882 ./lib/smbd.a(utilsock.o)
 .debug_info    0x000888fb     0x324a ./lib/smbd.a(n_ann.o)
 .debug_info    0x0008bb45     0x3334 ./lib/smbd.a(n_name.o)
 .debug_info    0x0008ee79     0x3006 ./lib/smbd.a(n_reg.o)
 .debug_info    0x00091e7f     0x32e7 ./lib/smbd.a(n_req.o)
 .debug_info    0x00095166     0x3259 ./lib/smbd.a(n_subnet.o)
 .debug_info    0x000983bf     0x38d8 ./lib/smbd.a(unistr.o)
 .debug_info    0x0009bc97     0x294e ./lib/smbd.a(conn.o)
 .debug_info    0x0009e5e5     0x380d ./lib/smbd.a(process.o)
 .debug_info    0x000a1df2     0x39a6 ./lib/smbd.a(nttrans.o)
 .debug_info    0x000a5798     0x37da ./lib/smbd.a(pipes.o)
 .debug_info    0x000a8f72     0x3c15 ./lib/smbd.a(srvpipe.o)
 .debug_info    0x000acb87     0x3bba ./lib/smbd.a(parserpc.o)
 .debug_info    0x000b0741     0x3dd6 ./lib/smbd.a(parseprs.o)
 .debug_info    0x000b4517     0x36f7 ./lib/smbd.a(spipe.o)
 .debug_info    0x000b7c0e     0x3491 ./lib/smbd.a(reply.o)
 .debug_info    0x000bb09f     0x36fc ./lib/smbd.a(srvwksvc.o)
 .debug_info    0x000be79b     0x4adf ./lib/smbd.a(srvsvc.o)
 .debug_info    0x000c327a     0x43ce ./lib/smbd.a(srvreg.o)
 .debug_info    0x000c7648     0x3806 ./lib/smbd.a(parsewks.o)
 .debug_info    0x000cae4e     0x3a9e ./lib/smbd.a(parsemis.o)
 .debug_info    0x000ce8ec     0x4ebc ./lib/smbd.a(parsesrv.o)
 .debug_info    0x000d37a8     0x213e ./lib/smbd.a(util_hnd.o)
 .debug_info    0x000d58e6     0x43fd ./lib/smbd.a(parsereg.o)
 .debug_info    0x000d9ce3     0x531e ./lib/smbd.a(ipc.o)
 .debug_info    0x000df001     0x2de0 ./lib/smbd.a(smbutil.o)
 .debug_info    0x000e1de1     0x271f ./lib/smbd.a(negprot.o)
 .debug_info    0x000e4500     0x2673 ./lib/telnet.a(telserv.o)
 .debug_info    0x000e6b73     0x4d2b ./lib/telnet.a(telutil.o)
 .debug_info    0x000eb89e     0x2a72 ./lib/telnet.a(menu.o)
 .debug_info    0x000ee310     0x33dc ./lib/tftp_zot.a(tftpd.o)
 .debug_info    0x000f16ec     0x1ac8 ./lib/tcpip.a(etharp.o)
 .debug_info    0x000f31b4     0x2ffd ./lib/tcpip.a(tcpip.o)
 .debug_info    0x000f61b1     0x201f ./lib/tcpip.a(ip.o)
 .debug_info    0x000f81d0     0x168c ./lib/tcpip.a(icmp.o)
 .debug_info    0x000f985c     0x1193 ./lib/tcpip.a(ip_addr.o)
 .debug_info    0x000fa9ef     0x1878 ./lib/tcpip.a(ip_frag.o)
 .debug_info    0x000fc267     0x2ba3 ./lib/tcpip.a(sockets.o)
 .debug_info    0x000fee0a     0x271a ./lib/tcpip.a(api_lib.o)
 .debug_info    0x00101524     0x256c ./lib/tcpip.a(api_msg.o)
 .debug_info    0x00103a90     0x11df ./lib/tcpip.a(mem.o)
 .debug_info    0x00104c6f     0x23bc ./lib/tcpip.a(memp.o)
 .debug_info    0x0010702b     0x1006 ./lib/tcpip.a(sys.o)
 .debug_info    0x00108031     0x14f0 ./lib/tcpip.a(pbuf.o)
 .debug_info    0x00109521      0x523 ./lib/tcpip.a(stats.o)
 .debug_info    0x00109a44     0x17c3 ./lib/tcpip.a(raw.o)
 .debug_info    0x0010b207     0x1aa7 ./lib/tcpip.a(udp.o)
 .debug_info    0x0010ccae     0x2215 ./lib/tcpip.a(tcp.o)
 .debug_info    0x0010eec3     0x1fbd ./lib/tcpip.a(tcp_in.o)
 .debug_info    0x00110e80     0x2005 ./lib/tcpip.a(tcp_out.o)
 .debug_info    0x00112e85     0x2cb5 ./lib/tcpip.a(dhcp.o)
 .debug_info    0x00115b3a     0x1c94 ./lib/tcpip.a(netif.o)
 .debug_info    0x001177ce      0x635 ./lib/tcpip.a(inet.o)
 .debug_info    0x00117e03     0x13c7 ./lib/tcpip.a(sys_arch.o)
 .debug_info    0x001191ca     0x2418 ./lib/atalk.a(ddp.o)
 .debug_info    0x0011b5e2     0x2b80 ./lib/atalk.a(aarp.o)
 .debug_info    0x0011e162     0x1cca ./lib/atalk.a(aep.o)
 .debug_info    0x0011fe2c     0x2d9f ./lib/atalk.a(nbp.o)
 .debug_info    0x00122bcb     0x2298 ./lib/atalk.a(atalkd.o)
 .debug_info    0x00124e63     0x2685 ./lib/atalk.a(zip.o)
 .debug_info    0x001274e8     0x1fda ./lib/atalk.a(file.o)
 .debug_info    0x001294c2     0x24e5 ./lib/atalk.a(papd.o)
 .debug_info    0x0012b9a7     0x2390 ./lib/atalk.a(socket2.o)
 .debug_info    0x0012dd37     0x1e53 ./lib/atalk.a(ddpsock.o)
 .debug_info    0x0012fb8a     0x2050 ./lib/atalk.a(atp_open.o)
 .debug_info    0x00131bda     0x203b ./lib/atalk.a(atp_clos.o)
 .debug_info    0x00133c15     0x1d8d ./lib/atalk.a(atp_bufs.o)
 .debug_info    0x001359a2     0x215e ./lib/atalk.a(atp_rsel.o)
 .debug_info    0x00137b00     0x1d73 ./lib/atalk.a(atp_rreq.o)
 .debug_info    0x00139873     0x1d70 ./lib/atalk.a(atp_srsp.o)
 .debug_info    0x0013b5e3     0x2c2d ./lib/atalk.a(session.o)
 .debug_info    0x0013e210     0x1666 ./lib/atalk.a(atp_pkt.o)
 .debug_info    0x0013f876     0x1d2b ./lib/atalk.a(atp_rrsp.o)
 .debug_info    0x001415a1     0x206c ./lib/atalk.a(atp_sreq.o)
 .debug_info    0x0014360d     0x24bb ./lib/atalk.a(magics.o)
 .debug_info    0x00145ac8     0x2147 ./lib/atalk.a(comment.o)
 .debug_info    0x00147c0f     0x21b9 ./lib/atalk.a(queries.o)
 .debug_info    0x00149dc8     0x2af0 ./lib/atalk.a(paprint.o)
 .debug_info    0x0014c8b8     0x2361 ./lib/snmp.a(snmpd.o)
 .debug_info    0x0014ec19     0x100e ./lib/snmp.a(mibmodl.o)
 .debug_info    0x0014fc27     0x2cca ./lib/snmp.a(snmpaget.o)
 .debug_info    0x001528f1     0x1d16 ./lib/snmp.a(asn1.o)
 .debug_info    0x00154607     0x231a ./lib/snmp.a(snmp.o)
 .debug_info    0x00156921     0x2c3b ./lib/snmp.a(snmp_api.o)
 .debug_info    0x0015955c     0x4e09 ./lib/snmp.a(snmpvars.o)
 .debug_info    0x0015e365     0x2651 ./lib/snmp.a(snmptrap.o)
 .debug_info    0x001609b6      0xe4f ./lib/psutility.a(joblog.o)
 .debug_info    0x00161805     0x2769 ./lib/psutility.a(alert.o)
 .debug_info    0x00163f6e     0x1953 ./lib/psutility.a(kmalloc.o)
 .debug_info    0x001658c1      0x22c ./lib/uart.a(serial.o)
 .debug_info    0x00165aed    0x1bc14 ./lib/mtk7601.a(mtk7601_dep.o)
 .debug_info    0x00181701    0x1f96e ./lib/mtk7601.a(rt_ate.o)
 .debug_info    0x001a106f     0x8abd ./lib/mtk7601.a(rt_linux.o)
 .debug_info    0x001a9b2c     0x6bc5 ./lib/mtk7601.a(rt_main_dev.o)
 .debug_info    0x001b06f1    0x1b07b ./lib/mtk7601.a(rt_profile.o)
 .debug_info    0x001cb76c    0x1c798 ./lib/mtk7601.a(rtmp_data.o)
 .debug_info    0x001e7f04    0x1cf81 ./lib/mtk7601.a(rtmp_init.o)
 .debug_info    0x00204e85    0x1b1ab ./lib/mtk7601.a(rtmp_init_inf.)
 .debug_info    0x00220030    0x1ae66 ./lib/mtk7601.a(rtmp_mac.o)
 .debug_info    0x0023ae96    0x1abce ./lib/mtk7601.a(rtmp_mcu.o)
 .debug_info    0x00255a64    0x1b2c0 ./lib/mtk7601.a(rtmp_phy.o)
 .debug_info    0x00270d24    0x1b7a9 ./lib/mtk7601.a(rtmp_timer.o)
 .debug_info    0x0028c4cd    0x1d80f ./lib/mtk7601.a(rt_qa.o)
 .debug_info    0x002a9cdc    0x1ba40 ./lib/mtk7601.a(rt_usb.o)
 .debug_info    0x002c571c    0x1c38c ./lib/mtk7601.a(rtusb_bulk.o)
 .debug_info    0x002e1aa8    0x1cfbd ./lib/mtk7601.a(rtusb_io.o)
 .debug_info    0x002fea65    0x1ce23 ./lib/mtk7601.a(spectrum.o)
 .debug_info    0x0031b888     0x971d ./lib/mtk7601.a(sta_ioctl.o)
 .debug_info    0x00324fa5    0x1ceae ./lib/mtk7601.a(sta_iwsc.o)
 .debug_info    0x00341e53    0x1d5f0 ./lib/mtk7601.a(sync.o)
 .debug_info    0x0035f443    0x1b3c8 ./lib/mtk7601.a(txpower.o)
 .debug_info    0x0037a80b     0x6b4b ./lib/mtk7601.a(usb_main_dev.o)
 .debug_info    0x00381356    0x1b11e ./lib/mtk7601.a(wpa.o)
 .debug_info    0x0039c474    0x218ee ./lib/mtk7601.a(wsc.o)
 .debug_info    0x003bdd62    0x1bc85 ./lib/mtk7601.a(wlanif.o)
 .debug_info    0x003d99e7    0x1af98 ./lib/mtk7601.a(mgmt_entrytb.o)
 .debug_info    0x003f497f    0x1b099 ./lib/mtk7601.a(cmm_sync.o)
 .debug_info    0x0040fa18     0x67bb ./lib/mtk7601.a(rt_os_util.o)
 .debug_info    0x004161d3    0x1b142 ./lib/mtk7601.a(mgmt_ht.o)
 .debug_info    0x00431315    0x1ef41 ./lib/mtk7601.a(wsc_tlv.o)
 .debug_info    0x00450256    0x1b052 ./lib/mtk7601.a(ps.o)
 .debug_info    0x0046b2a8    0x1b5b6 ./lib/mtk7601.a(ra_ctrl.o)
 .debug_info    0x0048685e    0x1add8 ./lib/mtk7601.a(wsc_v2.o)
 .debug_info    0x004a1636     0x5f01 ./lib/mtk7601.a(rt_usb_util.o)
 .debug_info    0x004a7537    0x1b18e ./lib/mtk7601.a(alg_legacy.o)
 .debug_info    0x004c26c5     0x5c59 ./lib/mtk7601.a(rtusb_dev_id.o)
 .debug_info    0x004c831e    0x1c67d ./lib/mtk7601.a(cmm_wpa_adhoc.o)
 .debug_info    0x004e499b    0x1b75a ./lib/mtk7601.a(action.o)
 .debug_info    0x005000f5    0x1c436 ./lib/mtk7601.a(assoc.o)
 .debug_info    0x0051c52b    0x1b2f4 ./lib/mtk7601.a(ate_usb.o)
 .debug_info    0x0053781f    0x1b586 ./lib/mtk7601.a(auth.o)
 .debug_info    0x00552da5    0x1cf20 ./lib/mtk7601.a(ba_action.o)
 .debug_info    0x0056fcc5    0x1c356 ./lib/mtk7601.a(cmm_asic.o)
 .debug_info    0x0058c01b    0x1bfc2 ./lib/mtk7601.a(cmm_cfg.o)
 .debug_info    0x005a7fdd    0x1ac0b ./lib/mtk7601.a(cmm_cmd.o)
 .debug_info    0x005c2be8    0x1dd89 ./lib/mtk7601.a(cmm_data.o)
 .debug_info    0x005e0971    0x1c0dd ./lib/mtk7601.a(cmm_data_usb.o)
 .debug_info    0x005fca4e    0x1fd69 ./lib/mtk7601.a(cmm_info.o)
 .debug_info    0x0061c7b7    0x1c035 ./lib/mtk7601.a(cmm_mac_usb.o)
 .debug_info    0x006387ec    0x1d11d ./lib/mtk7601.a(cmm_profile.o)
 .debug_info    0x00655909    0x1adb3 ./lib/mtk7601.a(cmm_radar.o)
 .debug_info    0x006706bc    0x1c58c ./lib/mtk7601.a(cmm_sanity.o)
 .debug_info    0x0068cc48    0x1b613 ./lib/mtk7601.a(cmm_tkip.o)
 .debug_info    0x006a825b    0x1af33 ./lib/mtk7601.a(cmm_wep.o)
 .debug_info    0x006c318e    0x1eb8c ./lib/mtk7601.a(cmm_wpa.o)
 .debug_info    0x006e1d1a    0x1d089 ./lib/mtk7601.a(connect.o)
 .debug_info    0x006feda3    0x1c0df ./lib/mtk7601.a(crypt_aes.o)
 .debug_info    0x0071ae82    0x1ac20 ./lib/mtk7601.a(crypt_arc4.o)
 .debug_info    0x00735aa2    0x1af1c ./lib/mtk7601.a(crypt_dh.o)
 .debug_info    0x007509be    0x1ad99 ./lib/mtk7601.a(crypt_hmac.o)
 .debug_info    0x0076b757    0x1ad2a ./lib/mtk7601.a(crypt_md5.o)
 .debug_info    0x00786481    0x1b074 ./lib/mtk7601.a(crypt_sha2.o)
 .debug_info    0x007a14f5    0x1c05c ./lib/mtk7601.a(ee_efuse.o)
 .debug_info    0x007bd551    0x1ace8 ./lib/mtk7601.a(rt_eeprom.o)
 .debug_info    0x007d8239    0x1b25f ./lib/mtk7601.a(frq_cal.o)
 .debug_info    0x007f3498    0x1e38a ./lib/mtk7601.a(mlme.o)
 .debug_info    0x00811822    0x1bd2f ./lib/mtk7601.a(mt7601_ate.o)
 .debug_info    0x0082d551    0x1dd48 ./lib/mtk7601.a(mt7601.o)
 .debug_info    0x0084b299    0x1abb0 ./lib/mtk7601.a(ral_omac.o)
 .debug_info    0x00865e49    0x1ad15 ./lib/mtk7601.a(rlt_rf.o)
 .debug_info    0x00880b5e    0x1b37e ./lib/mtk7601.a(rt_channel.o)
 .debug_info    0x0089bedc    0x1d48f ./lib/mtk7601.a(rtmp_and.o)
 .debug_info    0x008b936b    0x1b26f ./lib/mtk7601.a(rtmp_chip.o)
 .debug_info    0x008d45da    0x1b025 ./lib/mtk7601.a(rtmp_M51.o)
 .debug_info    0x008ef5ff    0x1b06b ./lib/mtk7601.a(sanity.o)
 .debug_info    0x0090a66a    0x1afba ./lib/mtk7601.a(scan.o)
 .debug_info    0x00925624    0x24307 ./lib/mtk7601.a(sta_cfg.o)
 .debug_info    0x0094992b    0x1add5 ./lib/mtk7601.a(auth_rsp.o)
 .debug_info    0x00964700    0x1b834 ./lib/mtk7601.a(cmm_aes.o)
 .debug_info    0x0097ff34    0x1b64e ./lib/mtk7601.a(crypt_biginteger.o)
 .debug_info    0x0099b582     0x9504 /cygdrive/Z/ZOT716U2W_SDK_0.01/ecos/ecos_install/lib/extras.o
 .debug_info    0x009a4a86     0x4d06 /cygdrive/Z/ZOT716U2W_SDK_0.01/ecos/ecos_install/lib/libtarget.a(infra_startup.o)
 .debug_info    0x009a978c      0x3ec /cygdrive/Z/ZOT716U2W_SDK_0.01/ecos/ecos_install/lib/libtarget.a(infra_prestart.o)
 .debug_info    0x009a9b78      0x3f1 /cygdrive/Z/ZOT716U2W_SDK_0.01/ecos/ecos_install/lib/libtarget.a(infra_pkgstart.o)
 .debug_info    0x009a9f69      0xc9f /cygdrive/Z/ZOT716U2W_SDK_0.01/ecos/ecos_install/lib/libtarget.a(infra_diag.o)
 .debug_info    0x009aac08      0x4ae /cygdrive/Z/ZOT716U2W_SDK_0.01/ecos/ecos_install/lib/libtarget.a(infra_memcpy.o)
 .debug_info    0x009ab0b6      0x4b7 /cygdrive/Z/ZOT716U2W_SDK_0.01/ecos/ecos_install/lib/libtarget.a(infra_memset.o)
 .debug_info    0x009ab56d     0xd4a6 /cygdrive/Z/ZOT716U2W_SDK_0.01/ecos/ecos_install/lib/libtarget.a(kernel_kapi.o)
 .debug_info    0x009b8a13     0x73e1 /cygdrive/Z/ZOT716U2W_SDK_0.01/ecos/ecos_install/lib/libtarget.a(kernel_thread.o)
 .debug_info    0x009bfdf4     0x4ee1 /cygdrive/Z/ZOT716U2W_SDK_0.01/ecos/ecos_install/lib/libtarget.a(kernel_except.o)
 .debug_info    0x009c4cd5     0x5d29 /cygdrive/Z/ZOT716U2W_SDK_0.01/ecos/ecos_install/lib/libtarget.a(kernel_intr.o)
 .debug_info    0x009ca9fe     0x737b /cygdrive/Z/ZOT716U2W_SDK_0.01/ecos/ecos_install/lib/libtarget.a(kernel_memfixed.o)
 .debug_info    0x009d1d79     0x78cd /cygdrive/Z/ZOT716U2W_SDK_0.01/ecos/ecos_install/lib/libtarget.a(kernel_memvar.o)
 .debug_info    0x009d9646     0x54d7 /cygdrive/Z/ZOT716U2W_SDK_0.01/ecos/ecos_install/lib/libtarget.a(kernel_mlqueue.o)
 .debug_info    0x009deb1d     0x5691 /cygdrive/Z/ZOT716U2W_SDK_0.01/ecos/ecos_install/lib/libtarget.a(kernel_sched.o)
 .debug_info    0x009e41ae     0x5e6d /cygdrive/Z/ZOT716U2W_SDK_0.01/ecos/ecos_install/lib/libtarget.a(kernel_cnt_sem.o)
 .debug_info    0x009ea01b     0x5e1f /cygdrive/Z/ZOT716U2W_SDK_0.01/ecos/ecos_install/lib/libtarget.a(kernel_flag.o)
 .debug_info    0x009efe3a     0x7556 /cygdrive/Z/ZOT716U2W_SDK_0.01/ecos/ecos_install/lib/libtarget.a(kernel_mbox.o)
 .debug_info    0x009f7390     0x6535 /cygdrive/Z/ZOT716U2W_SDK_0.01/ecos/ecos_install/lib/libtarget.a(kernel_mutex.o)
 .debug_info    0x009fd8c5      0x39f /cygdrive/Z/ZOT716U2W_SDK_0.01/ecos/ecos_install/lib/libtarget.a(language_c_libc_isalnum.o)
 .debug_info    0x009fdc64      0x39f /cygdrive/Z/ZOT716U2W_SDK_0.01/ecos/ecos_install/lib/libtarget.a(language_c_libc_isalpha.o)
 .debug_info    0x009fe003      0x39f /cygdrive/Z/ZOT716U2W_SDK_0.01/ecos/ecos_install/lib/libtarget.a(language_c_libc_isdigit.o)
 .debug_info    0x009fe3a2      0x39f /cygdrive/Z/ZOT716U2W_SDK_0.01/ecos/ecos_install/lib/libtarget.a(language_c_libc_islower.o)
 .debug_info    0x009fe741      0x39f /cygdrive/Z/ZOT716U2W_SDK_0.01/ecos/ecos_install/lib/libtarget.a(language_c_libc_isprint.o)
 .debug_info    0x009feae0      0x39f /cygdrive/Z/ZOT716U2W_SDK_0.01/ecos/ecos_install/lib/libtarget.a(language_c_libc_isspace.o)
 .debug_info    0x009fee7f      0x39f /cygdrive/Z/ZOT716U2W_SDK_0.01/ecos/ecos_install/lib/libtarget.a(language_c_libc_isupper.o)
 .debug_info    0x009ff21e      0x3a1 /cygdrive/Z/ZOT716U2W_SDK_0.01/ecos/ecos_install/lib/libtarget.a(language_c_libc_isxdigit.o)
 .debug_info    0x009ff5bf      0x39f /cygdrive/Z/ZOT716U2W_SDK_0.01/ecos/ecos_install/lib/libtarget.a(language_c_libc_toupper.o)
 .debug_info    0x009ff95e     0x3217 /cygdrive/Z/ZOT716U2W_SDK_0.01/ecos/ecos_install/lib/libtarget.a(language_c_libc_snprintf.o)
 .debug_info    0x00a02b75     0x31fd /cygdrive/Z/ZOT716U2W_SDK_0.01/ecos/ecos_install/lib/libtarget.a(language_c_libc_sprintf.o)
 .debug_info    0x00a05d72     0x3385 /cygdrive/Z/ZOT716U2W_SDK_0.01/ecos/ecos_install/lib/libtarget.a(language_c_libc_stdioinlines.o)
 .debug_info    0x00a090f7     0x37f3 /cygdrive/Z/ZOT716U2W_SDK_0.01/ecos/ecos_install/lib/libtarget.a(language_c_libc_stdout.o)
 .debug_info    0x00a0c8ea     0x35df /cygdrive/Z/ZOT716U2W_SDK_0.01/ecos/ecos_install/lib/libtarget.a(language_c_libc_stream.o)
 .debug_info    0x00a0fec9     0x3346 /cygdrive/Z/ZOT716U2W_SDK_0.01/ecos/ecos_install/lib/libtarget.a(language_c_libc_vsnprintf.o)
 .debug_info    0x00a1320f     0x3208 /cygdrive/Z/ZOT716U2W_SDK_0.01/ecos/ecos_install/lib/libtarget.a(language_c_libc_fprintf.o)
 .debug_info    0x00a16417     0x11c0 /cygdrive/Z/ZOT716U2W_SDK_0.01/ecos/ecos_install/lib/libtarget.a(language_c_libc_fputc.o)
 .debug_info    0x00a175d7     0x327b /cygdrive/Z/ZOT716U2W_SDK_0.01/ecos/ecos_install/lib/libtarget.a(language_c_libc_fputs.o)
 .debug_info    0x00a1a852     0x320f /cygdrive/Z/ZOT716U2W_SDK_0.01/ecos/ecos_install/lib/libtarget.a(language_c_libc_printf.o)
 .debug_info    0x00a1da61     0x1617 /cygdrive/Z/ZOT716U2W_SDK_0.01/ecos/ecos_install/lib/libtarget.a(language_c_libc_vfnprintf.o)
 .debug_info    0x00a1f078      0x647 /cygdrive/Z/ZOT716U2W_SDK_0.01/ecos/ecos_install/lib/libtarget.a(language_c_libc_atoi.o)
 .debug_info    0x00a1f6bf      0x647 /cygdrive/Z/ZOT716U2W_SDK_0.01/ecos/ecos_install/lib/libtarget.a(language_c_libc_atol.o)
 .debug_info    0x00a1fd06     0x5d98 /cygdrive/Z/ZOT716U2W_SDK_0.01/ecos/ecos_install/lib/libtarget.a(language_c_libc_malloc.o)
 .debug_info    0x00a25a9e     0x129f /cygdrive/Z/ZOT716U2W_SDK_0.01/ecos/ecos_install/lib/libtarget.a(language_c_libc_qsort.o)
 .debug_info    0x00a26d3d      0x6d6 /cygdrive/Z/ZOT716U2W_SDK_0.01/ecos/ecos_install/lib/libtarget.a(language_c_libc_rand.o)
 .debug_info    0x00a27413      0x6e7 /cygdrive/Z/ZOT716U2W_SDK_0.01/ecos/ecos_install/lib/libtarget.a(language_c_libc_strtol.o)
 .debug_info    0x00a27afa      0x54b /cygdrive/Z/ZOT716U2W_SDK_0.01/ecos/ecos_install/lib/libtarget.a(language_c_libc_memchr.o)
 .debug_info    0x00a28045      0x4fb /cygdrive/Z/ZOT716U2W_SDK_0.01/ecos/ecos_install/lib/libtarget.a(language_c_libc_memcmp.o)
 .debug_info    0x00a28540      0x4af /cygdrive/Z/ZOT716U2W_SDK_0.01/ecos/ecos_install/lib/libtarget.a(language_c_libc_memmove.o)
 .debug_info    0x00a289ef      0x4fd /cygdrive/Z/ZOT716U2W_SDK_0.01/ecos/ecos_install/lib/libtarget.a(language_c_libc_strcat.o)
 .debug_info    0x00a28eec      0x50c /cygdrive/Z/ZOT716U2W_SDK_0.01/ecos/ecos_install/lib/libtarget.a(language_c_libc_strchr.o)
 .debug_info    0x00a293f8      0x52f /cygdrive/Z/ZOT716U2W_SDK_0.01/ecos/ecos_install/lib/libtarget.a(language_c_libc_strcmp.o)
 .debug_info    0x00a29927      0x51f /cygdrive/Z/ZOT716U2W_SDK_0.01/ecos/ecos_install/lib/libtarget.a(language_c_libc_strcpy.o)
 .debug_info    0x00a29e46      0x4fa /cygdrive/Z/ZOT716U2W_SDK_0.01/ecos/ecos_install/lib/libtarget.a(language_c_libc_strlen.o)
 .debug_info    0x00a2a340      0x51c /cygdrive/Z/ZOT716U2W_SDK_0.01/ecos/ecos_install/lib/libtarget.a(language_c_libc_strncmp.o)
 .debug_info    0x00a2a85c      0x536 /cygdrive/Z/ZOT716U2W_SDK_0.01/ecos/ecos_install/lib/libtarget.a(language_c_libc_strncpy.o)
 .debug_info    0x00a2ad92      0x482 /cygdrive/Z/ZOT716U2W_SDK_0.01/ecos/ecos_install/lib/libtarget.a(language_c_libc_strpbrk.o)
 .debug_info    0x00a2b214      0x490 /cygdrive/Z/ZOT716U2W_SDK_0.01/ecos/ecos_install/lib/libtarget.a(language_c_libc_strrchr.o)
 .debug_info    0x00a2b6a4      0x49d /cygdrive/Z/ZOT716U2W_SDK_0.01/ecos/ecos_install/lib/libtarget.a(language_c_libc_strspn.o)
 .debug_info    0x00a2bb41      0x49e /cygdrive/Z/ZOT716U2W_SDK_0.01/ecos/ecos_install/lib/libtarget.a(language_c_libc_strstr.o)
 .debug_info    0x00a2bfdf      0x3c5 /cygdrive/Z/ZOT716U2W_SDK_0.01/ecos/ecos_install/lib/libtarget.a(language_c_libc_strsuppt.o)
 .debug_info    0x00a2c3a4      0x53f /cygdrive/Z/ZOT716U2W_SDK_0.01/ecos/ecos_install/lib/libtarget.a(language_c_libc_strtok.o)
 .debug_info    0x00a2c8e3      0x7ba /cygdrive/Z/ZOT716U2W_SDK_0.01/ecos/ecos_install/lib/libtarget.a(language_c_libc_ctime.o)
 .debug_info    0x00a2d09d      0x7d1 /cygdrive/Z/ZOT716U2W_SDK_0.01/ecos/ecos_install/lib/libtarget.a(language_c_libc_localtime.o)
 .debug_info    0x00a2d86e      0x808 /cygdrive/Z/ZOT716U2W_SDK_0.01/ecos/ecos_install/lib/libtarget.a(language_c_libc_localtime_r.o)
 .debug_info    0x00a2e076      0x953 /cygdrive/Z/ZOT716U2W_SDK_0.01/ecos/ecos_install/lib/libtarget.a(language_c_libc_time.o)
 .debug_info    0x00a2e9c9      0xb87 /cygdrive/Z/ZOT716U2W_SDK_0.01/ecos/ecos_install/lib/libtarget.a(language_c_libc_timeutil.o)
 .debug_info    0x00a2f550     0x51b7 /cygdrive/Z/ZOT716U2W_SDK_0.01/ecos/ecos_install/lib/libtarget.a(devs_wallclock_emulate.o)
 .debug_info    0x00a34707      0x42c /cygdrive/Z/ZOT716U2W_SDK_0.01/ecos/ecos_install/lib/libtarget.a(error_strerror.o)
 .debug_info    0x00a34b33      0x6c8 /cygdrive/Z/ZOT716U2W_SDK_0.01/ecos/ecos_install/lib/libtarget.a(hal_arm_arch_hal_misc.o)
 .debug_info    0x00a351fb      0xa43 /cygdrive/Z/ZOT716U2W_SDK_0.01/ecos/ecos_install/lib/libtarget.a(hal_arm_zot716u2_zot716u2_misc.o)
 .debug_info    0x00a35c3e      0x5ff /cygdrive/Z/ZOT716U2W_SDK_0.01/ecos/ecos_install/lib/libtarget.a(hal_arm_zot716u2_hal_diag.o)
 .debug_info    0x00a3623d      0x3e0 /cygdrive/Z/ZOT716U2W_SDK_0.01/ecos/ecos_install/lib/libtarget.a(infra_delete.o)
 .debug_info    0x00a3661d     0x63f1 /cygdrive/Z/ZOT716U2W_SDK_0.01/ecos/ecos_install/lib/libtarget.a(kernel_clock.o)
 .debug_info    0x00a3ca0e      0x409 /cygdrive/Z/ZOT716U2W_SDK_0.01/ecos/ecos_install/lib/libtarget.a(language_c_libc_errno.o)
 .debug_info    0x00a3ce17     0x3213 /cygdrive/Z/ZOT716U2W_SDK_0.01/ecos/ecos_install/lib/libtarget.a(language_c_libc_setvbuf.o)
 .debug_info    0x00a4002a     0x37f3 /cygdrive/Z/ZOT716U2W_SDK_0.01/ecos/ecos_install/lib/libtarget.a(language_c_libc_stderr.o)
 .debug_info    0x00a4381d     0x1382 /cygdrive/Z/ZOT716U2W_SDK_0.01/ecos/ecos_install/lib/libtarget.a(language_c_libc_stdiofiles.o)
 .debug_info    0x00a44b9f     0x3200 /cygdrive/Z/ZOT716U2W_SDK_0.01/ecos/ecos_install/lib/libtarget.a(language_c_libc_stdiosupp.o)
 .debug_info    0x00a47d9f      0x649 /cygdrive/Z/ZOT716U2W_SDK_0.01/ecos/ecos_install/lib/libtarget.a(language_c_libc_div.o)
 .debug_info    0x00a483e8      0x7e2 /cygdrive/Z/ZOT716U2W_SDK_0.01/ecos/ecos_install/lib/libtarget.a(language_c_libc_asctime.o)
 .debug_info    0x00a48bca      0xadd /cygdrive/Z/ZOT716U2W_SDK_0.01/ecos/ecos_install/lib/libtarget.a(language_c_libc_asctime_r.o)
 .debug_info    0x00a496a7      0x888 /cygdrive/Z/ZOT716U2W_SDK_0.01/ecos/ecos_install/lib/libtarget.a(language_c_libc_gmtime_r.o)
 .debug_info    0x00a49f2f      0x74d /cygdrive/Z/ZOT716U2W_SDK_0.01/ecos/ecos_install/lib/libtarget.a(language_c_libc_itoa.o)
 .debug_info    0x00a4a67c       0x62 /tools/H-i686-pc-cygwin/lib/gcc-lib/arm-elf/2.95.2/libgcc.a(_ctors.o)
 .debug_info    0x00a4a6de       0xa0 /tools/H-i686-pc-cygwin/lib/gcc-lib/arm-elf/2.95.2/libgcc.a(_udivdi3.o)
 .debug_info    0x00a4a77e       0xa0 /tools/H-i686-pc-cygwin/lib/gcc-lib/arm-elf/2.95.2/libgcc.a(_umoddi3.o)

.debug_abbrev   0x00000000    0x35dd9
 *(.debug_abbrev)
 .debug_abbrev  0x00000000      0x1c3 /cygdrive/Z/ZOT716U2W_SDK_0.01/prod/zot716u2w/build/obj/zotmain.o
 .debug_abbrev  0x000001c3      0x341 ./lib/mac.a(star_nic.o)
 .debug_abbrev  0x00000504      0x3ad ./lib/usb_host.a(usb.o)
 .debug_abbrev  0x000008b1      0x348 ./lib/usb_host.a(hub.o)
 .debug_abbrev  0x00000bf9      0x396 ./lib/usb_host.a(printer.o)
 .debug_abbrev  0x00000f8f      0x399 ./lib/usb_host.a(ehcihcd.o)
 .debug_abbrev  0x00001328      0x29b ./lib/usb_host.a(ehcihub.o)
 .debug_abbrev  0x000015c3      0x284 ./lib/usb_host.a(ehcimem.o)
 .debug_abbrev  0x00001847      0x3a1 ./lib/usb_host.a(ehciq.o)
 .debug_abbrev  0x00001be8      0x35d ./lib/usb_host.a(ehcische.o)
 .debug_abbrev  0x00001f45      0x34f ./lib/usb_host.a(u2hcd.o)
 .debug_abbrev  0x00002294      0x424 ./lib/usb_host.a(ohci.o)
 .debug_abbrev  0x000026b8      0x3b9 ./lib/usb_host.a(usbnet.o)
 .debug_abbrev  0x00002a71       0x42 ./lib/usb_host.a(hp1020.o)
 .debug_abbrev  0x00002ab3      0x39e ./lib/psglobal.a(psmain.o)
 .debug_abbrev  0x00002e51      0x2ad ./lib/psglobal.a(eeprom.o)
 .debug_abbrev  0x000030fe      0x2da ./lib/psglobal.a(rwflash.o)
 .debug_abbrev  0x000033d8      0x1cf ./lib/psglobal.a(led.o)
 .debug_abbrev  0x000035a7      0x392 ./lib/psglobal.a(pkdriver.o)
 .debug_abbrev  0x00003939      0x1d9 ./lib/psglobal.a(io.o)
 .debug_abbrev  0x00003b12      0x252 ./lib/psglobal.a(spiflash.o)
 .debug_abbrev  0x00003d64       0x83 ./lib/psglobal.a(crc32.o)
 .debug_abbrev  0x00003de7      0x1a1 ./lib/psglobal.a(pm.o)
 .debug_abbrev  0x00003f88      0x202 ./lib/psglobal.a(bridge.o)
 .debug_abbrev  0x0000418a       0x52 ./lib/http_zot.a(endmark.o)
 .debug_abbrev  0x000041dc      0x374 ./lib/http_zot.a(httpd.o)
 .debug_abbrev  0x00004550      0x188 ./lib/http_zot.a(http_constant.o)
 .debug_abbrev  0x000046d8      0x13e ./lib/http_zot.a(gmtime.o)
 .debug_abbrev  0x00004816      0x1ae ./lib/http_zot.a(pfs.o)
 .debug_abbrev  0x000049c4      0x2cd ./lib/ipxbeui.a(ipx.o)
 .debug_abbrev  0x00004c91      0x2e5 ./lib/ipxbeui.a(netbeui.o)
 .debug_abbrev  0x00004f76      0x2e6 ./lib/ntps.a(ntps.o)
 .debug_abbrev  0x0000525c      0x34d ./lib/ntps.a(ntudp.o)
 .debug_abbrev  0x000055a9      0x2dc ./lib/ntps.a(ntutil.o)
 .debug_abbrev  0x00005885      0x3de ./lib/ntps.a(ntipxbeui.o)
 .debug_abbrev  0x00005c63      0x24d ./lib/spooler.a(prnport.o)
 .debug_abbrev  0x00005eb0      0x27e ./lib/spooler.a(prnqueue.o)
 .debug_abbrev  0x0000612e      0x35b ./lib/novell.a(nps3.o)
 .debug_abbrev  0x00006489       0xe1 ./lib/novell.a(banner.o)
 .debug_abbrev  0x0000656a       0xe2 ./lib/nds.a(nwcrypt.o)
 .debug_abbrev  0x0000664c      0x351 ./lib/nds.a(ndsqueue.o)
 .debug_abbrev  0x0000699d      0x32e ./lib/nds.a(ndsmain.o)
 .debug_abbrev  0x00006ccb      0x375 ./lib/nds.a(ndslogin.o)
 .debug_abbrev  0x00007040      0x274 ./lib/nds.a(mpilib.o)
 .debug_abbrev  0x000072b4      0x202 ./lib/nds.a(ndscrypt.o)
 .debug_abbrev  0x000074b6      0x2c7 ./lib/lpd.a(lpd.o)
 .debug_abbrev  0x0000777d      0x1ed ./lib/rawtcpd.a(rawtcpd.o)
 .debug_abbrev  0x0000796a      0x2e4 ./lib/ippd.a(ippd.o)
 .debug_abbrev  0x00007c4e      0x140 ./lib/ippd.a(ippd_constant.o)
 .debug_abbrev  0x00007d8e      0x1fe ./lib/smbd.a(smbinit.o)
 .debug_abbrev  0x00007f8c      0x2ad ./lib/smbd.a(nmbd.o)
 .debug_abbrev  0x00008239      0x232 ./lib/smbd.a(server.o)
 .debug_abbrev  0x0000846b      0x33c ./lib/smbd.a(n_packet.o)
 .debug_abbrev  0x000087a7      0x1f9 ./lib/smbd.a(intface.o)
 .debug_abbrev  0x000089a0      0x2c6 ./lib/smbd.a(nmblib.o)
 .debug_abbrev  0x00008c66      0x25b ./lib/smbd.a(utilsock.o)
 .debug_abbrev  0x00008ec1      0x255 ./lib/smbd.a(n_ann.o)
 .debug_abbrev  0x00009116      0x2c1 ./lib/smbd.a(n_name.o)
 .debug_abbrev  0x000093d7      0x20a ./lib/smbd.a(n_reg.o)
 .debug_abbrev  0x000095e1      0x2d1 ./lib/smbd.a(n_req.o)
 .debug_abbrev  0x000098b2      0x24e ./lib/smbd.a(n_subnet.o)
 .debug_abbrev  0x00009b00      0x21a ./lib/smbd.a(unistr.o)
 .debug_abbrev  0x00009d1a      0x240 ./lib/smbd.a(conn.o)
 .debug_abbrev  0x00009f5a      0x2fb ./lib/smbd.a(process.o)
 .debug_abbrev  0x0000a255      0x271 ./lib/smbd.a(nttrans.o)
 .debug_abbrev  0x0000a4c6      0x29d ./lib/smbd.a(pipes.o)
 .debug_abbrev  0x0000a763      0x2d3 ./lib/smbd.a(srvpipe.o)
 .debug_abbrev  0x0000aa36      0x271 ./lib/smbd.a(parserpc.o)
 .debug_abbrev  0x0000aca7      0x274 ./lib/smbd.a(parseprs.o)
 .debug_abbrev  0x0000af1b      0x248 ./lib/smbd.a(spipe.o)
 .debug_abbrev  0x0000b163      0x295 ./lib/smbd.a(reply.o)
 .debug_abbrev  0x0000b3f8      0x235 ./lib/smbd.a(srvwksvc.o)
 .debug_abbrev  0x0000b62d      0x30d ./lib/smbd.a(srvsvc.o)
 .debug_abbrev  0x0000b93a      0x24f ./lib/smbd.a(srvreg.o)
 .debug_abbrev  0x0000bb89      0x1fc ./lib/smbd.a(parsewks.o)
 .debug_abbrev  0x0000bd85      0x233 ./lib/smbd.a(parsemis.o)
 .debug_abbrev  0x0000bfb8      0x2bb ./lib/smbd.a(parsesrv.o)
 .debug_abbrev  0x0000c273      0x19c ./lib/smbd.a(util_hnd.o)
 .debug_abbrev  0x0000c40f      0x1ef ./lib/smbd.a(parsereg.o)
 .debug_abbrev  0x0000c5fe      0x306 ./lib/smbd.a(ipc.o)
 .debug_abbrev  0x0000c904      0x2aa ./lib/smbd.a(smbutil.o)
 .debug_abbrev  0x0000cbae      0x229 ./lib/smbd.a(negprot.o)
 .debug_abbrev  0x0000cdd7      0x2a2 ./lib/telnet.a(telserv.o)
 .debug_abbrev  0x0000d079      0x34e ./lib/telnet.a(telutil.o)
 .debug_abbrev  0x0000d3c7      0x19c ./lib/telnet.a(menu.o)
 .debug_abbrev  0x0000d563      0x364 ./lib/tftp_zot.a(tftpd.o)
 .debug_abbrev  0x0000d8c7      0x23b ./lib/tcpip.a(etharp.o)
 .debug_abbrev  0x0000db02      0x36a ./lib/tcpip.a(tcpip.o)
 .debug_abbrev  0x0000de6c      0x211 ./lib/tcpip.a(ip.o)
 .debug_abbrev  0x0000e07d      0x191 ./lib/tcpip.a(icmp.o)
 .debug_abbrev  0x0000e20e      0x17c ./lib/tcpip.a(ip_addr.o)
 .debug_abbrev  0x0000e38a      0x240 ./lib/tcpip.a(ip_frag.o)
 .debug_abbrev  0x0000e5ca      0x29c ./lib/tcpip.a(sockets.o)
 .debug_abbrev  0x0000e866      0x2a8 ./lib/tcpip.a(api_lib.o)
 .debug_abbrev  0x0000eb0e      0x289 ./lib/tcpip.a(api_msg.o)
 .debug_abbrev  0x0000ed97      0x1e6 ./lib/tcpip.a(mem.o)
 .debug_abbrev  0x0000ef7d      0x20c ./lib/tcpip.a(memp.o)
 .debug_abbrev  0x0000f189      0x214 ./lib/tcpip.a(sys.o)
 .debug_abbrev  0x0000f39d      0x277 ./lib/tcpip.a(pbuf.o)
 .debug_abbrev  0x0000f614       0xd1 ./lib/tcpip.a(stats.o)
 .debug_abbrev  0x0000f6e5      0x229 ./lib/tcpip.a(raw.o)
 .debug_abbrev  0x0000f90e      0x244 ./lib/tcpip.a(udp.o)
 .debug_abbrev  0x0000fb52      0x2ad ./lib/tcpip.a(tcp.o)
 .debug_abbrev  0x0000fdff      0x231 ./lib/tcpip.a(tcp_in.o)
 .debug_abbrev  0x00010030      0x262 ./lib/tcpip.a(tcp_out.o)
 .debug_abbrev  0x00010292      0x2bd ./lib/tcpip.a(dhcp.o)
 .debug_abbrev  0x0001054f      0x243 ./lib/tcpip.a(netif.o)
 .debug_abbrev  0x00010792      0x15a ./lib/tcpip.a(inet.o)
 .debug_abbrev  0x000108ec      0x1f3 ./lib/tcpip.a(sys_arch.o)
 .debug_abbrev  0x00010adf      0x321 ./lib/atalk.a(ddp.o)
 .debug_abbrev  0x00010e00      0x348 ./lib/atalk.a(aarp.o)
 .debug_abbrev  0x00011148      0x20a ./lib/atalk.a(aep.o)
 .debug_abbrev  0x00011352      0x2eb ./lib/atalk.a(nbp.o)
 .debug_abbrev  0x0001163d      0x1cf ./lib/atalk.a(atalkd.o)
 .debug_abbrev  0x0001180c      0x24a ./lib/atalk.a(zip.o)
 .debug_abbrev  0x00011a56      0x1f9 ./lib/atalk.a(file.o)
 .debug_abbrev  0x00011c4f      0x270 ./lib/atalk.a(papd.o)
 .debug_abbrev  0x00011ebf      0x2b4 ./lib/atalk.a(socket2.o)
 .debug_abbrev  0x00012173      0x201 ./lib/atalk.a(ddpsock.o)
 .debug_abbrev  0x00012374      0x222 ./lib/atalk.a(atp_open.o)
 .debug_abbrev  0x00012596      0x20f ./lib/atalk.a(atp_clos.o)
 .debug_abbrev  0x000127a5      0x21b ./lib/atalk.a(atp_bufs.o)
 .debug_abbrev  0x000129c0      0x241 ./lib/atalk.a(atp_rsel.o)
 .debug_abbrev  0x00012c01      0x1f4 ./lib/atalk.a(atp_rreq.o)
 .debug_abbrev  0x00012df5      0x21e ./lib/atalk.a(atp_srsp.o)
 .debug_abbrev  0x00013013      0x26d ./lib/atalk.a(session.o)
 .debug_abbrev  0x00013280      0x258 ./lib/atalk.a(atp_pkt.o)
 .debug_abbrev  0x000134d8      0x1e5 ./lib/atalk.a(atp_rrsp.o)
 .debug_abbrev  0x000136bd      0x22d ./lib/atalk.a(atp_sreq.o)
 .debug_abbrev  0x000138ea      0x287 ./lib/atalk.a(magics.o)
 .debug_abbrev  0x00013b71      0x21e ./lib/atalk.a(comment.o)
 .debug_abbrev  0x00013d8f      0x232 ./lib/atalk.a(queries.o)
 .debug_abbrev  0x00013fc1      0x22c ./lib/atalk.a(paprint.o)
 .debug_abbrev  0x000141ed      0x1f3 ./lib/snmp.a(snmpd.o)
 .debug_abbrev  0x000143e0      0x147 ./lib/snmp.a(mibmodl.o)
 .debug_abbrev  0x00014527      0x28f ./lib/snmp.a(snmpaget.o)
 .debug_abbrev  0x000147b6      0x1d5 ./lib/snmp.a(asn1.o)
 .debug_abbrev  0x0001498b      0x1ab ./lib/snmp.a(snmp.o)
 .debug_abbrev  0x00014b36      0x2ee ./lib/snmp.a(snmp_api.o)
 .debug_abbrev  0x00014e24      0x306 ./lib/snmp.a(snmpvars.o)
 .debug_abbrev  0x0001512a      0x215 ./lib/snmp.a(snmptrap.o)
 .debug_abbrev  0x0001533f      0x19d ./lib/psutility.a(joblog.o)
 .debug_abbrev  0x000154dc      0x2f3 ./lib/psutility.a(alert.o)
 .debug_abbrev  0x000157cf      0x2a0 ./lib/psutility.a(kmalloc.o)